┏━━━━━━━┳━━━━━━━━━┳━━━━━━━━━━┳━━━━━━━━━━━━━━━━━━━━━━━━━━━━━━━━━━┳━━━━━━━━━━━━━━┳━━━━━━━┓
┃ P / R ┃ Partial ┃ Required ┃ Net                              ┃ Pin          ┃ Layer ┃
┡━━━━━━━╇━━━━━━━━━╇━━━━━━━━━━╇━━━━━━━━━━━━━━━━━━━━━━━━━━━━━━━━━━╇━━━━━━━━━━━━━━╇━━━━━━━┩
│ 4.48  │ 1793.34 │ 400.00   │ _11235_                          │ fanout661/A  │ met4  │
│ 4.39  │ 1756.88 │ 400.00   │ _10603_                          │ fanout1048/A │ met3  │
│ 3.75  │ 1501.40 │ 400.00   │ _11114_                          │ _29195_/A1   │ met3  │
│ 3.59  │ 1434.47 │ 400.00   │ chacha_unit.U_QR_COL_0.in_d[6\]  │ _24542_/A0   │ met3  │
│ 3.59  │ 1434.47 │ 400.00   │ chacha_unit.U_QR_COL_0.in_d[6\]  │ _27598_/A    │ met3  │
│ 3.59  │ 1434.47 │ 400.00   │ chacha_unit.U_QR_COL_0.in_d[6\]  │ _27599_/A    │ met3  │
│ 3.36  │ 1343.86 │ 400.00   │ chacha_unit.U_QR_COL_0.in_c[11\] │ _23220_/A0   │ met3  │
│ 3.36  │ 1343.86 │ 400.00   │ chacha_unit.U_QR_COL_0.in_c[11\] │ _26645_/B    │ met3  │
│ 3.36  │ 1343.86 │ 400.00   │ chacha_unit.U_QR_COL_0.in_c[11\] │ _26646_/B    │ met3  │
│ 3.31  │ 1325.83 │ 400.00   │ chacha_unit.U_QR_COL_1.in_d[11\] │ _28560_/A0   │ met1  │
│ 3.10  │ 1241.59 │ 400.00   │ chacha_unit.key[62\]             │ _29305_/A1   │ met3  │
│ 3.03  │ 1211.23 │ 400.00   │ net670                           │ fanout667/A  │ met3  │
│ 3.01  │ 1205.33 │ 400.00   │ chacha_unit.U_QR_COL_1.in_a[5\]  │ _15711_/A0   │ met1  │
│ 2.98  │ 1190.69 │ 400.00   │ chacha_unit.key[161\]            │ _29098_/A1   │ met1  │
│ 2.69  │ 1076.17 │ 400.00   │ _14685_                          │ _18719_/A    │ met1  │
│ 2.52  │ 1008.23 │ 400.00   │ chacha_unit.U_QR_COL_3.in_d[3\]  │ _28318_/A    │ met1  │
│ 2.52  │ 1006.64 │ 400.00   │ _06721_                          │ _23672_/B    │ met3  │
│ 2.51  │ 1005.86 │ 400.00   │ chacha_unit.U_QR_COL_1.in_c[10\] │ _26885_/B    │ met1  │
│ 2.44  │ 976.96  │ 400.00   │ chacha_unit.U_QR_COL_3.in_d[4\]  │ _28326_/A    │ met3  │
│ 2.44  │ 976.96  │ 400.00   │ chacha_unit.U_QR_COL_3.in_d[4\]  │ _28327_/A    │ met3  │
│ 2.44  │ 976.96  │ 400.00   │ chacha_unit.U_QR_COL_3.in_d[4\]  │ _31201_/A0   │ met3  │
│ 2.41  │ 962.96  │ 400.00   │ chacha_unit.U_QR_COL_3.in_d[13\] │ _28399_/A    │ met3  │
│ 2.41  │ 962.96  │ 400.00   │ chacha_unit.U_QR_COL_3.in_d[13\] │ _28400_/A    │ met3  │
│ 2.41  │ 962.96  │ 400.00   │ chacha_unit.U_QR_COL_3.in_d[13\] │ _31210_/A0   │ met3  │
│ 2.36  │ 942.14  │ 400.00   │ _11381_                          │ fanout430/A  │ met3  │
│ 2.35  │ 938.84  │ 400.00   │ chacha_unit.U_QR_COL_2.in_c[23\] │ _17998_/A    │ met3  │
│ 2.35  │ 938.84  │ 400.00   │ chacha_unit.U_QR_COL_2.in_c[23\] │ _17999_/A    │ met3  │
│ 2.26  │ 905.69  │ 400.00   │ _11109_                          │ _29190_/B    │ met1  │
│ 2.24  │ 896.22  │ 400.00   │ chacha_unit.U_QR_COL_2.in_a[26\] │ _17864_/A    │ met1  │
│ 2.08  │ 831.21  │ 400.00   │ _06413_                          │ _23321_/A2_N │ met3  │
│ 2.05  │ 818.08  │ 400.00   │ chacha_unit.key[28\]             │ _29291_/A0   │ met1  │
│ 2.01  │ 804.89  │ 400.00   │ chacha_unit.key[106\]            │ _23835_/A1   │ met1  │
│ 1.96  │ 783.97  │ 400.00   │ net854                           │ fanout853/A  │ met3  │
│ 1.94  │ 774.97  │ 400.00   │ chacha_unit.U_QR_COL_0.in_a[14\] │ _15784_/A0   │ met3  │
│ 1.94  │ 774.97  │ 400.00   │ chacha_unit.U_QR_COL_0.in_a[14\] │ _24677_/B    │ met3  │
│ 1.94  │ 774.97  │ 400.00   │ chacha_unit.U_QR_COL_0.in_a[14\] │ _24678_/B    │ met3  │
│ 1.90  │ 761.37  │ 400.00   │ _06711_                          │ _23661_/B    │ met3  │
│ 1.78  │ 710.83  │ 400.00   │ chacha_unit.U_QR_COL_3.in_a[10\] │ _23774_/A0   │ met1  │
│ 1.73  │ 690.48  │ 400.00   │ net645                           │ fanout642/A  │ met2  │
│ 1.73  │ 690.48  │ 400.00   │ net645                           │ fanout644/A  │ met2  │
│ 1.72  │ 688.73  │ 400.00   │ net185                           │ _21599_/B    │ met3  │
│ 1.72  │ 688.73  │ 400.00   │ net185                           │ _21600_/B    │ met3  │
│ 1.71  │ 685.48  │ 400.00   │ net161                           │ _24405_/B1   │ met3  │
│ 1.68  │ 672.40  │ 400.00   │ chacha_unit.U_QR_COL_0.in_b[8\]  │ _24220_/B2   │ met1  │
│ 1.63  │ 652.08  │ 400.00   │ _06980_                          │ _24078_/A1   │ met1  │
│ 1.61  │ 643.42  │ 400.00   │ _09823_                          │ _27675_/A    │ met3  │
│ 1.61  │ 643.42  │ 400.00   │ _09823_                          │ _27676_/A1   │ met3  │
│ 1.61  │ 643.42  │ 400.00   │ _09823_                          │ _27681_/A1   │ met3  │
│ 1.57  │ 627.03  │ 400.00   │ net670                           │ fanout667/A  │ met2  │
│ 1.54  │ 614.09  │ 400.00   │ net1273                          │ fanout1272/A │ met3  │
│ 1.53  │ 611.63  │ 400.00   │ chacha_unit.U_QR_COL_1.in_b[24\] │ _24135_/A0   │ met1  │
│ 1.50  │ 598.42  │ 400.00   │ _14841_                          │ _20121_/A    │ met1  │
│ 1.48  │ 592.00  │ 400.00   │ net902                           │ _30028_/B    │ met2  │
│ 1.48  │ 4384.58 │ 2969.60  │ _11699_                          │ _30966_/B1   │ met5  │
│ 1.44  │ 577.05  │ 400.00   │ net676                           │ _30051_/C    │ met3  │
│ 1.44  │ 577.05  │ 400.00   │ net676                           │ _30055_/C    │ met3  │
│ 1.43  │ 572.53  │ 400.00   │ net412                           │ _31008_/A2   │ met3  │
│ 1.43  │ 572.53  │ 400.00   │ net412                           │ fanout411/A  │ met3  │
│ 1.39  │ 555.14  │ 400.00   │ chacha_unit.U_QR_COL_3.in_d[2\]  │ _28311_/A    │ met1  │
│ 1.38  │ 552.00  │ 400.00   │ chacha_unit.U_QR_COL_3.in_b[9\]  │ _26380_/A    │ met1  │
│ 1.37  │ 546.64  │ 400.00   │ _03344_                          │ _21570_/A    │ met1  │
│ 1.37  │ 546.53  │ 400.00   │ net1271                          │ _28919_/S    │ met1  │
│ 1.36  │ 542.63  │ 400.00   │ chacha_unit.U_QR_COL_1.in_a[10\] │ _16303_/B    │ met1  │
│ 1.36  │ 542.63  │ 400.00   │ chacha_unit.U_QR_COL_1.in_a[10\] │ _24409_/A1   │ met1  │
│ 1.35  │ 538.94  │ 400.00   │ net904                           │ _29992_/B    │ met3  │
│ 1.35  │ 538.94  │ 400.00   │ net904                           │ _29998_/B    │ met3  │
│ 1.35  │ 538.94  │ 400.00   │ net904                           │ _30002_/B    │ met3  │
│ 1.35  │ 538.94  │ 400.00   │ net904                           │ _30006_/B    │ met3  │
│ 1.33  │ 532.89  │ 400.00   │ _13471_                          │ _20443_/A    │ met1  │
│ 1.32  │ 529.51  │ 400.00   │ _14421_                          │ _21188_/A    │ met1  │
│ 1.32  │ 527.40  │ 400.00   │ net1272                          │ _28863_/B1   │ met1  │
│ 1.30  │ 521.32  │ 400.00   │ clknet_5_31__leaf_clk            │ _32772_/CLK  │ met1  │
│ 1.30  │ 520.72  │ 400.00   │ net347                           │ _21943_/A    │ met1  │
│ 1.30  │ 520.72  │ 400.00   │ net347                           │ _21946_/A    │ met1  │
│ 1.30  │ 520.43  │ 400.00   │ net668                           │ _29518_/S    │ met1  │
│ 1.29  │ 517.36  │ 400.00   │ chacha_unit.U_QR_COL_0.in_b[21\] │ _15997_/A    │ met1  │
│ 1.28  │ 513.31  │ 400.00   │ chacha_unit.U_QR_COL_0.in_c[1\]  │ _23210_/A0   │ met1  │
│ 1.28  │ 513.31  │ 400.00   │ chacha_unit.U_QR_COL_0.in_c[1\]  │ _26565_/B    │ met1  │
│ 1.27  │ 508.06  │ 400.00   │ chacha_unit.U_QR_COL_3.in_c[24\] │ _18597_/A    │ met4  │
│ 1.27  │ 508.06  │ 400.00   │ chacha_unit.U_QR_COL_3.in_c[24\] │ _18598_/A    │ met4  │
│ 1.27  │ 508.06  │ 400.00   │ chacha_unit.U_QR_COL_3.in_c[24\] │ _24455_/A0   │ met4  │
│ 1.27  │ 508.06  │ 400.00   │ chacha_unit.U_QR_COL_3.in_c[24\] │ _27494_/A    │ met4  │
│ 1.27  │ 508.06  │ 400.00   │ chacha_unit.U_QR_COL_3.in_c[24\] │ _27495_/A    │ met4  │
│ 1.27  │ 506.87  │ 400.00   │ net660                           │ fanout659/A  │ met2  │
│ 1.23  │ 493.65  │ 400.00   │ net676                           │ _30077_/C    │ met3  │
│ 1.23  │ 492.56  │ 400.00   │ chacha_unit.U_QR_COL_0.in_b[1\]  │ _15856_/A    │ met1  │
│ 1.23  │ 490.31  │ 400.00   │ net1322                          │ _30750_/A    │ met2  │
│ 1.23  │ 490.07  │ 400.00   │ chacha_unit.key[5\]              │ _24210_/A1   │ met1  │
│ 1.22  │ 488.82  │ 400.00   │ net553                           │ _30178_/B1   │ met3  │
│ 1.22  │ 488.82  │ 400.00   │ net553                           │ _30179_/B1   │ met3  │
│ 1.22  │ 488.82  │ 400.00   │ net553                           │ _30182_/B1   │ met3  │
│ 1.22  │ 488.75  │ 400.00   │ _04432_                          │ _22089_/A    │ met1  │
│ 1.22  │ 488.75  │ 400.00   │ _04432_                          │ _22090_/A    │ met1  │
│ 1.21  │ 485.94  │ 400.00   │ net718                           │ _24468_/B1   │ met1  │
│ 1.20  │ 481.79  │ 400.00   │ _13696_                          │ _20241_/A    │ met3  │
│ 1.20  │ 481.79  │ 400.00   │ _13696_                          │ _20242_/A    │ met3  │
│ 1.20  │ 478.93  │ 400.00   │ chacha_unit.U_QR_COL_0.in_d[5\]  │ _24541_/A0   │ met3  │
│ 1.20  │ 478.93  │ 400.00   │ chacha_unit.U_QR_COL_0.in_d[5\]  │ _27591_/A    │ met3  │
│ 1.20  │ 478.93  │ 400.00   │ chacha_unit.U_QR_COL_0.in_d[5\]  │ _27592_/A    │ met3  │
│ 1.19  │ 475.11  │ 400.00   │ net1754                          │ _29620_/A1   │ met1  │
│ 1.18  │ 473.92  │ 400.00   │ chacha_unit.U_QR_COL_2.in_d[8\]  │ _28110_/A    │ met1  │
│ 1.18  │ 471.75  │ 400.00   │ chacha_unit.key[181\]            │ _29238_/A1   │ met1  │
│ 1.16  │ 464.40  │ 400.00   │ net1267                          │ fanout1265/A │ met1  │
│ 1.16  │ 463.03  │ 400.00   │ chacha_unit.U_QR_COL_3.in_a[26\] │ _24361_/A1   │ met1  │
│ 1.15  │ 461.77  │ 400.00   │ chacha_unit.U_QR_COL_1.in_b[7\]  │ _25866_/B    │ met1  │
│ 1.15  │ 461.77  │ 400.00   │ chacha_unit.U_QR_COL_1.in_b[7\]  │ _25867_/B    │ met1  │
│ 1.14  │ 457.44  │ 400.00   │ _08188_                          │ _25798_/A    │ met1  │
│ 1.14  │ 455.08  │ 400.00   │ _07114_                          │ _24299_/B1   │ met3  │
│ 1.13  │ 450.38  │ 400.00   │ net193                           │ _21611_/B    │ met3  │
│ 1.13  │ 450.38  │ 400.00   │ net193                           │ _21612_/B    │ met3  │
│ 1.13  │ 450.38  │ 400.00   │ net193                           │ _23864_/A1   │ met3  │
│ 1.13  │ 450.38  │ 400.00   │ net193                           │ _23865_/A1   │ met3  │
│ 1.12  │ 447.11  │ 400.00   │ net1760                          │ _29517_/A1   │ met1  │
│ 1.11  │ 444.04  │ 400.00   │ chacha_unit.U_QR_COL_3.in_c[2\]  │ _17375_/A    │ met2  │
│ 1.11  │ 444.04  │ 400.00   │ chacha_unit.U_QR_COL_3.in_c[2\]  │ _17387_/A    │ met2  │
│ 1.10  │ 439.97  │ 400.00   │ _04625_                          │ _23895_/A1   │ met1  │
│ 1.06  │ 423.97  │ 400.00   │ net615                           │ _18682_/A    │ met1  │
│ 1.05  │ 420.32  │ 400.00   │ net1322                          │ _30420_/A    │ met3  │
│ 1.05  │ 420.32  │ 400.00   │ net1322                          │ _30750_/A    │ met3  │
│ 1.05  │ 420.32  │ 400.00   │ net1322                          │ _30925_/A    │ met3  │
│ 1.05  │ 420.32  │ 400.00   │ net1322                          │ fanout1321/A │ met3  │
│ 1.05  │ 419.88  │ 400.00   │ _08589_                          │ _26254_/B    │ met2  │
│ 1.05  │ 419.88  │ 400.00   │ _08589_                          │ _26258_/A2   │ met2  │
│ 1.05  │ 419.39  │ 400.00   │ _05789_                          │ _24403_/B1   │ met3  │
│ 1.04  │ 415.22  │ 400.00   │ net1726                          │ _29399_/A0   │ met1  │
│ 1.04  │ 414.54  │ 400.00   │ _15306_                          │ _20202_/B    │ met1  │
│ 1.04  │ 414.54  │ 400.00   │ _15306_                          │ _20203_/A_N  │ met1  │
│ 1.02  │ 409.42  │ 400.00   │ net825                           │ fanout824/A  │ met2  │
│ 1.02  │ 408.96  │ 400.00   │ _06022_                          │ _22847_/A2   │ met2  │
│ 1.01  │ 404.53  │ 400.00   │ _05811_                          │ _22599_/C1   │ met3  │
│ 1.01  │ 403.53  │ 400.00   │ net825                           │ fanout822/A  │ met1  │
│ 1.00  │ 401.28  │ 400.00   │ _04365_                          │ _22265_/A    │ met1  │
│ 1.00  │ 401.28  │ 400.00   │ _04365_                          │ _22266_/A    │ met1  │
│ 1.00  │ 400.61  │ 400.00   │ chacha_unit.key[165\]            │ _23282_/A1   │ met1  │
│ 1.00  │ 400.61  │ 400.00   │ chacha_unit.key[165\]            │ _29126_/A1   │ met1  │
└───────┴─────────┴──────────┴──────────────────────────────────┴──────────────┴───────┘
