
===========================================================================
report_checks -unconstrained
===========================================================================
======================= nom_ff_n40C_1v95 Corner ===================================

Startpoint: rst_n (input port clocked by clk)
Endpoint: _31572_ (recovery check against rising-edge clock clk)
Path Group: asynchronous
Path Type: max

Fanout         Cap        Slew       Delay        Time   Description
---------------------------------------------------------------------------------------------
                                  0.000000    0.000000   clock clk (rise edge)
                                  0.000000    0.000000   clock network delay (propagated)
                                  4.000000    4.000000 ^ input external delay
     1    0.002708    0.013587    0.006999    4.006999 ^ rst_n (in)
                                                         rst_n (net)
                      0.013587    0.000000    4.006999 ^ input71/A (sky130_fd_sc_hd__dlymetal6s2s_1)
     1    0.020324    0.166813    0.145935    4.152934 ^ input71/X (sky130_fd_sc_hd__dlymetal6s2s_1)
                                                         net71 (net)
                      0.166850    0.002016    4.154950 ^ fanout1711/A (sky130_fd_sc_hd__buf_8)
     9    0.214366    0.259678    0.230302    4.385252 ^ fanout1711/X (sky130_fd_sc_hd__buf_8)
                                                         net1711 (net)
                      0.259701    0.002086    4.387338 ^ fanout1539/A (sky130_fd_sc_hd__buf_6)
     9    0.196645    0.291783    0.252731    4.640069 ^ fanout1539/X (sky130_fd_sc_hd__buf_6)
                                                         net1539 (net)
                      0.293864    0.020155    4.660224 ^ fanout1474/A (sky130_fd_sc_hd__clkbuf_8)
     9    0.137251    0.183806    0.231937    4.892161 ^ fanout1474/X (sky130_fd_sc_hd__clkbuf_8)
                                                         net1474 (net)
                      0.184587    0.009902    4.902063 ^ fanout1472/A (sky130_fd_sc_hd__buf_4)
    10    0.099148    0.206525    0.218438    5.120502 ^ fanout1472/X (sky130_fd_sc_hd__buf_4)
                                                         net1472 (net)
                      0.206542    0.001589    5.122090 ^ fanout1471/A (sky130_fd_sc_hd__buf_2)
     7    0.057647    0.210746    0.224152    5.346243 ^ fanout1471/X (sky130_fd_sc_hd__buf_2)
                                                         net1471 (net)
                      0.210749    0.000663    5.346906 ^ fanout1470/A (sky130_fd_sc_hd__buf_2)
     6    0.047365    0.174757    0.199502    5.546408 ^ fanout1470/X (sky130_fd_sc_hd__buf_2)
                                                         net1470 (net)
                      0.174763    0.000897    5.547305 ^ fanout1467/A (sky130_fd_sc_hd__clkbuf_4)
    10    0.055364    0.130462    0.190835    5.738141 ^ fanout1467/X (sky130_fd_sc_hd__clkbuf_4)
                                                         net1467 (net)
                      0.130473    0.001020    5.739161 ^ fanout1466/A (sky130_fd_sc_hd__clkbuf_4)
    10    0.049571    0.117436    0.175980    5.915140 ^ fanout1466/X (sky130_fd_sc_hd__clkbuf_4)
                                                         net1466 (net)
                      0.117522    0.001845    5.916985 ^ _31572_/RESET_B (sky130_fd_sc_hd__dfrtp_4)
                                              5.916985   data arrival time

                                 20.000000   20.000000   clock clk (rise edge)
                                  0.000000   20.000000   clock source latency
     3    0.136406    0.463151    0.332959   20.332958 ^ clk (in)
                                                         clk (net)
                      0.470776    0.000000   20.332958 ^ clkbuf_0_clk/A (sky130_fd_sc_hd__clkbuf_16)
     4    0.186973    0.156920    0.223755   20.556715 ^ clkbuf_0_clk/X (sky130_fd_sc_hd__clkbuf_16)
                                                         clknet_0_clk (net)
                      0.157979    0.010328   20.567041 ^ clkbuf_2_0_0_clk/A (sky130_fd_sc_hd__clkbuf_8)
     8    0.199001    0.260436    0.268544   20.835587 ^ clkbuf_2_0_0_clk/X (sky130_fd_sc_hd__clkbuf_8)
                                                         clknet_2_0_0_clk (net)
                      0.260477    0.002775   20.838362 ^ clkbuf_5_7__f_clk/A (sky130_fd_sc_hd__clkbuf_16)
    10    0.124457    0.107882    0.185532   21.023893 ^ clkbuf_5_7__f_clk/X (sky130_fd_sc_hd__clkbuf_16)
                                                         clknet_5_7__leaf_clk (net)
                      0.107909    0.001394   21.025288 ^ clkbuf_leaf_325_clk/A (sky130_fd_sc_hd__clkbuf_8)
    14    0.048066    0.071465    0.134673   21.159960 ^ clkbuf_leaf_325_clk/X (sky130_fd_sc_hd__clkbuf_8)
                                                         clknet_leaf_325_clk (net)
                      0.071486    0.001192   21.161152 ^ _31572_/CLK (sky130_fd_sc_hd__dfrtp_4)
                                 -0.250000   20.911152   clock uncertainty
                                  0.000000   20.911152   clock reconvergence pessimism
                                  0.110204   21.021357   library recovery time
                                             21.021357   data required time
---------------------------------------------------------------------------------------------
                                             21.021357   data required time
                                             -5.916985   data arrival time
---------------------------------------------------------------------------------------------
                                             15.104371   slack (MET)


Startpoint: _31827_ (rising edge-triggered flip-flop clocked by clk)
Endpoint: _31856_ (rising edge-triggered flip-flop clocked by clk)
Path Group: clk
Path Type: max

Fanout         Cap        Slew       Delay        Time   Description
---------------------------------------------------------------------------------------------
                                  0.000000    0.000000   clock clk (rise edge)
                                  0.000000    0.000000   clock source latency
     3    0.136406    0.463151    0.332959    0.332959 ^ clk (in)
                                                         clk (net)
                      0.470776    0.000000    0.332959 ^ clkbuf_0_clk/A (sky130_fd_sc_hd__clkbuf_16)
     4    0.186973    0.156920    0.223755    0.556714 ^ clkbuf_0_clk/X (sky130_fd_sc_hd__clkbuf_16)
                                                         clknet_0_clk (net)
                      0.157979    0.010328    0.567042 ^ clkbuf_2_0_0_clk/A (sky130_fd_sc_hd__clkbuf_8)
     8    0.199001    0.260436    0.268544    0.835586 ^ clkbuf_2_0_0_clk/X (sky130_fd_sc_hd__clkbuf_8)
                                                         clknet_2_0_0_clk (net)
                      0.260477    0.002774    0.838360 ^ clkbuf_5_7__f_clk/A (sky130_fd_sc_hd__clkbuf_16)
    10    0.124457    0.107882    0.185531    1.023891 ^ clkbuf_5_7__f_clk/X (sky130_fd_sc_hd__clkbuf_16)
                                                         clknet_5_7__leaf_clk (net)
                      0.107909    0.001396    1.025287 ^ clkbuf_leaf_325_clk/A (sky130_fd_sc_hd__clkbuf_8)
    14    0.048066    0.071465    0.134671    1.159959 ^ clkbuf_leaf_325_clk/X (sky130_fd_sc_hd__clkbuf_8)
                                                         clknet_leaf_325_clk (net)
                      0.071472    0.000770    1.160728 ^ _31827_/CLK (sky130_fd_sc_hd__dfrtp_4)
    10    0.140457    0.164226    0.413124    1.573853 v _31827_/Q (sky130_fd_sc_hd__dfrtp_4)
                                                         chacha_unit.U_QR_COL_1.in_b[1] (net)
                      0.170651    0.025395    1.599248 v _16228_/A (sky130_fd_sc_hd__xor2_2)
     2    0.014811    0.165377    0.213753    1.813001 ^ _16228_/X (sky130_fd_sc_hd__xor2_2)
                                                         _12243_ (net)
                      0.165377    0.000344    1.813344 ^ _16230_/A3 (sky130_fd_sc_hd__a31oi_4)
     2    0.024624    0.112148    0.087872    1.901217 v _16230_/Y (sky130_fd_sc_hd__a31oi_4)
                                                         _12245_ (net)
                      0.112166    0.001071    1.902288 v _16231_/A2 (sky130_fd_sc_hd__o21a_2)
     3    0.031852    0.070435    0.200227    2.102515 v _16231_/X (sky130_fd_sc_hd__o21a_2)
                                                         _12246_ (net)
                      0.070439    0.000541    2.103056 v _16311_/A1 (sky130_fd_sc_hd__a211o_4)
     2    0.073370    0.099843    0.289870    2.392926 v _16311_/X (sky130_fd_sc_hd__a211o_4)
                                                         _12326_ (net)
                      0.100322    0.004908    2.397834 v _16322_/A2 (sky130_fd_sc_hd__a211o_4)
     4    0.024799    0.056927    0.256838    2.654672 v _16322_/X (sky130_fd_sc_hd__a211o_4)
                                                         _12337_ (net)
                      0.057083    0.001797    2.656469 v _16345_/A2 (sky130_fd_sc_hd__a2111o_4)
     2    0.076999    0.120011    0.400955    3.057424 v _16345_/X (sky130_fd_sc_hd__a2111o_4)
                                                         _12360_ (net)
                      0.122186    0.011916    3.069340 v _16355_/A2 (sky130_fd_sc_hd__a21oi_4)
     4    0.025064    0.160890    0.194910    3.264250 ^ _16355_/Y (sky130_fd_sc_hd__a21oi_4)
                                                         _12370_ (net)
                      0.160977    0.001602    3.265852 ^ _16367_/A2 (sky130_fd_sc_hd__o211ai_2)
     3    0.010417    0.060063    0.068348    3.334201 v _16367_/Y (sky130_fd_sc_hd__o211ai_2)
                                                         _12382_ (net)
                      0.060065    0.000352    3.334553 v _16375_/A1 (sky130_fd_sc_hd__a211o_1)
     2    0.009366    0.056029    0.189256    3.523809 v _16375_/X (sky130_fd_sc_hd__a211o_1)
                                                         _12390_ (net)
                      0.056029    0.000251    3.524060 v _16376_/B (sky130_fd_sc_hd__nand2_2)
     1    0.016031    0.073954    0.084257    3.608316 ^ _16376_/Y (sky130_fd_sc_hd__nand2_2)
                                                         _12391_ (net)
                      0.073959    0.000478    3.608795 ^ _16378_/B (sky130_fd_sc_hd__xor2_4)
     3    0.032939    0.072215    0.075202    3.683996 v _16378_/X (sky130_fd_sc_hd__xor2_4)
                                                         _12393_ (net)
                      0.072228    0.000777    3.684773 v _16379_/B (sky130_fd_sc_hd__xnor2_4)
     2    0.078950    0.442738    0.360109    4.044883 ^ _16379_/Y (sky130_fd_sc_hd__xnor2_4)
                                                         _12394_ (net)
                      0.442896    0.006797    4.051680 ^ max_cap382/A (sky130_fd_sc_hd__buf_4)
     2    0.049739    0.110768    0.158880    4.210560 ^ max_cap382/X (sky130_fd_sc_hd__buf_4)
                                                         net382 (net)
                      0.111563    0.007520    4.218080 ^ _16381_/B (sky130_fd_sc_hd__xnor2_4)
     4    0.024367    0.072449    0.068410    4.286490 v _16381_/Y (sky130_fd_sc_hd__xnor2_4)
                                                         _12396_ (net)
                      0.072477    0.000421    4.286911 v _16404_/A (sky130_fd_sc_hd__or4_4)
     2    0.006385    0.060750    0.332928    4.619839 v _16404_/X (sky130_fd_sc_hd__or4_4)
                                                         _12419_ (net)
                      0.060751    0.000120    4.619960 v _16493_/A (sky130_fd_sc_hd__or4bb_4)
     3    0.017323    0.074071    0.354008    4.973968 v _16493_/X (sky130_fd_sc_hd__or4bb_4)
                                                         _12508_ (net)
                      0.074071    0.000827    4.974794 v _16502_/A2 (sky130_fd_sc_hd__a31o_1)
     2    0.009836    0.048551    0.168857    5.143652 v _16502_/X (sky130_fd_sc_hd__a31o_1)
                                                         _12517_ (net)
                      0.048551    0.000223    5.143875 v _16504_/A2 (sky130_fd_sc_hd__a21o_1)
     3    0.016961    0.063814    0.157590    5.301465 v _16504_/X (sky130_fd_sc_hd__a21o_1)
                                                         _12519_ (net)
                      0.063815    0.000356    5.301821 v _16668_/B (sky130_fd_sc_hd__and3_1)
     3    0.018951    0.073780    0.160815    5.462636 v _16668_/X (sky130_fd_sc_hd__and3_1)
                                                         _12683_ (net)
                      0.073794    0.000982    5.463618 v _16672_/A1 (sky130_fd_sc_hd__o21ai_4)
     3    0.069500    0.366836    0.318961    5.782579 ^ _16672_/Y (sky130_fd_sc_hd__o21ai_4)
                                                         _12687_ (net)
                      0.366946    0.005178    5.787756 ^ _16674_/C (sky130_fd_sc_hd__and3_1)
     2    0.026377    0.199323    0.235648    6.023405 ^ _16674_/X (sky130_fd_sc_hd__and3_1)
                                                         _12689_ (net)
                      0.199377    0.002708    6.026113 ^ _16678_/B1 (sky130_fd_sc_hd__a21o_1)
     2    0.024657    0.164044    0.147800    6.173913 ^ _16678_/X (sky130_fd_sc_hd__a21o_1)
                                                         _12693_ (net)
                      0.164049    0.000786    6.174700 ^ _16679_/A2 (sky130_fd_sc_hd__a21o_4)
     2    0.030420    0.069631    0.124778    6.299478 ^ _16679_/X (sky130_fd_sc_hd__a21o_4)
                                                         _12694_ (net)
                      0.069642    0.000892    6.300370 ^ _16682_/A2 (sky130_fd_sc_hd__a21oi_4)
     3    0.016073    0.046999    0.046960    6.347330 v _16682_/Y (sky130_fd_sc_hd__a21oi_4)
                                                         _12697_ (net)
                      0.047001    0.000600    6.347930 v _16704_/A1 (sky130_fd_sc_hd__o41a_4)
     3    0.053337    0.101850    0.368879    6.716809 v _16704_/X (sky130_fd_sc_hd__o41a_4)
                                                         _12719_ (net)
                      0.103425    0.009869    6.726678 v _16718_/A3 (sky130_fd_sc_hd__a311o_4)
     2    0.017273    0.058579    0.301037    7.027715 v _16718_/X (sky130_fd_sc_hd__a311o_4)
                                                         _12733_ (net)
                      0.058579    0.000543    7.028257 v _16772_/A1 (sky130_fd_sc_hd__a21oi_4)
     3    0.048130    0.267806    0.235380    7.263638 ^ _16772_/Y (sky130_fd_sc_hd__a21oi_4)
                                                         _12787_ (net)
                      0.268072    0.006751    7.270389 ^ _16908_/A2 (sky130_fd_sc_hd__o2111ai_4)
     3    0.020581    0.104206    0.097338    7.367727 v _16908_/Y (sky130_fd_sc_hd__o2111ai_4)
                                                         _12923_ (net)
                      0.104208    0.000836    7.368563 v _16962_/A2 (sky130_fd_sc_hd__a211o_1)
     2    0.006935    0.047307    0.218439    7.587002 v _16962_/X (sky130_fd_sc_hd__a211o_1)
                                                         _12977_ (net)
                      0.047307    0.000210    7.587212 v _16963_/A1 (sky130_fd_sc_hd__a21o_1)
     3    0.009686    0.044688    0.122509    7.709721 v _16963_/X (sky130_fd_sc_hd__a21o_1)
                                                         _12978_ (net)
                      0.044689    0.000237    7.709958 v _16975_/B (sky130_fd_sc_hd__and2_4)
     3    0.094760    0.091689    0.174908    7.884866 v _16975_/X (sky130_fd_sc_hd__and2_4)
                                                         _12990_ (net)
                      0.091729    0.001607    7.886473 v _16976_/A (sky130_fd_sc_hd__xnor2_4)
     3    0.021486    0.161741    0.183756    8.070230 ^ _16976_/Y (sky130_fd_sc_hd__xnor2_4)
                                                         _12991_ (net)
                      0.161750    0.000505    8.070735 ^ _16978_/B (sky130_fd_sc_hd__xor2_4)
     3    0.025877    0.093270    0.080659    8.151394 v _16978_/X (sky130_fd_sc_hd__xor2_4)
                                                         _12993_ (net)
                      0.093273    0.000420    8.151814 v _16980_/A (sky130_fd_sc_hd__and3_1)
     2    0.008363    0.043852    0.129869    8.281683 v _16980_/X (sky130_fd_sc_hd__and3_1)
                                                         _12995_ (net)
                      0.043854    0.000354    8.282038 v _16983_/C (sky130_fd_sc_hd__and4_1)
     2    0.009754    0.048311    0.144876    8.426913 v _16983_/X (sky130_fd_sc_hd__and4_1)
                                                         _12998_ (net)
                      0.048313    0.000377    8.427291 v _16993_/A1 (sky130_fd_sc_hd__o31a_4)
     2    0.057563    0.089592    0.284350    8.711641 v _16993_/X (sky130_fd_sc_hd__o31a_4)
                                                         _13008_ (net)
                      0.089911    0.004674    8.716316 v _17009_/A2 (sky130_fd_sc_hd__o31a_1)
     1    0.010223    0.056528    0.214883    8.931199 v _17009_/X (sky130_fd_sc_hd__o31a_1)
                                                         _13024_ (net)
                      0.056530    0.000404    8.931603 v _17060_/A2 (sky130_fd_sc_hd__a211o_4)
     4    0.093450    0.119725    0.295361    9.226964 v _17060_/X (sky130_fd_sc_hd__a211o_4)
                                                         _13075_ (net)
                      0.129456    0.026287    9.253252 v _17065_/A2 (sky130_fd_sc_hd__a21oi_4)
     2    0.024394    0.158282    0.195278    9.448529 ^ _17065_/Y (sky130_fd_sc_hd__a21oi_4)
                                                         _13080_ (net)
                      0.158283    0.000695    9.449224 ^ _17103_/A2 (sky130_fd_sc_hd__o21ba_1)
     1    0.016436    0.127579    0.150365    9.599589 ^ _17103_/X (sky130_fd_sc_hd__o21ba_1)
                                                         _13118_ (net)
                      0.127580    0.000545    9.600134 ^ _17104_/B (sky130_fd_sc_hd__xor2_4)
     3    0.036552    0.090720    0.092257    9.692391 v _17104_/X (sky130_fd_sc_hd__xor2_4)
                                                         _13119_ (net)
                      0.090782    0.001817    9.694208 v _17105_/B (sky130_fd_sc_hd__xnor2_2)
     1    0.036368    0.355427    0.299080    9.993288 ^ _17105_/Y (sky130_fd_sc_hd__xnor2_2)
                                                         _13120_ (net)
                      0.355529    0.004895    9.998183 ^ wire258/A (sky130_fd_sc_hd__buf_4)
     3    0.074687    0.158113    0.192968   10.191152 ^ wire258/X (sky130_fd_sc_hd__buf_4)
                                                         net258 (net)
                      0.158654    0.007537   10.198689 ^ _17107_/B (sky130_fd_sc_hd__nand2_1)
     2    0.009277    0.083286    0.069992   10.268681 v _17107_/Y (sky130_fd_sc_hd__nand2_1)
                                                         _13122_ (net)
                      0.083287    0.000225   10.268905 v _17121_/A1 (sky130_fd_sc_hd__a21o_2)
     2    0.024047    0.059285    0.172767   10.441671 v _17121_/X (sky130_fd_sc_hd__a21o_2)
                                                         _13136_ (net)
                      0.059296    0.000804   10.442475 v _17123_/A1 (sky130_fd_sc_hd__a21o_4)
     3    0.032180    0.048721    0.163690   10.606166 v _17123_/X (sky130_fd_sc_hd__a21o_4)
                                                         _13138_ (net)
                      0.048774    0.001442   10.607608 v _17132_/A2 (sky130_fd_sc_hd__a41oi_2)
     3    0.013115    0.176953    0.169964   10.777571 ^ _17132_/Y (sky130_fd_sc_hd__a41oi_2)
                                                         _13147_ (net)
                      0.176954    0.000639   10.778210 ^ _17719_/A2 (sky130_fd_sc_hd__a21o_1)
     4    0.027653    0.183410    0.193977   10.972187 ^ _17719_/X (sky130_fd_sc_hd__a21o_1)
                                                         _13734_ (net)
                      0.183453    0.002334   10.974521 ^ _17729_/A2 (sky130_fd_sc_hd__a211o_4)
     2    0.028258    0.068458    0.131953   11.106474 ^ _17729_/X (sky130_fd_sc_hd__a211o_4)
                                                         _13744_ (net)
                      0.068692    0.003172   11.109646 ^ _18526_/A1 (sky130_fd_sc_hd__a21o_1)
     3    0.020045    0.134725    0.145711   11.255357 ^ _18526_/X (sky130_fd_sc_hd__a21o_1)
                                                         _14541_ (net)
                      0.134775    0.000941   11.256297 ^ _18529_/A2 (sky130_fd_sc_hd__o31ai_4)
     3    0.026262    0.073995    0.079126   11.335423 v _18529_/Y (sky130_fd_sc_hd__o31ai_4)
                                                         _14544_ (net)
                      0.074044    0.000975   11.336399 v _19129_/A3 (sky130_fd_sc_hd__a311o_4)
     2    0.025738    0.066110    0.301219   11.637618 v _19129_/X (sky130_fd_sc_hd__a311o_4)
                                                         _15144_ (net)
                      0.066180    0.001418   11.639037 v _19171_/A (sky130_fd_sc_hd__xnor2_4)
     3    0.053139    0.315474    0.285919   11.924955 ^ _19171_/Y (sky130_fd_sc_hd__xnor2_4)
                                                         _15186_ (net)
                      0.315588    0.004811   11.929767 ^ _19174_/A (sky130_fd_sc_hd__xor2_4)
     4    0.073774    0.398145    0.322150   12.251917 ^ _19174_/X (sky130_fd_sc_hd__xor2_4)
                                                         _15189_ (net)
                      0.398874    0.013963   12.265881 ^ _19175_/B (sky130_fd_sc_hd__xnor2_4)
     4    0.030281    0.105617    0.082745   12.348625 v _19175_/Y (sky130_fd_sc_hd__xnor2_4)
                                                         _15190_ (net)
                      0.105633    0.001072   12.349698 v _19191_/B (sky130_fd_sc_hd__or4bb_4)
     1    0.004620    0.058393    0.328133   12.677831 v _19191_/X (sky130_fd_sc_hd__or4bb_4)
                                                         _15206_ (net)
                      0.058394    0.000160   12.677991 v _19193_/B1 (sky130_fd_sc_hd__o21a_1)
     3    0.015727    0.063700    0.104841   12.782832 v _19193_/X (sky130_fd_sc_hd__o21a_1)
                                                         _15208_ (net)
                      0.063709    0.000770   12.783602 v _19351_/A1 (sky130_fd_sc_hd__a211o_4)
     4    0.044360    0.077336    0.257110   13.040712 v _19351_/X (sky130_fd_sc_hd__a211o_4)
                                                         _15366_ (net)
                      0.078312    0.006663   13.047375 v _19388_/A2 (sky130_fd_sc_hd__a2111o_1)
     2    0.010510    0.068008    0.294210   13.341585 v _19388_/X (sky130_fd_sc_hd__a2111o_1)
                                                         _15403_ (net)
                      0.068009    0.000470   13.342055 v _19393_/A1 (sky130_fd_sc_hd__a31o_1)
     2    0.009041    0.046880    0.142113   13.484168 v _19393_/X (sky130_fd_sc_hd__a31o_1)
                                                         _15408_ (net)
                      0.046881    0.000293   13.484461 v _19528_/A1 (sky130_fd_sc_hd__a31o_4)
     2    0.025139    0.045893    0.166443   13.650904 v _19528_/X (sky130_fd_sc_hd__a31o_4)
                                                         _15543_ (net)
                      0.045929    0.000689   13.651593 v _19529_/A2 (sky130_fd_sc_hd__o21ai_4)
     1    0.018436    0.133953    0.128488   13.780082 ^ _19529_/Y (sky130_fd_sc_hd__o21ai_4)
                                                         _15544_ (net)
                      0.133954    0.000600   13.780682 ^ _19541_/A (sky130_fd_sc_hd__xnor2_4)
     2    0.031659    0.080094    0.088230   13.868912 v _19541_/Y (sky130_fd_sc_hd__xnor2_4)
                                                         _15556_ (net)
                      0.080102    0.000660   13.869572 v _19542_/A (sky130_fd_sc_hd__xnor2_4)
     4    0.078557    0.442176    0.379183   14.248755 ^ _19542_/Y (sky130_fd_sc_hd__xnor2_4)
                                                         _15557_ (net)
                      0.442272    0.005323   14.254077 ^ _19549_/B (sky130_fd_sc_hd__xnor2_2)
     2    0.012094    0.091382    0.058089   14.312166 v _19549_/Y (sky130_fd_sc_hd__xnor2_2)
                                                         _15564_ (net)
                      0.091382    0.000168   14.312334 v _19550_/C (sky130_fd_sc_hd__or3_4)
     2    0.010467    0.052440    0.222848   14.535182 v _19550_/X (sky130_fd_sc_hd__or3_4)
                                                         _15565_ (net)
                      0.052440    0.000474   14.535657 v _19551_/B (sky130_fd_sc_hd__or4b_4)
     2    0.007695    0.062480    0.316914   14.852571 v _19551_/X (sky130_fd_sc_hd__or4b_4)
                                                         _15566_ (net)
                      0.062480    0.000227   14.852798 v _19609_/A2 (sky130_fd_sc_hd__a211o_4)
     2    0.042862    0.076127    0.259772   15.112570 v _19609_/X (sky130_fd_sc_hd__a211o_4)
                                                         _15624_ (net)
                      0.077325    0.007564   15.120133 v _19617_/A2 (sky130_fd_sc_hd__a21o_4)
     5    0.023457    0.041741    0.172140   15.292273 v _19617_/X (sky130_fd_sc_hd__a21o_4)
                                                         _02975_ (net)
                      0.041807    0.001236   15.293509 v _19668_/A2 (sky130_fd_sc_hd__o2111ai_4)
     3    0.029828    0.236993    0.212207   15.505716 ^ _19668_/Y (sky130_fd_sc_hd__o2111ai_4)
                                                         _03022_ (net)
                      0.236996    0.001728   15.507444 ^ _19684_/A1 (sky130_fd_sc_hd__a21oi_2)
     1    0.016195    0.079875    0.069251   15.576696 v _19684_/Y (sky130_fd_sc_hd__a21oi_2)
                                                         _03037_ (net)
                      0.079880    0.000496   15.577191 v _19685_/B (sky130_fd_sc_hd__xnor2_4)
     2    0.022822    0.168047    0.167596   15.744787 ^ _19685_/Y (sky130_fd_sc_hd__xnor2_4)
                                                         _03038_ (net)
                      0.168047    0.000624   15.745411 ^ _19686_/B (sky130_fd_sc_hd__xnor2_4)
     4    0.026638    0.095736    0.074742   15.820152 v _19686_/Y (sky130_fd_sc_hd__xnor2_4)
                                                         _03039_ (net)
                      0.095753    0.001013   15.821165 v _22968_/B (sky130_fd_sc_hd__xnor2_4)
     3    0.027222    0.189173    0.189157   16.010323 ^ _22968_/Y (sky130_fd_sc_hd__xnor2_4)
                                                         _06129_ (net)
                      0.189173    0.000595   16.010918 ^ _22995_/B (sky130_fd_sc_hd__nand2_1)
     1    0.005846    0.059120    0.053859   16.064777 v _22995_/Y (sky130_fd_sc_hd__nand2_1)
                                                         _06153_ (net)
                      0.059122    0.000236   16.065012 v _22996_/A (sky130_fd_sc_hd__or4_4)
     2    0.077399    0.131755    0.425567   16.490580 v _22996_/X (sky130_fd_sc_hd__or4_4)
                                                         _06154_ (net)
                      0.132053    0.005313   16.495893 v _23071_/A1 (sky130_fd_sc_hd__a211o_1)
     2    0.013795    0.067586    0.228265   16.724159 v _23071_/X (sky130_fd_sc_hd__a211o_1)
                                                         _06221_ (net)
                      0.067590    0.000613   16.724771 v _23072_/B (sky130_fd_sc_hd__and2_4)
     3    0.013918    0.030998    0.125041   16.849813 v _23072_/X (sky130_fd_sc_hd__and2_4)
                                                         _06222_ (net)
                      0.031002    0.000384   16.850197 v _23113_/A2 (sky130_fd_sc_hd__o21a_4)
     2    0.019072    0.039102    0.135845   16.986042 v _23113_/X (sky130_fd_sc_hd__o21a_4)
                                                         _06259_ (net)
                      0.039102    0.000332   16.986374 v _23114_/A_N (sky130_fd_sc_hd__nand2b_4)
     2    0.019376    0.064087    0.110379   17.096752 v _23114_/Y (sky130_fd_sc_hd__nand2b_4)
                                                         _06260_ (net)
                      0.064088    0.000501   17.097254 v _23130_/A2 (sky130_fd_sc_hd__a21oi_4)
     2    0.027295    0.171047    0.181776   17.279030 ^ _23130_/Y (sky130_fd_sc_hd__a21oi_4)
                                                         _06274_ (net)
                      0.171108    0.000751   17.279781 ^ _23137_/A2 (sky130_fd_sc_hd__a21oi_4)
     1    0.016724    0.072751    0.055218   17.334999 v _23137_/Y (sky130_fd_sc_hd__a21oi_4)
                                                         _06280_ (net)
                      0.072752    0.000529   17.335529 v _23138_/A (sky130_fd_sc_hd__xnor2_4)
     3    0.039429    0.248540    0.239451   17.574980 ^ _23138_/Y (sky130_fd_sc_hd__xnor2_4)
                                                         _06281_ (net)
                      0.248708    0.005063   17.580042 ^ _24153_/B (sky130_fd_sc_hd__nand2_1)
     1    0.010245    0.080115    0.082297   17.662340 v _24153_/Y (sky130_fd_sc_hd__nand2_1)
                                                         _07033_ (net)
                      0.080117    0.000350   17.662689 v _24155_/A2 (sky130_fd_sc_hd__a21oi_4)
     2    0.046146    0.258473    0.247141   17.909830 ^ _24155_/Y (sky130_fd_sc_hd__a21oi_4)
                                                         _07035_ (net)
                      0.258934    0.008683   17.918514 ^ _24156_/C1 (sky130_fd_sc_hd__a221o_1)
     1    0.003155    0.034827    0.072783   17.991297 ^ _24156_/X (sky130_fd_sc_hd__a221o_1)
                                                         _00619_ (net)
                      0.034827    0.000092   17.991388 ^ _31856_/D (sky130_fd_sc_hd__dfrtp_4)
                                             17.991388   data arrival time

                                 20.000000   20.000000   clock clk (rise edge)
                                  0.000000   20.000000   clock source latency
     3    0.136406    0.463151    0.332959   20.332958 ^ clk (in)
                                                         clk (net)
                      0.470776    0.000000   20.332958 ^ clkbuf_0_clk/A (sky130_fd_sc_hd__clkbuf_16)
     4    0.186973    0.156920    0.223755   20.556715 ^ clkbuf_0_clk/X (sky130_fd_sc_hd__clkbuf_16)
                                                         clknet_0_clk (net)
                      0.157979    0.010328   20.567041 ^ clkbuf_2_0_0_clk/A (sky130_fd_sc_hd__clkbuf_8)
     8    0.199001    0.260436    0.268544   20.835587 ^ clkbuf_2_0_0_clk/X (sky130_fd_sc_hd__clkbuf_8)
                                                         clknet_2_0_0_clk (net)
                      0.260477    0.002775   20.838362 ^ clkbuf_5_7__f_clk/A (sky130_fd_sc_hd__clkbuf_16)
    10    0.124457    0.107882    0.185532   21.023893 ^ clkbuf_5_7__f_clk/X (sky130_fd_sc_hd__clkbuf_16)
                                                         clknet_5_7__leaf_clk (net)
                      0.108169    0.004439   21.028332 ^ clkbuf_leaf_27_clk/A (sky130_fd_sc_hd__clkbuf_8)
    15    0.048962    0.072554    0.135559   21.163891 ^ clkbuf_leaf_27_clk/X (sky130_fd_sc_hd__clkbuf_8)
                                                         clknet_leaf_27_clk (net)
                      0.072568    0.000998   21.164888 ^ _31856_/CLK (sky130_fd_sc_hd__dfrtp_4)
                                 -0.250000   20.914890   clock uncertainty
                                  0.000000   20.914890   clock reconvergence pessimism
                                 -0.036346   20.878544   library setup time
                                             20.878544   data required time
---------------------------------------------------------------------------------------------
                                             20.878544   data required time
                                            -17.991388   data arrival time
---------------------------------------------------------------------------------------------
                                              2.887156   slack (MET)




===========================================================================
report_checks --slack_max -0.01
============================================================================
======================= nom_ff_n40C_1v95 Corner ===================================

No paths found.


===========================================================================
 report_check_types -max_slew -max_cap -max_fanout -violators
============================================================================
======================= nom_ff_n40C_1v95 Corner ===================================

max fanout

Pin                                   Limit Fanout  Slack
---------------------------------------------------------
clkbuf_leaf_332_clk/X                    10     20    -10 (VIOLATED)
clkbuf_leaf_66_clk/X                     10     20    -10 (VIOLATED)
clkbuf_5_4__f_clk/X                      10     19     -9 (VIOLATED)
clkbuf_5_17__f_clk/X                     10     18     -8 (VIOLATED)
clkbuf_5_22__f_clk/X                     10     18     -8 (VIOLATED)
clkbuf_leaf_362_clk/X                    10     18     -8 (VIOLATED)
clkbuf_leaf_364_clk/X                    10     18     -8 (VIOLATED)
clkbuf_leaf_113_clk/X                    10     17     -7 (VIOLATED)
clkbuf_leaf_124_clk/X                    10     17     -7 (VIOLATED)
clkbuf_5_16__f_clk/X                     10     16     -6 (VIOLATED)
clkbuf_5_26__f_clk/X                     10     16     -6 (VIOLATED)
clkbuf_leaf_260_clk/X                    10     16     -6 (VIOLATED)
clkbuf_leaf_363_clk/X                    10     16     -6 (VIOLATED)
clkbuf_leaf_86_clk/X                     10     16     -6 (VIOLATED)
clkbuf_5_0__f_clk/X                      10     15     -5 (VIOLATED)
clkbuf_5_27__f_clk/X                     10     15     -5 (VIOLATED)
clkbuf_5_29__f_clk/X                     10     15     -5 (VIOLATED)
clkbuf_leaf_10_clk/X                     10     15     -5 (VIOLATED)
clkbuf_leaf_114_clk/X                    10     15     -5 (VIOLATED)
clkbuf_leaf_11_clk/X                     10     15     -5 (VIOLATED)
clkbuf_leaf_27_clk/X                     10     15     -5 (VIOLATED)
clkbuf_leaf_291_clk/X                    10     15     -5 (VIOLATED)
clkbuf_leaf_331_clk/X                    10     15     -5 (VIOLATED)
clkbuf_leaf_359_clk/X                    10     15     -5 (VIOLATED)
clkbuf_leaf_360_clk/X                    10     15     -5 (VIOLATED)
clkbuf_leaf_63_clk/X                     10     15     -5 (VIOLATED)
clkbuf_leaf_65_clk/X                     10     15     -5 (VIOLATED)
clkbuf_leaf_8_clk/X                      10     15     -5 (VIOLATED)
clkbuf_leaf_90_clk/X                     10     15     -5 (VIOLATED)
_31794_/Q                                10     14     -4 (VIOLATED)
_33726_/Q                                10     14     -4 (VIOLATED)
clkbuf_5_14__f_clk/X                     10     14     -4 (VIOLATED)
clkbuf_5_15__f_clk/X                     10     14     -4 (VIOLATED)
clkbuf_5_19__f_clk/X                     10     14     -4 (VIOLATED)
clkbuf_5_23__f_clk/X                     10     14     -4 (VIOLATED)
clkbuf_5_5__f_clk/X                      10     14     -4 (VIOLATED)
clkbuf_leaf_122_clk/X                    10     14     -4 (VIOLATED)
clkbuf_leaf_19_clk/X                     10     14     -4 (VIOLATED)
clkbuf_leaf_204_clk/X                    10     14     -4 (VIOLATED)
clkbuf_leaf_243_clk/X                    10     14     -4 (VIOLATED)
clkbuf_leaf_258_clk/X                    10     14     -4 (VIOLATED)
clkbuf_leaf_270_clk/X                    10     14     -4 (VIOLATED)
clkbuf_leaf_292_clk/X                    10     14     -4 (VIOLATED)
clkbuf_leaf_325_clk/X                    10     14     -4 (VIOLATED)
clkbuf_leaf_327_clk/X                    10     14     -4 (VIOLATED)
clkbuf_leaf_339_clk/X                    10     14     -4 (VIOLATED)
clkbuf_leaf_46_clk/X                     10     14     -4 (VIOLATED)
clkbuf_leaf_87_clk/X                     10     14     -4 (VIOLATED)
clkbuf_leaf_89_clk/X                     10     14     -4 (VIOLATED)
clkbuf_leaf_94_clk/X                     10     14     -4 (VIOLATED)
fanout1020/X                             10     14     -4 (VIOLATED)
fanout575/X                              10     14     -4 (VIOLATED)
_22027_/Y                                10     13     -3 (VIOLATED)
_31823_/Q                                10     13     -3 (VIOLATED)
_31824_/Q                                10     13     -3 (VIOLATED)
clkbuf_5_12__f_clk/X                     10     13     -3 (VIOLATED)
clkbuf_5_21__f_clk/X                     10     13     -3 (VIOLATED)
clkbuf_5_25__f_clk/X                     10     13     -3 (VIOLATED)
clkbuf_5_2__f_clk/X                      10     13     -3 (VIOLATED)
clkbuf_5_3__f_clk/X                      10     13     -3 (VIOLATED)
clkbuf_5_6__f_clk/X                      10     13     -3 (VIOLATED)
clkbuf_leaf_107_clk/X                    10     13     -3 (VIOLATED)
clkbuf_leaf_121_clk/X                    10     13     -3 (VIOLATED)
clkbuf_leaf_147_clk/X                    10     13     -3 (VIOLATED)
clkbuf_leaf_148_clk/X                    10     13     -3 (VIOLATED)
clkbuf_leaf_153_clk/X                    10     13     -3 (VIOLATED)
clkbuf_leaf_155_clk/X                    10     13     -3 (VIOLATED)
clkbuf_leaf_156_clk/X                    10     13     -3 (VIOLATED)
clkbuf_leaf_160_clk/X                    10     13     -3 (VIOLATED)
clkbuf_leaf_166_clk/X                    10     13     -3 (VIOLATED)
clkbuf_leaf_179_clk/X                    10     13     -3 (VIOLATED)
clkbuf_leaf_20_clk/X                     10     13     -3 (VIOLATED)
clkbuf_leaf_219_clk/X                    10     13     -3 (VIOLATED)
clkbuf_leaf_249_clk/X                    10     13     -3 (VIOLATED)
clkbuf_leaf_264_clk/X                    10     13     -3 (VIOLATED)
clkbuf_leaf_265_clk/X                    10     13     -3 (VIOLATED)
clkbuf_leaf_271_clk/X                    10     13     -3 (VIOLATED)
clkbuf_leaf_272_clk/X                    10     13     -3 (VIOLATED)
clkbuf_leaf_280_clk/X                    10     13     -3 (VIOLATED)
clkbuf_leaf_286_clk/X                    10     13     -3 (VIOLATED)
clkbuf_leaf_299_clk/X                    10     13     -3 (VIOLATED)
clkbuf_leaf_301_clk/X                    10     13     -3 (VIOLATED)
clkbuf_leaf_324_clk/X                    10     13     -3 (VIOLATED)
clkbuf_leaf_338_clk/X                    10     13     -3 (VIOLATED)
clkbuf_leaf_348_clk/X                    10     13     -3 (VIOLATED)
clkbuf_leaf_361_clk/X                    10     13     -3 (VIOLATED)
clkbuf_leaf_366_clk/X                    10     13     -3 (VIOLATED)
clkbuf_leaf_367_clk/X                    10     13     -3 (VIOLATED)
clkbuf_leaf_3_clk/X                      10     13     -3 (VIOLATED)
clkbuf_leaf_4_clk/X                      10     13     -3 (VIOLATED)
clkbuf_leaf_91_clk/X                     10     13     -3 (VIOLATED)
fanout638/X                              10     13     -3 (VIOLATED)
fanout704/X                              10     13     -3 (VIOLATED)
_23153_/X                                10     12     -2 (VIOLATED)
_23957_/X                                10     12     -2 (VIOLATED)
_23973_/X                                10     12     -2 (VIOLATED)
_24022_/X                                10     12     -2 (VIOLATED)
_24025_/X                                10     12     -2 (VIOLATED)
_24247_/Y                                10     12     -2 (VIOLATED)
clkbuf_5_1__f_clk/X                      10     12     -2 (VIOLATED)
clkbuf_5_20__f_clk/X                     10     12     -2 (VIOLATED)
clkbuf_leaf_100_clk/X                    10     12     -2 (VIOLATED)
clkbuf_leaf_103_clk/X                    10     12     -2 (VIOLATED)
clkbuf_leaf_112_clk/X                    10     12     -2 (VIOLATED)
clkbuf_leaf_125_clk/X                    10     12     -2 (VIOLATED)
clkbuf_leaf_12_clk/X                     10     12     -2 (VIOLATED)
clkbuf_leaf_13_clk/X                     10     12     -2 (VIOLATED)
clkbuf_leaf_164_clk/X                    10     12     -2 (VIOLATED)
clkbuf_leaf_167_clk/X                    10     12     -2 (VIOLATED)
clkbuf_leaf_168_clk/X                    10     12     -2 (VIOLATED)
clkbuf_leaf_176_clk/X                    10     12     -2 (VIOLATED)
clkbuf_leaf_177_clk/X                    10     12     -2 (VIOLATED)
clkbuf_leaf_178_clk/X                    10     12     -2 (VIOLATED)
clkbuf_leaf_187_clk/X                    10     12     -2 (VIOLATED)
clkbuf_leaf_191_clk/X                    10     12     -2 (VIOLATED)
clkbuf_leaf_198_clk/X                    10     12     -2 (VIOLATED)
clkbuf_leaf_205_clk/X                    10     12     -2 (VIOLATED)
clkbuf_leaf_210_clk/X                    10     12     -2 (VIOLATED)
clkbuf_leaf_211_clk/X                    10     12     -2 (VIOLATED)
clkbuf_leaf_250_clk/X                    10     12     -2 (VIOLATED)
clkbuf_leaf_329_clk/X                    10     12     -2 (VIOLATED)
clkbuf_leaf_337_clk/X                    10     12     -2 (VIOLATED)
clkbuf_leaf_344_clk/X                    10     12     -2 (VIOLATED)
clkbuf_leaf_351_clk/X                    10     12     -2 (VIOLATED)
clkbuf_leaf_352_clk/X                    10     12     -2 (VIOLATED)
clkbuf_leaf_53_clk/X                     10     12     -2 (VIOLATED)
clkbuf_leaf_57_clk/X                     10     12     -2 (VIOLATED)
clkbuf_leaf_5_clk/X                      10     12     -2 (VIOLATED)
clkbuf_leaf_67_clk/X                     10     12     -2 (VIOLATED)
clkbuf_leaf_68_clk/X                     10     12     -2 (VIOLATED)
clkbuf_leaf_6_clk/X                      10     12     -2 (VIOLATED)
clkbuf_leaf_82_clk/X                     10     12     -2 (VIOLATED)
clkbuf_leaf_88_clk/X                     10     12     -2 (VIOLATED)
clkbuf_leaf_93_clk/X                     10     12     -2 (VIOLATED)
clkbuf_leaf_96_clk/X                     10     12     -2 (VIOLATED)
fanout1371/X                             10     12     -2 (VIOLATED)
fanout624/X                              10     12     -2 (VIOLATED)
fanout629/X                              10     12     -2 (VIOLATED)
fanout633/X                              10     12     -2 (VIOLATED)
fanout643/X                              10     12     -2 (VIOLATED)
fanout658/X                              10     12     -2 (VIOLATED)
fanout684/X                              10     12     -2 (VIOLATED)
fanout711/X                              10     12     -2 (VIOLATED)
fanout816/X                              10     12     -2 (VIOLATED)
_24007_/X                                10     11        (VIOLATED)
_31515_/Q                                10     11        (VIOLATED)
_31545_/Q                                10     11        (VIOLATED)
_31551_/Q                                10     11        (VIOLATED)
_31570_/Q                                10     11        (VIOLATED)
_31597_/Q                                10     11        (VIOLATED)
_31828_/Q                                10     11        (VIOLATED)
_32082_/Q                                10     11        (VIOLATED)
clkbuf_5_28__f_clk/X                     10     11        (VIOLATED)
clkbuf_5_9__f_clk/X                      10     11        (VIOLATED)
clkbuf_leaf_0_clk/X                      10     11        (VIOLATED)
clkbuf_leaf_101_clk/X                    10     11        (VIOLATED)
clkbuf_leaf_102_clk/X                    10     11        (VIOLATED)
clkbuf_leaf_105_clk/X                    10     11        (VIOLATED)
clkbuf_leaf_117_clk/X                    10     11        (VIOLATED)
clkbuf_leaf_123_clk/X                    10     11        (VIOLATED)
clkbuf_leaf_212_clk/X                    10     11        (VIOLATED)
clkbuf_leaf_236_clk/X                    10     11        (VIOLATED)
clkbuf_leaf_245_clk/X                    10     11        (VIOLATED)
clkbuf_leaf_248_clk/X                    10     11        (VIOLATED)
clkbuf_leaf_256_clk/X                    10     11        (VIOLATED)
clkbuf_leaf_266_clk/X                    10     11        (VIOLATED)
clkbuf_leaf_278_clk/X                    10     11        (VIOLATED)
clkbuf_leaf_284_clk/X                    10     11        (VIOLATED)
clkbuf_leaf_285_clk/X                    10     11        (VIOLATED)
clkbuf_leaf_297_clk/X                    10     11        (VIOLATED)
clkbuf_leaf_2_clk/X                      10     11        (VIOLATED)
clkbuf_leaf_300_clk/X                    10     11        (VIOLATED)
clkbuf_leaf_308_clk/X                    10     11        (VIOLATED)
clkbuf_leaf_326_clk/X                    10     11        (VIOLATED)
clkbuf_leaf_341_clk/X                    10     11        (VIOLATED)
clkbuf_leaf_347_clk/X                    10     11        (VIOLATED)
clkbuf_leaf_349_clk/X                    10     11        (VIOLATED)
clkbuf_leaf_354_clk/X                    10     11        (VIOLATED)
clkbuf_leaf_355_clk/X                    10     11        (VIOLATED)
clkbuf_leaf_365_clk/X                    10     11        (VIOLATED)
clkbuf_leaf_43_clk/X                     10     11        (VIOLATED)
clkbuf_leaf_44_clk/X                     10     11        (VIOLATED)
clkbuf_leaf_47_clk/X                     10     11        (VIOLATED)
clkbuf_leaf_51_clk/X                     10     11        (VIOLATED)
clkbuf_leaf_52_clk/X                     10     11        (VIOLATED)
clkbuf_leaf_54_clk/X                     10     11        (VIOLATED)
clkbuf_leaf_58_clk/X                     10     11        (VIOLATED)
clkbuf_leaf_60_clk/X                     10     11        (VIOLATED)
clkbuf_leaf_62_clk/X                     10     11        (VIOLATED)
clkbuf_leaf_64_clk/X                     10     11        (VIOLATED)
clkbuf_leaf_7_clk/X                      10     11        (VIOLATED)
clkbuf_leaf_85_clk/X                     10     11        (VIOLATED)
clkbuf_leaf_95_clk/X                     10     11        (VIOLATED)
fanout1244/X                             10     11        (VIOLATED)
fanout1256/X                             10     11        (VIOLATED)
fanout1261/X                             10     11        (VIOLATED)
fanout1269/X                             10     11        (VIOLATED)
fanout1360/X                             10     11        (VIOLATED)
fanout1710/X                             10     11        (VIOLATED)
fanout1736/X                             10     11        (VIOLATED)
fanout1740/X                             10     11        (VIOLATED)
fanout1750/X                             10     11        (VIOLATED)
fanout412/X                              10     11        (VIOLATED)
fanout414/X                              10     11        (VIOLATED)
fanout525/X                              10     11        (VIOLATED)
fanout557/X                              10     11        (VIOLATED)
fanout559/X                              10     11        (VIOLATED)
fanout563/X                              10     11        (VIOLATED)
fanout577/X                              10     11        (VIOLATED)
fanout668/X                              10     11        (VIOLATED)
fanout679/X                              10     11        (VIOLATED)
fanout687/X                              10     11        (VIOLATED)
fanout863/X                              10     11        (VIOLATED)
fanout902/X                              10     11        (VIOLATED)

max capacitance

Pin                                        Limit         Cap       Slack
------------------------------------------------------------------------
fanout1087/X                            0.200000    0.323760   -0.123760 (VIOLATED)
fanout1371/X                            0.200000    0.290953   -0.090953 (VIOLATED)
fanout412/X                             0.200000    0.289198   -0.089198 (VIOLATED)
fanout1247/X                            0.200000    0.272082   -0.072082 (VIOLATED)
wire1273/X                              0.200000    0.270252   -0.070252 (VIOLATED)
fanout1229/X                            0.200000    0.268414   -0.068414 (VIOLATED)
_29799_/X                               0.200000    0.257214   -0.057214 (VIOLATED)
fanout1260/X                            0.200000    0.244912   -0.044912 (VIOLATED)
_24569_/Y                               0.200000    0.232554   -0.032554 (VIOLATED)
fanout1020/X                            0.200000    0.224026   -0.024026 (VIOLATED)
fanout638/X                             0.200000    0.223916   -0.023916 (VIOLATED)
_31806_/Q                               0.200000    0.223896   -0.023896 (VIOLATED)
_31904_/Q                               0.200000    0.217981   -0.017981 (VIOLATED)
_31903_/Q                               0.200000    0.214603   -0.014603 (VIOLATED)
fanout1711/X                            0.200000    0.214366   -0.014366 (VIOLATED)
fanout869/X                             0.200000    0.212575   -0.012575 (VIOLATED)
_31794_/Q                               0.200000    0.211970   -0.011970 (VIOLATED)
clkbuf_2_2_0_clk/X                      0.200000    0.207308   -0.007308 (VIOLATED)
fanout704/X                             0.200000    0.207256   -0.007256 (VIOLATED)
_28637_/Y                               0.200000    0.206514   -0.006514 (VIOLATED)
_31734_/Q                               0.200000    0.206017   -0.006017 (VIOLATED)
_31733_/Q                               0.200000    0.204962   -0.004962 (VIOLATED)
_31795_/Q                               0.200000    0.203761   -0.003761 (VIOLATED)
fanout643/X                             0.200000    0.202679   -0.002679 (VIOLATED)
max_cap1374/X                           0.200000    0.202676   -0.002676 (VIOLATED)



===========================================================================
report_parasitic_annotation -report_unannotated
============================================================================
Found 347 unannotated drivers.
 clkload0/Y
 clkload1/Y
 clkload10/Y
 clkload100/Y
 clkload101/X
 clkload102/Y
 clkload103/Y
 clkload104/Y
 clkload105/Y
 clkload106/Y
 clkload107/Y
 clkload108/Y
 clkload109/Y
 clkload11/Y
 clkload110/Y
 clkload111/Y
 clkload112/Y
 clkload113/X
 clkload114/Y
 clkload115/Y
 clkload116/Y
 clkload117/X
 clkload118/Y
 clkload119/Y
 clkload12/Y
 clkload120/Y
 clkload121/Y
 clkload122/Y
 clkload123/X
 clkload124/Y
 clkload125/Y
 clkload126/Y
 clkload127/Y
 clkload128/Y
 clkload129/Y
 clkload13/X
 clkload130/Y
 clkload131/Y
 clkload132/Y
 clkload133/X
 clkload134/X
 clkload135/X
 clkload136/X
 clkload137/Y
 clkload138/Y
 clkload139/Y
 clkload14/Y
 clkload140/Y
 clkload141/Y
 clkload142/Y
 clkload143/Y
 clkload144/Y
 clkload145/Y
 clkload146/Y
 clkload147/Y
 clkload148/Y
 clkload149/Y
 clkload15/X
 clkload150/Y
 clkload151/Y
 clkload152/Y
 clkload153/Y
 clkload154/Y
 clkload155/Y
 clkload156/Y
 clkload157/Y
 clkload158/Y
 clkload159/Y
 clkload16/Y
 clkload160/Y
 clkload161/X
 clkload162/Y
 clkload163/Y
 clkload164/Y
 clkload165/X
 clkload166/X
 clkload167/Y
 clkload168/Y
 clkload169/Y
 clkload17/Y
 clkload170/Y
 clkload171/Y
 clkload172/X
 clkload173/Y
 clkload174/Y
 clkload175/Y
 clkload176/Y
 clkload177/Y
 clkload178/X
 clkload179/Y
 clkload18/Y
 clkload180/Y
 clkload181/Y
 clkload182/Y
 clkload183/Y
 clkload184/Y
 clkload185/Y
 clkload186/Y
 clkload187/Y
 clkload188/Y
 clkload189/Y
 clkload19/Y
 clkload190/Y
 clkload191/Y
 clkload192/Y
 clkload193/Y
 clkload194/Y
 clkload195/Y
 clkload196/Y
 clkload197/Y
 clkload198/Y
 clkload199/Y
 clkload2/Y
 clkload20/Y
 clkload200/Y
 clkload201/Y
 clkload202/Y
 clkload203/Y
 clkload204/Y
 clkload205/Y
 clkload206/Y
 clkload207/Y
 clkload208/Y
 clkload209/X
 clkload21/Y
 clkload210/X
 clkload211/Y
 clkload212/Y
 clkload213/X
 clkload214/Y
 clkload215/Y
 clkload216/Y
 clkload217/Y
 clkload218/Y
 clkload219/Y
 clkload22/Y
 clkload220/Y
 clkload221/Y
 clkload222/X
 clkload223/X
 clkload224/Y
 clkload225/Y
 clkload226/Y
 clkload227/X
 clkload228/Y
 clkload229/Y
 clkload23/X
 clkload230/Y
 clkload231/Y
 clkload232/X
 clkload233/Y
 clkload234/X
 clkload235/Y
 clkload236/Y
 clkload237/Y
 clkload238/Y
 clkload239/Y
 clkload24/Y
 clkload240/Y
 clkload241/Y
 clkload242/Y
 clkload243/Y
 clkload244/X
 clkload245/X
 clkload246/Y
 clkload247/Y
 clkload248/Y
 clkload249/Y
 clkload25/Y
 clkload250/Y
 clkload251/Y
 clkload252/Y
 clkload253/Y
 clkload254/Y
 clkload255/Y
 clkload256/Y
 clkload257/X
 clkload258/Y
 clkload259/Y
 clkload26/Y
 clkload260/Y
 clkload261/Y
 clkload262/Y
 clkload263/Y
 clkload264/Y
 clkload265/Y
 clkload266/Y
 clkload267/Y
 clkload268/Y
 clkload269/Y
 clkload27/Y
 clkload270/X
 clkload271/Y
 clkload272/Y
 clkload273/Y
 clkload274/X
 clkload275/Y
 clkload276/Y
 clkload277/Y
 clkload278/X
 clkload279/Y
 clkload28/Y
 clkload280/Y
 clkload281/Y
 clkload282/X
 clkload283/Y
 clkload284/Y
 clkload285/Y
 clkload286/X
 clkload287/X
 clkload288/Y
 clkload289/Y
 clkload29/Y
 clkload290/Y
 clkload291/Y
 clkload292/Y
 clkload293/Y
 clkload294/Y
 clkload295/Y
 clkload296/Y
 clkload297/Y
 clkload298/Y
 clkload299/Y
 clkload3/Y
 clkload30/Y
 clkload300/Y
 clkload301/Y
 clkload302/Y
 clkload303/Y
 clkload304/Y
 clkload305/Y
 clkload306/Y
 clkload307/Y
 clkload308/Y
 clkload309/Y
 clkload31/Y
 clkload310/Y
 clkload311/Y
 clkload312/Y
 clkload313/Y
 clkload314/X
 clkload315/Y
 clkload316/Y
 clkload317/X
 clkload318/Y
 clkload319/X
 clkload32/X
 clkload320/X
 clkload321/X
 clkload322/Y
 clkload323/Y
 clkload324/Y
 clkload325/Y
 clkload326/Y
 clkload327/X
 clkload328/X
 clkload329/X
 clkload33/X
 clkload330/Y
 clkload331/Y
 clkload332/Y
 clkload333/Y
 clkload334/Y
 clkload335/Y
 clkload336/X
 clkload337/X
 clkload338/Y
 clkload339/Y
 clkload34/Y
 clkload340/Y
 clkload341/Y
 clkload342/Y
 clkload343/Y
 clkload344/Y
 clkload345/Y
 clkload346/Y
 clkload35/Y
 clkload36/Y
 clkload37/Y
 clkload38/Y
 clkload39/Y
 clkload4/Y
 clkload40/Y
 clkload41/Y
 clkload42/Y
 clkload43/Y
 clkload44/Y
 clkload45/Y
 clkload46/X
 clkload47/Y
 clkload48/X
 clkload49/Y
 clkload5/Y
 clkload50/Y
 clkload51/Y
 clkload52/Y
 clkload53/Y
 clkload54/Y
 clkload55/X
 clkload56/Y
 clkload57/Y
 clkload58/Y
 clkload59/Y
 clkload6/Y
 clkload60/X
 clkload61/Y
 clkload62/Y
 clkload63/Y
 clkload64/Y
 clkload65/Y
 clkload66/Y
 clkload67/Y
 clkload68/Y
 clkload69/Y
 clkload7/Y
 clkload70/Y
 clkload71/Y
 clkload72/Y
 clkload73/Y
 clkload74/Y
 clkload75/Y
 clkload76/Y
 clkload77/Y
 clkload78/X
 clkload79/X
 clkload8/Y
 clkload80/Y
 clkload81/Y
 clkload82/Y
 clkload83/Y
 clkload84/Y
 clkload85/Y
 clkload86/Y
 clkload87/Y
 clkload88/Y
 clkload89/Y
 clkload9/Y
 clkload90/Y
 clkload91/Y
 clkload92/Y
 clkload93/Y
 clkload94/X
 clkload95/Y
 clkload96/Y
 clkload97/Y
 clkload98/Y
 clkload99/Y
Found 0 partially unannotated drivers.

===========================================================================
max slew violation count 0
max fanout violation count 214
max cap violation count 25
============================================================================

===========================================================================
check_setup -verbose -unconstrained_endpoints -multiple_clock -no_clock -no_input_delay -loops -generated_clocks
===========================================================================
