Clock: clk
Sources: clk 
Generated: no
Virtual: no
Propagated: no
Period: 20.000000

===========================================================================
report_clock_properties
============================================================================
Clock                   Period          Waveform
----------------------------------------------------
clk                  20.000000    0.000000 10.000000

===========================================================================
report_clock_latency
============================================================================
Clock clk
rise -> rise
    min     max
0.000000 0.000000 source latency
16.994240         network latency _31250_/CLK
        16.994240 network latency _31250_/CLK
---------------
16.994240 16.994240 latency
        0.000000 skew

fall -> fall
    min     max
0.000000 0.000000 source latency
8.304297         network latency _31250_/CLK
        8.304297 network latency _31250_/CLK
---------------
8.304297 8.304297 latency
        0.000000 skew



===========================================================================
report_clock_min_period
============================================================================
clk period_min = 24.31 fmax = 41.13
