
===========================================================================
 report_power
============================================================================
======================= nom_tt_025C_1v80 Corner ===================================

Group                    Internal    Switching      Leakage        Total
                            Power        Power        Power        Power (Watts)
------------------------------------------------------------------------
Sequential           2.330504e-02 2.016738e-03 3.220105e-08 2.532181e-02   0.5%
Combinational        2.603767e+00 2.276336e+00 6.600398e-08 4.880104e+00  99.5%
Clock                0.000000e+00 0.000000e+00 0.000000e+00 0.000000e+00   0.0%
Macro                0.000000e+00 0.000000e+00 0.000000e+00 0.000000e+00   0.0%
Pad                  0.000000e+00 0.000000e+00 0.000000e+00 0.000000e+00   0.0%
------------------------------------------------------------------------
Total                2.627087e+00 2.278402e+00 9.820450e-08 4.905489e+00 100.0%
                            53.6%        46.4%         0.0%

