Clock: clk
Sources: clk 
Generated: no
Virtual: yes
Propagated: no
Period: 20.000000

===========================================================================
report_clock_properties
============================================================================
Clock                   Period          Waveform
----------------------------------------------------
clk                  20.000000    0.000000 10.000000

===========================================================================
report_clock_latency
============================================================================
Clock clk
rise -> rise
    min     max
0.000000 0.000000 source latency
2.591820         network latency _32777_/CLK
        3.151166 network latency _31945_/CLK
---------------
2.591820 3.151166 latency
        0.559347 skew

fall -> fall
    min     max
0.000000 0.000000 source latency
2.061467         network latency _32777_/CLK
        2.543615 network latency _33796_/CLK
---------------
2.061467 2.543615 latency
        0.482148 skew



===========================================================================
report_clock_min_period
============================================================================
clk period_min = 50.35 fmax = 19.86
