Clock: clk
Sources: clk 
Generated: no
Virtual: yes
Propagated: no
Period: 20.000000

===========================================================================
report_clock_properties
============================================================================
Clock                   Period          Waveform
----------------------------------------------------
clk                  20.000000    0.000000 10.000000

===========================================================================
report_clock_latency
============================================================================
Clock clk
rise -> rise
    min     max
0.000000 0.000000 source latency
24.229555         network latency _32829_/CLK
        25.474659 network latency _32788_/CLK
---------------
24.229555 25.474659 latency
        1.245104 skew

fall -> fall
    min     max
0.000000 0.000000 source latency
11.789898         network latency _32829_/CLK
        12.947006 network latency _32788_/CLK
---------------
11.789898 12.947006 latency
        1.157108 skew



===========================================================================
report_clock_min_period
============================================================================
clk period_min = 57.42 fmax = 17.42
