
===========================================================================
 report_power
============================================================================
======================= nom_tt_025C_1v80 Corner ===================================

Group                    Internal    Switching      Leakage        Total
                            Power        Power        Power        Power (Watts)
------------------------------------------------------------------------
Sequential           2.308265e-02 3.212316e-03 3.415910e-08 2.629500e-02   0.3%
Combinational        3.395242e+00 4.348415e+00 8.786602e-08 7.743657e+00  99.6%
Clock                2.866940e-03 2.457102e-03 6.949432e-09 5.324048e-03   0.1%
Macro                0.000000e+00 0.000000e+00 0.000000e+00 0.000000e+00   0.0%
Pad                  0.000000e+00 0.000000e+00 0.000000e+00 0.000000e+00   0.0%
------------------------------------------------------------------------
Total                3.421227e+00 4.353988e+00 1.289746e-07 7.775215e+00 100.0%
                            44.0%        56.0%         0.0%
Writing metric power__internal__total: 3.421226739883423
Writing metric power__switching__total: 4.353988170623779
Writing metric power__leakage__total: 1.2897460521799076e-7
Writing metric power__total: 7.775215148925781

