
===========================================================================
report_checks -unconstrained
===========================================================================
======================= nom_tt_025C_1v80 Corner ===================================

Startpoint: rst_n (input port clocked by clk)
Endpoint: _31572_ (recovery check against rising-edge clock clk)
Path Group: asynchronous
Path Type: max

Fanout         Cap        Slew       Delay        Time   Description
---------------------------------------------------------------------------------------------
                                  0.000000    0.000000   clock clk (rise edge)
                                  0.000000    0.000000   clock network delay (propagated)
                                  4.000000    4.000000 ^ input external delay
     1    0.002584    0.018809    0.009563    4.009562 ^ rst_n (in)
                                                         rst_n (net)
                      0.018809    0.000000    4.009562 ^ input71/A (sky130_fd_sc_hd__dlymetal6s2s_1)
     1    0.020285    0.217613    0.200364    4.209927 ^ input71/X (sky130_fd_sc_hd__dlymetal6s2s_1)
                                                         net71 (net)
                      0.217641    0.002011    4.211937 ^ fanout1711/A (sky130_fd_sc_hd__buf_8)
     9    0.214552    0.341030    0.346117    4.558054 ^ fanout1711/X (sky130_fd_sc_hd__buf_8)
                                                         net1711 (net)
                      0.341047    0.002088    4.560142 ^ fanout1539/A (sky130_fd_sc_hd__buf_6)
     9    0.196868    0.386132    0.392912    4.953054 ^ fanout1539/X (sky130_fd_sc_hd__buf_6)
                                                         net1539 (net)
                      0.387692    0.020240    4.973294 ^ fanout1474/A (sky130_fd_sc_hd__clkbuf_8)
     9    0.137421    0.239991    0.361358    5.334652 ^ fanout1474/X (sky130_fd_sc_hd__clkbuf_8)
                                                         net1474 (net)
                      0.240585    0.009933    5.344585 ^ fanout1472/A (sky130_fd_sc_hd__buf_4)
    10    0.099248    0.274093    0.333221    5.677805 ^ fanout1472/X (sky130_fd_sc_hd__buf_4)
                                                         net1472 (net)
                      0.274106    0.001590    5.679395 ^ fanout1471/A (sky130_fd_sc_hd__buf_2)
     7    0.057696    0.281300    0.342974    6.022369 ^ fanout1471/X (sky130_fd_sc_hd__buf_2)
                                                         net1471 (net)
                      0.281388    0.000662    6.023032 ^ fanout1470/A (sky130_fd_sc_hd__buf_2)
     6    0.047356    0.232529    0.311202    6.334233 ^ fanout1470/X (sky130_fd_sc_hd__buf_2)
                                                         net1470 (net)
                      0.232529    0.000896    6.335129 ^ fanout1467/A (sky130_fd_sc_hd__clkbuf_4)
    10    0.055477    0.170718    0.292685    6.627814 ^ fanout1467/X (sky130_fd_sc_hd__clkbuf_4)
                                                         net1467 (net)
                      0.170720    0.001022    6.628837 ^ fanout1466/A (sky130_fd_sc_hd__clkbuf_4)
    10    0.049708    0.155985    0.261607    6.890444 ^ fanout1466/X (sky130_fd_sc_hd__clkbuf_4)
                                                         net1466 (net)
                      0.156007    0.001851    6.892294 ^ _31572_/RESET_B (sky130_fd_sc_hd__dfrtp_4)
                                              6.892294   data arrival time

                                 20.000000   20.000000   clock clk (rise edge)
                                  0.000000   20.000000   clock source latency
     3    0.136527    0.617932    0.440012   20.440012 ^ clk (in)
                                                         clk (net)
                      0.623627    0.000000   20.440012 ^ clkbuf_0_clk/A (sky130_fd_sc_hd__clkbuf_16)
     4    0.186841    0.201742    0.380116   20.820127 ^ clkbuf_0_clk/X (sky130_fd_sc_hd__clkbuf_16)
                                                         clknet_0_clk (net)
                      0.202547    0.010340   20.830469 ^ clkbuf_2_0_0_clk/A (sky130_fd_sc_hd__clkbuf_8)
     8    0.198449    0.340094    0.387933   21.218401 ^ clkbuf_2_0_0_clk/X (sky130_fd_sc_hd__clkbuf_8)
                                                         clknet_2_0_0_clk (net)
                      0.340125    0.002766   21.221169 ^ clkbuf_5_7__f_clk/A (sky130_fd_sc_hd__clkbuf_16)
    10    0.124263    0.139464    0.289683   21.510851 ^ clkbuf_5_7__f_clk/X (sky130_fd_sc_hd__clkbuf_16)
                                                         clknet_5_7__leaf_clk (net)
                      0.139470    0.001393   21.512243 ^ clkbuf_leaf_325_clk/A (sky130_fd_sc_hd__clkbuf_8)
    14    0.046988    0.093319    0.198893   21.711136 ^ clkbuf_leaf_325_clk/X (sky130_fd_sc_hd__clkbuf_8)
                                                         clknet_leaf_325_clk (net)
                      0.093333    0.001164   21.712299 ^ _31572_/CLK (sky130_fd_sc_hd__dfrtp_4)
                                 -0.250000   21.462301   clock uncertainty
                                  0.000000   21.462301   clock reconvergence pessimism
                                  0.196456   21.658756   library recovery time
                                             21.658756   data required time
---------------------------------------------------------------------------------------------
                                             21.658756   data required time
                                             -6.892294   data arrival time
---------------------------------------------------------------------------------------------
                                             14.766462   slack (MET)


Startpoint: _31831_ (rising edge-triggered flip-flop clocked by clk)
Endpoint: _31830_ (rising edge-triggered flip-flop clocked by clk)
Path Group: clk
Path Type: max

Fanout         Cap        Slew       Delay        Time   Description
---------------------------------------------------------------------------------------------
                                  0.000000    0.000000   clock clk (rise edge)
                                  0.000000    0.000000   clock source latency
     3    0.136527    0.617932    0.440012    0.440012 ^ clk (in)
                                                         clk (net)
                      0.623627    0.000000    0.440012 ^ clkbuf_0_clk/A (sky130_fd_sc_hd__clkbuf_16)
     4    0.186841    0.201742    0.380116    0.820129 ^ clkbuf_0_clk/X (sky130_fd_sc_hd__clkbuf_16)
                                                         clknet_0_clk (net)
                      0.202547    0.010339    0.830468 ^ clkbuf_2_0_0_clk/A (sky130_fd_sc_hd__clkbuf_8)
     8    0.198449    0.340094    0.387934    1.218402 ^ clkbuf_2_0_0_clk/X (sky130_fd_sc_hd__clkbuf_8)
                                                         clknet_2_0_0_clk (net)
                      0.340837    0.013105    1.231507 ^ clkbuf_5_1__f_clk/A (sky130_fd_sc_hd__clkbuf_16)
    12    0.145330    0.159610    0.303385    1.534892 ^ clkbuf_5_1__f_clk/X (sky130_fd_sc_hd__clkbuf_16)
                                                         clknet_5_1__leaf_clk (net)
                      0.159889    0.005401    1.540293 ^ clkbuf_leaf_329_clk/A (sky130_fd_sc_hd__clkbuf_8)
    12    0.043940    0.088584    0.201570    1.741863 ^ clkbuf_leaf_329_clk/X (sky130_fd_sc_hd__clkbuf_8)
                                                         clknet_leaf_329_clk (net)
                      0.088604    0.001290    1.743153 ^ _31831_/CLK (sky130_fd_sc_hd__dfrtp_4)
     7    0.125421    0.359358    0.647809    2.390962 ^ _31831_/Q (sky130_fd_sc_hd__dfrtp_4)
                                                         chacha_unit.U_QR_COL_1.in_b[5] (net)
                      0.361357    0.021958    2.412920 ^ _16308_/A (sky130_fd_sc_hd__or2_4)
     3    0.010882    0.052516    0.205914    2.618834 ^ _16308_/X (sky130_fd_sc_hd__or2_4)
                                                         _12323_ (net)
                      0.052516    0.000147    2.618981 ^ _16309_/B (sky130_fd_sc_hd__nand2_2)
     2    0.021138    0.093576    0.096570    2.715551 v _16309_/Y (sky130_fd_sc_hd__nand2_2)
                                                         _12324_ (net)
                      0.093579    0.000433    2.715984 v _16310_/A (sky130_fd_sc_hd__or4_4)
     1    0.005297    0.085616    0.546263    3.262248 v _16310_/X (sky130_fd_sc_hd__or4_4)
                                                         _12325_ (net)
                      0.085616    0.000131    3.262378 v _16311_/C1 (sky130_fd_sc_hd__a211o_4)
     2    0.073345    0.138461    0.383669    3.646047 v _16311_/X (sky130_fd_sc_hd__a211o_4)
                                                         _12326_ (net)
                      0.138686    0.004911    3.650958 v _16322_/A2 (sky130_fd_sc_hd__a211o_4)
     4    0.024744    0.078888    0.406214    4.057172 v _16322_/X (sky130_fd_sc_hd__a211o_4)
                                                         _12337_ (net)
                      0.078980    0.001793    4.058965 v _16345_/A2 (sky130_fd_sc_hd__a2111o_4)
     2    0.076916    0.166227    0.626499    4.685464 v _16345_/X (sky130_fd_sc_hd__a2111o_4)
                                                         _12360_ (net)
                      0.167749    0.011934    4.697398 v _16355_/A2 (sky130_fd_sc_hd__a21oi_4)
     4    0.024864    0.214117    0.276031    4.973429 ^ _16355_/Y (sky130_fd_sc_hd__a21oi_4)
                                                         _12370_ (net)
                      0.214125    0.001588    4.975017 ^ _16367_/A2 (sky130_fd_sc_hd__o211ai_2)
     3    0.010299    0.099097    0.129144    5.104161 v _16367_/Y (sky130_fd_sc_hd__o211ai_2)
                                                         _12382_ (net)
                      0.099097    0.000348    5.104509 v _16375_/A1 (sky130_fd_sc_hd__a211o_1)
     2    0.009352    0.077990    0.309050    5.413558 v _16375_/X (sky130_fd_sc_hd__a211o_1)
                                                         _12390_ (net)
                      0.077990    0.000250    5.413809 v _16376_/B (sky130_fd_sc_hd__nand2_2)
     1    0.016213    0.099019    0.118551    5.532361 ^ _16376_/Y (sky130_fd_sc_hd__nand2_2)
                                                         _12391_ (net)
                      0.099056    0.000484    5.532844 ^ _16378_/B (sky130_fd_sc_hd__xor2_4)
     3    0.032970    0.101502    0.118618    5.651462 v _16378_/X (sky130_fd_sc_hd__xor2_4)
                                                         _12393_ (net)
                      0.101512    0.000780    5.652242 v _16379_/B (sky130_fd_sc_hd__xnor2_4)
     2    0.078921    0.586348    0.495951    6.148193 ^ _16379_/Y (sky130_fd_sc_hd__xnor2_4)
                                                         _12394_ (net)
                      0.586465    0.006795    6.154987 ^ max_cap382/A (sky130_fd_sc_hd__buf_4)
     2    0.049860    0.148047    0.301116    6.456104 ^ max_cap382/X (sky130_fd_sc_hd__buf_4)
                                                         net382 (net)
                      0.148711    0.007561    6.463665 ^ _16381_/B (sky130_fd_sc_hd__xnor2_4)
     4    0.024353    0.098931    0.113168    6.576833 v _16381_/Y (sky130_fd_sc_hd__xnor2_4)
                                                         _12396_ (net)
                      0.098931    0.000421    6.577254 v _16404_/A (sky130_fd_sc_hd__or4_4)
     2    0.006387    0.087670    0.552135    7.129389 v _16404_/X (sky130_fd_sc_hd__or4_4)
                                                         _12419_ (net)
                      0.087670    0.000120    7.129509 v _16493_/A (sky130_fd_sc_hd__or4bb_4)
     3    0.017284    0.110608    0.589229    7.718738 v _16493_/X (sky130_fd_sc_hd__or4bb_4)
                                                         _12508_ (net)
                      0.110608    0.000825    7.719563 v _16502_/A2 (sky130_fd_sc_hd__a31o_1)
     2    0.009822    0.066855    0.261281    7.980844 v _16502_/X (sky130_fd_sc_hd__a31o_1)
                                                         _12517_ (net)
                      0.066855    0.000222    7.981066 v _16504_/A2 (sky130_fd_sc_hd__a21o_1)
     3    0.016874    0.090465    0.238494    8.219560 v _16504_/X (sky130_fd_sc_hd__a21o_1)
                                                         _12519_ (net)
                      0.090465    0.000353    8.219913 v _16668_/B (sky130_fd_sc_hd__and3_1)
     3    0.018855    0.104648    0.246633    8.466546 v _16668_/X (sky130_fd_sc_hd__and3_1)
                                                         _12683_ (net)
                      0.104656    0.000978    8.467524 v _16672_/A1 (sky130_fd_sc_hd__o21ai_4)
     3    0.069399    0.495202    0.450815    8.918339 ^ _16672_/Y (sky130_fd_sc_hd__o21ai_4)
                                                         _12687_ (net)
                      0.495282    0.005167    8.923506 ^ _16674_/C (sky130_fd_sc_hd__and3_1)
     2    0.026214    0.261141    0.385293    9.308799 ^ _16674_/X (sky130_fd_sc_hd__and3_1)
                                                         _12689_ (net)
                      0.261166    0.002686    9.311484 ^ _16678_/B1 (sky130_fd_sc_hd__a21o_1)
     2    0.024760    0.217308    0.247015    9.558499 ^ _16678_/X (sky130_fd_sc_hd__a21o_1)
                                                         _12693_ (net)
                      0.217308    0.000790    9.559289 ^ _16679_/A2 (sky130_fd_sc_hd__a21o_4)
     2    0.030557    0.094217    0.204751    9.764040 ^ _16679_/X (sky130_fd_sc_hd__a21o_4)
                                                         _12694_ (net)
                      0.094223    0.000895    9.764935 ^ _16682_/A2 (sky130_fd_sc_hd__a21oi_4)
     3    0.015945    0.063359    0.078376    9.843311 v _16682_/Y (sky130_fd_sc_hd__a21oi_4)
                                                         _12697_ (net)
                      0.063361    0.000597    9.843908 v _16704_/A1 (sky130_fd_sc_hd__o41a_4)
     3    0.053209    0.130587    0.583595   10.427504 v _16704_/X (sky130_fd_sc_hd__o41a_4)
                                                         _12719_ (net)
                      0.132091    0.009914   10.437417 v _16718_/A3 (sky130_fd_sc_hd__a311o_4)
     2    0.017257    0.075716    0.464268   10.901685 v _16718_/X (sky130_fd_sc_hd__a311o_4)
                                                         _12733_ (net)
                      0.075716    0.000542   10.902227 v _16772_/A1 (sky130_fd_sc_hd__a21oi_4)
     3    0.048089    0.358634    0.327578   11.229805 ^ _16772_/Y (sky130_fd_sc_hd__a21oi_4)
                                                         _12787_ (net)
                      0.358828    0.006749   11.236554 ^ _16908_/A2 (sky130_fd_sc_hd__o2111ai_4)
     3    0.020482    0.159465    0.189725   11.426279 v _16908_/Y (sky130_fd_sc_hd__o2111ai_4)
                                                         _12923_ (net)
                      0.159466    0.000831   11.427111 v _16962_/A2 (sky130_fd_sc_hd__a211o_1)
     2    0.006914    0.067066    0.350664   11.777774 v _16962_/X (sky130_fd_sc_hd__a211o_1)
                                                         _12977_ (net)
                      0.067066    0.000209   11.777983 v _16963_/A1 (sky130_fd_sc_hd__a21o_1)
     3    0.009635    0.061071    0.190512   11.968495 v _16963_/X (sky130_fd_sc_hd__a21o_1)
                                                         _12978_ (net)
                      0.061071    0.000235   11.968730 v _16975_/B (sky130_fd_sc_hd__and2_4)
     3    0.094757    0.126681    0.258011   12.226742 v _16975_/X (sky130_fd_sc_hd__and2_4)
                                                         _12990_ (net)
                      0.126698    0.001611   12.228353 v _16976_/A (sky130_fd_sc_hd__xnor2_4)
     3    0.021551    0.212698    0.258885   12.487238 ^ _16976_/Y (sky130_fd_sc_hd__xnor2_4)
                                                         _12991_ (net)
                      0.212698    0.000509   12.487747 ^ _16978_/B (sky130_fd_sc_hd__xor2_4)
     3    0.025862    0.122564    0.139168   12.626915 v _16978_/X (sky130_fd_sc_hd__xor2_4)
                                                         _12993_ (net)
                      0.122564    0.000418   12.627334 v _16980_/A (sky130_fd_sc_hd__and3_1)
     2    0.008195    0.060151    0.199159   12.826492 v _16980_/X (sky130_fd_sc_hd__and3_1)
                                                         _12995_ (net)
                      0.060152    0.000346   12.826838 v _16983_/C (sky130_fd_sc_hd__and4_1)
     2    0.009752    0.066452    0.223617   13.050455 v _16983_/X (sky130_fd_sc_hd__and4_1)
                                                         _12998_ (net)
                      0.066453    0.000377   13.050833 v _16993_/A1 (sky130_fd_sc_hd__o31a_4)
     2    0.057526    0.116083    0.442185   13.493018 v _16993_/X (sky130_fd_sc_hd__o31a_4)
                                                         _13008_ (net)
                      0.116330    0.004686   13.497704 v _17009_/A2 (sky130_fd_sc_hd__o31a_1)
     1    0.010203    0.079181    0.337309   13.835012 v _17009_/X (sky130_fd_sc_hd__o31a_1)
                                                         _13024_ (net)
                      0.079181    0.000403   13.835416 v _17060_/A2 (sky130_fd_sc_hd__a211o_4)
     4    0.093287    0.167115    0.460880   14.296296 v _17060_/X (sky130_fd_sc_hd__a211o_4)
                                                         _13075_ (net)
                      0.174066    0.026635   14.322930 v _17065_/A2 (sky130_fd_sc_hd__a21oi_4)
     2    0.024522    0.212208    0.277011   14.599942 ^ _17065_/Y (sky130_fd_sc_hd__a21oi_4)
                                                         _13080_ (net)
                      0.212208    0.000697   14.600639 ^ _17103_/A2 (sky130_fd_sc_hd__o21ba_1)
     1    0.016618    0.170432    0.238319   14.838958 ^ _17103_/X (sky130_fd_sc_hd__o21ba_1)
                                                         _13118_ (net)
                      0.170432    0.000552   14.839510 ^ _17104_/B (sky130_fd_sc_hd__xor2_4)
     3    0.037440    0.298738    0.303377   15.142886 ^ _17104_/X (sky130_fd_sc_hd__xor2_4)
                                                         _13119_ (net)
                      0.298756    0.001869   15.144755 ^ _17105_/B (sky130_fd_sc_hd__xnor2_2)
     1    0.036330    0.476008    0.259121   15.403876 ^ _17105_/Y (sky130_fd_sc_hd__xnor2_2)
                                                         _13120_ (net)
                      0.476083    0.004887   15.408763 ^ wire258/A (sky130_fd_sc_hd__buf_4)
     3    0.074692    0.210090    0.329775   15.738538 ^ wire258/X (sky130_fd_sc_hd__buf_4)
                                                         net258 (net)
                      0.210584    0.007550   15.746087 ^ _17107_/B (sky130_fd_sc_hd__nand2_1)
     2    0.009252    0.115741    0.126938   15.873026 v _17107_/Y (sky130_fd_sc_hd__nand2_1)
                                                         _13122_ (net)
                      0.115741    0.000224   15.873250 v _17121_/A1 (sky130_fd_sc_hd__a21o_2)
     2    0.024067    0.082370    0.267047   16.140297 v _17121_/X (sky130_fd_sc_hd__a21o_2)
                                                         _13136_ (net)
                      0.082377    0.000805   16.141102 v _17123_/A1 (sky130_fd_sc_hd__a21o_4)
     3    0.032212    0.067015    0.251772   16.392874 v _17123_/X (sky130_fd_sc_hd__a21o_4)
                                                         _13138_ (net)
                      0.067050    0.001444   16.394318 v _17132_/A2 (sky130_fd_sc_hd__a41oi_2)
     3    0.013032    0.234439    0.241815   16.636133 ^ _17132_/Y (sky130_fd_sc_hd__a41oi_2)
                                                         _13147_ (net)
                      0.234440    0.000634   16.636766 ^ _17719_/A2 (sky130_fd_sc_hd__a21o_1)
     4    0.027366    0.238515    0.296566   16.933334 ^ _17719_/X (sky130_fd_sc_hd__a21o_1)
                                                         _13734_ (net)
                      0.238619    0.002307   16.935640 ^ _17729_/A2 (sky130_fd_sc_hd__a211o_4)
     2    0.028143    0.091761    0.218558   17.154198 ^ _17729_/X (sky130_fd_sc_hd__a211o_4)
                                                         _13744_ (net)
                      0.091898    0.003158   17.157356 ^ _18526_/A1 (sky130_fd_sc_hd__a21o_1)
     3    0.020048    0.178344    0.216712   17.374069 ^ _18526_/X (sky130_fd_sc_hd__a21o_1)
                                                         _14541_ (net)
                      0.178346    0.000941   17.375010 ^ _18529_/A2 (sky130_fd_sc_hd__o31ai_4)
     3    0.026229    0.103176    0.131301   17.506311 v _18529_/Y (sky130_fd_sc_hd__o31ai_4)
                                                         _14544_ (net)
                      0.103186    0.000973   17.507284 v _19129_/A3 (sky130_fd_sc_hd__a311o_4)
     2    0.025816    0.086911    0.468216   17.975500 v _19129_/X (sky130_fd_sc_hd__a311o_4)
                                                         _15144_ (net)
                      0.086937    0.001423   17.976923 v _19171_/A (sky130_fd_sc_hd__xnor2_4)
     3    0.053166    0.417322    0.394007   18.370930 ^ _19171_/Y (sky130_fd_sc_hd__xnor2_4)
                                                         _15186_ (net)
                      0.417407    0.004814   18.375744 ^ _19174_/A (sky130_fd_sc_hd__xor2_4)
     4    0.073802    0.527253    0.494991   18.870735 ^ _19174_/X (sky130_fd_sc_hd__xor2_4)
                                                         _15189_ (net)
                      0.527808    0.013991   18.884726 ^ _19175_/B (sky130_fd_sc_hd__xnor2_4)
     4    0.030292    0.135933    0.179780   19.064505 v _19175_/Y (sky130_fd_sc_hd__xnor2_4)
                                                         _15190_ (net)
                      0.135939    0.001037   19.065542 v _19188_/C (sky130_fd_sc_hd__or4_4)
     1    0.003188    0.080030    0.496746   19.562288 v _19188_/X (sky130_fd_sc_hd__or4_4)
                                                         _15203_ (net)
                      0.080030    0.000098   19.562386 v _19189_/B1 (sky130_fd_sc_hd__a21o_1)
     3    0.018675    0.098020    0.226255   19.788641 v _19189_/X (sky130_fd_sc_hd__a21o_1)
                                                         _15204_ (net)
                      0.098027    0.000917   19.789557 v _19351_/A2 (sky130_fd_sc_hd__a211o_4)
     4    0.044245    0.109233    0.419211   20.208769 v _19351_/X (sky130_fd_sc_hd__a211o_4)
                                                         _15366_ (net)
                      0.109786    0.006663   20.215431 v _19388_/A2 (sky130_fd_sc_hd__a2111o_1)
     2    0.010421    0.096567    0.475278   20.690710 v _19388_/X (sky130_fd_sc_hd__a2111o_1)
                                                         _15403_ (net)
                      0.096567    0.000465   20.691175 v _19393_/A1 (sky130_fd_sc_hd__a31o_1)
     2    0.009025    0.063332    0.221160   20.912336 v _19393_/X (sky130_fd_sc_hd__a31o_1)
                                                         _15408_ (net)
                      0.063332    0.000293   20.912628 v _19528_/A1 (sky130_fd_sc_hd__a31o_4)
     2    0.025344    0.061656    0.254586   21.167213 v _19528_/X (sky130_fd_sc_hd__a31o_4)
                                                         _15543_ (net)
                      0.061665    0.000773   21.167988 v _19544_/B (sky130_fd_sc_hd__xor2_4)
     3    0.077841    0.554048    0.476136   21.644123 ^ _19544_/X (sky130_fd_sc_hd__xor2_4)
                                                         _15559_ (net)
                      0.554103    0.004629   21.648752 ^ _19545_/B (sky130_fd_sc_hd__xor2_4)
     3    0.024188    0.220002    0.262220   21.910973 ^ _19545_/X (sky130_fd_sc_hd__xor2_4)
                                                         _15560_ (net)
                      0.220003    0.001014   21.911987 ^ _19547_/B (sky130_fd_sc_hd__xor2_2)
     3    0.013332    0.202514    0.228475   22.140463 ^ _19547_/X (sky130_fd_sc_hd__xor2_2)
                                                         _15562_ (net)
                      0.202514    0.000245   22.140707 ^ _19548_/A (sky130_fd_sc_hd__inv_2)
     1    0.003427    0.038631    0.044443   22.185150 v _19548_/Y (sky130_fd_sc_hd__inv_2)
                                                         _15563_ (net)
                      0.038631    0.000107   22.185257 v _19550_/B (sky130_fd_sc_hd__or3_4)
     2    0.010465    0.075592    0.375362   22.560619 v _19550_/X (sky130_fd_sc_hd__or3_4)
                                                         _15565_ (net)
                      0.075592    0.000474   22.561092 v _19551_/B (sky130_fd_sc_hd__or4b_4)
     2    0.007592    0.090067    0.529328   23.090422 v _19551_/X (sky130_fd_sc_hd__or4b_4)
                                                         _15566_ (net)
                      0.090067    0.000226   23.090647 v _19609_/A2 (sky130_fd_sc_hd__a211o_4)
     2    0.042832    0.107474    0.412870   23.503517 v _19609_/X (sky130_fd_sc_hd__a211o_4)
                                                         _15624_ (net)
                      0.108198    0.007590   23.511106 v _19617_/A2 (sky130_fd_sc_hd__a21o_4)
     5    0.023300    0.056257    0.265091   23.776197 v _19617_/X (sky130_fd_sc_hd__a21o_4)
                                                         _02975_ (net)
                      0.056324    0.001231   23.777430 v _19668_/A2 (sky130_fd_sc_hd__o2111ai_4)
     3    0.029794    0.309102    0.291660   24.069088 ^ _19668_/Y (sky130_fd_sc_hd__o2111ai_4)
                                                         _03022_ (net)
                      0.309105    0.001727   24.070816 ^ _19684_/A1 (sky130_fd_sc_hd__a21oi_2)
     1    0.016323    0.111801    0.146057   24.216873 v _19684_/Y (sky130_fd_sc_hd__a21oi_2)
                                                         _03037_ (net)
                      0.111801    0.000499   24.217371 v _19685_/B (sky130_fd_sc_hd__xnor2_4)
     2    0.022855    0.220767    0.233673   24.451044 ^ _19685_/Y (sky130_fd_sc_hd__xnor2_4)
                                                         _03038_ (net)
                      0.220767    0.000625   24.451670 ^ _19686_/B (sky130_fd_sc_hd__xnor2_4)
     4    0.026745    0.127248    0.131607   24.583277 v _19686_/Y (sky130_fd_sc_hd__xnor2_4)
                                                         _03039_ (net)
                      0.127254    0.001020   24.584295 v _22968_/B (sky130_fd_sc_hd__xnor2_4)
     3    0.027370    0.249588    0.261533   24.845829 ^ _22968_/Y (sky130_fd_sc_hd__xnor2_4)
                                                         _06129_ (net)
                      0.249588    0.000599   24.846428 ^ _22995_/B (sky130_fd_sc_hd__nand2_1)
     1    0.005844    0.087829    0.110573   24.957001 v _22995_/Y (sky130_fd_sc_hd__nand2_1)
                                                         _06153_ (net)
                      0.087829    0.000236   24.957237 v _22996_/A (sky130_fd_sc_hd__or4_4)
     2    0.077357    0.187929    0.695282   25.652519 v _22996_/X (sky130_fd_sc_hd__or4_4)
                                                         _06154_ (net)
                      0.188119    0.005313   25.657831 v _23071_/A1 (sky130_fd_sc_hd__a211o_1)
     2    0.013756    0.095424    0.360874   26.018705 v _23071_/X (sky130_fd_sc_hd__a211o_1)
                                                         _06221_ (net)
                      0.095426    0.000608   26.019314 v _23148_/A1 (sky130_fd_sc_hd__a211oi_2)
     2    0.007746    0.215011    0.241460   26.260775 ^ _23148_/Y (sky130_fd_sc_hd__a211oi_2)
                                                         _06290_ (net)
                      0.215011    0.000206   26.260981 ^ _23152_/A3 (sky130_fd_sc_hd__o31a_4)
     3    0.084512    0.245017    0.311269   26.572248 ^ _23152_/X (sky130_fd_sc_hd__o31a_4)
                                                         _06294_ (net)
                      0.245256    0.006319   26.578568 ^ _23182_/A3 (sky130_fd_sc_hd__a311oi_4)
     2    0.013201    0.143535    0.145738   26.724306 v _23182_/Y (sky130_fd_sc_hd__a311oi_4)
                                                         _06320_ (net)
                      0.143536    0.000712   26.725018 v _23186_/A_N (sky130_fd_sc_hd__and2b_1)
     3    0.018693    0.174989    0.325736   27.050753 ^ _23186_/X (sky130_fd_sc_hd__and2b_1)
                                                         _06324_ (net)
                      0.174989    0.000458   27.051212 ^ _23192_/B (sky130_fd_sc_hd__nor2_4)
     1    0.009188    0.067036    0.051712   27.102922 v _23192_/Y (sky130_fd_sc_hd__nor2_4)
                                                         _06329_ (net)
                      0.067036    0.000297   27.103220 v _23193_/B (sky130_fd_sc_hd__xnor2_2)
     2    0.010610    0.084133    0.155202   27.258423 v _23193_/Y (sky130_fd_sc_hd__xnor2_2)
                                                         _06330_ (net)
                      0.084134    0.000336   27.258759 v _24066_/B (sky130_fd_sc_hd__xor2_1)
     1    0.008093    0.133490    0.174184   27.432941 v _24066_/X (sky130_fd_sc_hd__xor2_1)
                                                         _06972_ (net)
                      0.133490    0.000304   27.433247 v _24067_/A1 (sky130_fd_sc_hd__mux2_4)
     1    0.002920    0.047916    0.283238   27.716484 v _24067_/X (sky130_fd_sc_hd__mux2_4)
                                                         _06973_ (net)
                      0.047917    0.000092   27.716576 v _24068_/A1 (sky130_fd_sc_hd__mux2_2)
     1    0.002492    0.046515    0.255861   27.972437 v _24068_/X (sky130_fd_sc_hd__mux2_2)
                                                         _00593_ (net)
                      0.046515    0.000071   27.972509 v _31830_/D (sky130_fd_sc_hd__dfrtp_4)
                                             27.972509   data arrival time

                                 20.000000   20.000000   clock clk (rise edge)
                                  0.000000   20.000000   clock source latency
     3    0.136527    0.617932    0.440012   20.440012 ^ clk (in)
                                                         clk (net)
                      0.623627    0.000000   20.440012 ^ clkbuf_0_clk/A (sky130_fd_sc_hd__clkbuf_16)
     4    0.186841    0.201742    0.380116   20.820127 ^ clkbuf_0_clk/X (sky130_fd_sc_hd__clkbuf_16)
                                                         clknet_0_clk (net)
                      0.202547    0.010340   20.830469 ^ clkbuf_2_0_0_clk/A (sky130_fd_sc_hd__clkbuf_8)
     8    0.198449    0.340094    0.387933   21.218401 ^ clkbuf_2_0_0_clk/X (sky130_fd_sc_hd__clkbuf_8)
                                                         clknet_2_0_0_clk (net)
                      0.340837    0.013106   21.231508 ^ clkbuf_5_1__f_clk/A (sky130_fd_sc_hd__clkbuf_16)
    12    0.145330    0.159610    0.303384   21.534891 ^ clkbuf_5_1__f_clk/X (sky130_fd_sc_hd__clkbuf_16)
                                                         clknet_5_1__leaf_clk (net)
                      0.159889    0.005402   21.540295 ^ clkbuf_leaf_329_clk/A (sky130_fd_sc_hd__clkbuf_8)
    12    0.043940    0.088584    0.201569   21.741861 ^ clkbuf_leaf_329_clk/X (sky130_fd_sc_hd__clkbuf_8)
                                                         clknet_leaf_329_clk (net)
                      0.088600    0.001201   21.743063 ^ _31830_/CLK (sky130_fd_sc_hd__dfrtp_4)
                                 -0.250000   21.493065   clock uncertainty
                                  0.000000   21.493065   clock reconvergence pessimism
                                 -0.104956   21.388107   library setup time
                                             21.388107   data required time
---------------------------------------------------------------------------------------------
                                             21.388107   data required time
                                            -27.972509   data arrival time
---------------------------------------------------------------------------------------------
                                             -6.584401   slack (VIOLATED)




===========================================================================
report_checks --slack_max -0.01
============================================================================
======================= nom_tt_025C_1v80 Corner ===================================

Startpoint: _31831_ (rising edge-triggered flip-flop clocked by clk)
Endpoint: _31830_ (rising edge-triggered flip-flop clocked by clk)
Path Group: clk
Path Type: max

Fanout         Cap        Slew       Delay        Time   Description
---------------------------------------------------------------------------------------------
                                  0.000000    0.000000   clock clk (rise edge)
                                  0.000000    0.000000   clock source latency
     3    0.136527    0.617932    0.440012    0.440012 ^ clk (in)
                                                         clk (net)
                      0.623627    0.000000    0.440012 ^ clkbuf_0_clk/A (sky130_fd_sc_hd__clkbuf_16)
     4    0.186841    0.201742    0.380116    0.820129 ^ clkbuf_0_clk/X (sky130_fd_sc_hd__clkbuf_16)
                                                         clknet_0_clk (net)
                      0.202547    0.010339    0.830468 ^ clkbuf_2_0_0_clk/A (sky130_fd_sc_hd__clkbuf_8)
     8    0.198449    0.340094    0.387934    1.218402 ^ clkbuf_2_0_0_clk/X (sky130_fd_sc_hd__clkbuf_8)
                                                         clknet_2_0_0_clk (net)
                      0.340837    0.013105    1.231507 ^ clkbuf_5_1__f_clk/A (sky130_fd_sc_hd__clkbuf_16)
    12    0.145330    0.159610    0.303385    1.534892 ^ clkbuf_5_1__f_clk/X (sky130_fd_sc_hd__clkbuf_16)
                                                         clknet_5_1__leaf_clk (net)
                      0.159889    0.005401    1.540293 ^ clkbuf_leaf_329_clk/A (sky130_fd_sc_hd__clkbuf_8)
    12    0.043940    0.088584    0.201570    1.741863 ^ clkbuf_leaf_329_clk/X (sky130_fd_sc_hd__clkbuf_8)
                                                         clknet_leaf_329_clk (net)
                      0.088604    0.001290    1.743153 ^ _31831_/CLK (sky130_fd_sc_hd__dfrtp_4)
     7    0.125421    0.359358    0.647809    2.390962 ^ _31831_/Q (sky130_fd_sc_hd__dfrtp_4)
                                                         chacha_unit.U_QR_COL_1.in_b[5] (net)
                      0.361357    0.021958    2.412920 ^ _16308_/A (sky130_fd_sc_hd__or2_4)
     3    0.010882    0.052516    0.205914    2.618834 ^ _16308_/X (sky130_fd_sc_hd__or2_4)
                                                         _12323_ (net)
                      0.052516    0.000147    2.618981 ^ _16309_/B (sky130_fd_sc_hd__nand2_2)
     2    0.021138    0.093576    0.096570    2.715551 v _16309_/Y (sky130_fd_sc_hd__nand2_2)
                                                         _12324_ (net)
                      0.093579    0.000433    2.715984 v _16310_/A (sky130_fd_sc_hd__or4_4)
     1    0.005297    0.085616    0.546263    3.262248 v _16310_/X (sky130_fd_sc_hd__or4_4)
                                                         _12325_ (net)
                      0.085616    0.000131    3.262378 v _16311_/C1 (sky130_fd_sc_hd__a211o_4)
     2    0.073345    0.138461    0.383669    3.646047 v _16311_/X (sky130_fd_sc_hd__a211o_4)
                                                         _12326_ (net)
                      0.138686    0.004911    3.650958 v _16322_/A2 (sky130_fd_sc_hd__a211o_4)
     4    0.024744    0.078888    0.406214    4.057172 v _16322_/X (sky130_fd_sc_hd__a211o_4)
                                                         _12337_ (net)
                      0.078980    0.001793    4.058965 v _16345_/A2 (sky130_fd_sc_hd__a2111o_4)
     2    0.076916    0.166227    0.626499    4.685464 v _16345_/X (sky130_fd_sc_hd__a2111o_4)
                                                         _12360_ (net)
                      0.167749    0.011934    4.697398 v _16355_/A2 (sky130_fd_sc_hd__a21oi_4)
     4    0.024864    0.214117    0.276031    4.973429 ^ _16355_/Y (sky130_fd_sc_hd__a21oi_4)
                                                         _12370_ (net)
                      0.214125    0.001588    4.975017 ^ _16367_/A2 (sky130_fd_sc_hd__o211ai_2)
     3    0.010299    0.099097    0.129144    5.104161 v _16367_/Y (sky130_fd_sc_hd__o211ai_2)
                                                         _12382_ (net)
                      0.099097    0.000348    5.104509 v _16375_/A1 (sky130_fd_sc_hd__a211o_1)
     2    0.009352    0.077990    0.309050    5.413558 v _16375_/X (sky130_fd_sc_hd__a211o_1)
                                                         _12390_ (net)
                      0.077990    0.000250    5.413809 v _16376_/B (sky130_fd_sc_hd__nand2_2)
     1    0.016213    0.099019    0.118551    5.532361 ^ _16376_/Y (sky130_fd_sc_hd__nand2_2)
                                                         _12391_ (net)
                      0.099056    0.000484    5.532844 ^ _16378_/B (sky130_fd_sc_hd__xor2_4)
     3    0.032970    0.101502    0.118618    5.651462 v _16378_/X (sky130_fd_sc_hd__xor2_4)
                                                         _12393_ (net)
                      0.101512    0.000780    5.652242 v _16379_/B (sky130_fd_sc_hd__xnor2_4)
     2    0.078921    0.586348    0.495951    6.148193 ^ _16379_/Y (sky130_fd_sc_hd__xnor2_4)
                                                         _12394_ (net)
                      0.586465    0.006795    6.154987 ^ max_cap382/A (sky130_fd_sc_hd__buf_4)
     2    0.049860    0.148047    0.301116    6.456104 ^ max_cap382/X (sky130_fd_sc_hd__buf_4)
                                                         net382 (net)
                      0.148711    0.007561    6.463665 ^ _16381_/B (sky130_fd_sc_hd__xnor2_4)
     4    0.024353    0.098931    0.113168    6.576833 v _16381_/Y (sky130_fd_sc_hd__xnor2_4)
                                                         _12396_ (net)
                      0.098931    0.000421    6.577254 v _16404_/A (sky130_fd_sc_hd__or4_4)
     2    0.006387    0.087670    0.552135    7.129389 v _16404_/X (sky130_fd_sc_hd__or4_4)
                                                         _12419_ (net)
                      0.087670    0.000120    7.129509 v _16493_/A (sky130_fd_sc_hd__or4bb_4)
     3    0.017284    0.110608    0.589229    7.718738 v _16493_/X (sky130_fd_sc_hd__or4bb_4)
                                                         _12508_ (net)
                      0.110608    0.000825    7.719563 v _16502_/A2 (sky130_fd_sc_hd__a31o_1)
     2    0.009822    0.066855    0.261281    7.980844 v _16502_/X (sky130_fd_sc_hd__a31o_1)
                                                         _12517_ (net)
                      0.066855    0.000222    7.981066 v _16504_/A2 (sky130_fd_sc_hd__a21o_1)
     3    0.016874    0.090465    0.238494    8.219560 v _16504_/X (sky130_fd_sc_hd__a21o_1)
                                                         _12519_ (net)
                      0.090465    0.000353    8.219913 v _16668_/B (sky130_fd_sc_hd__and3_1)
     3    0.018855    0.104648    0.246633    8.466546 v _16668_/X (sky130_fd_sc_hd__and3_1)
                                                         _12683_ (net)
                      0.104656    0.000978    8.467524 v _16672_/A1 (sky130_fd_sc_hd__o21ai_4)
     3    0.069399    0.495202    0.450815    8.918339 ^ _16672_/Y (sky130_fd_sc_hd__o21ai_4)
                                                         _12687_ (net)
                      0.495282    0.005167    8.923506 ^ _16674_/C (sky130_fd_sc_hd__and3_1)
     2    0.026214    0.261141    0.385293    9.308799 ^ _16674_/X (sky130_fd_sc_hd__and3_1)
                                                         _12689_ (net)
                      0.261166    0.002686    9.311484 ^ _16678_/B1 (sky130_fd_sc_hd__a21o_1)
     2    0.024760    0.217308    0.247015    9.558499 ^ _16678_/X (sky130_fd_sc_hd__a21o_1)
                                                         _12693_ (net)
                      0.217308    0.000790    9.559289 ^ _16679_/A2 (sky130_fd_sc_hd__a21o_4)
     2    0.030557    0.094217    0.204751    9.764040 ^ _16679_/X (sky130_fd_sc_hd__a21o_4)
                                                         _12694_ (net)
                      0.094223    0.000895    9.764935 ^ _16682_/A2 (sky130_fd_sc_hd__a21oi_4)
     3    0.015945    0.063359    0.078376    9.843311 v _16682_/Y (sky130_fd_sc_hd__a21oi_4)
                                                         _12697_ (net)
                      0.063361    0.000597    9.843908 v _16704_/A1 (sky130_fd_sc_hd__o41a_4)
     3    0.053209    0.130587    0.583595   10.427504 v _16704_/X (sky130_fd_sc_hd__o41a_4)
                                                         _12719_ (net)
                      0.132091    0.009914   10.437417 v _16718_/A3 (sky130_fd_sc_hd__a311o_4)
     2    0.017257    0.075716    0.464268   10.901685 v _16718_/X (sky130_fd_sc_hd__a311o_4)
                                                         _12733_ (net)
                      0.075716    0.000542   10.902227 v _16772_/A1 (sky130_fd_sc_hd__a21oi_4)
     3    0.048089    0.358634    0.327578   11.229805 ^ _16772_/Y (sky130_fd_sc_hd__a21oi_4)
                                                         _12787_ (net)
                      0.358828    0.006749   11.236554 ^ _16908_/A2 (sky130_fd_sc_hd__o2111ai_4)
     3    0.020482    0.159465    0.189725   11.426279 v _16908_/Y (sky130_fd_sc_hd__o2111ai_4)
                                                         _12923_ (net)
                      0.159466    0.000831   11.427111 v _16962_/A2 (sky130_fd_sc_hd__a211o_1)
     2    0.006914    0.067066    0.350664   11.777774 v _16962_/X (sky130_fd_sc_hd__a211o_1)
                                                         _12977_ (net)
                      0.067066    0.000209   11.777983 v _16963_/A1 (sky130_fd_sc_hd__a21o_1)
     3    0.009635    0.061071    0.190512   11.968495 v _16963_/X (sky130_fd_sc_hd__a21o_1)
                                                         _12978_ (net)
                      0.061071    0.000235   11.968730 v _16975_/B (sky130_fd_sc_hd__and2_4)
     3    0.094757    0.126681    0.258011   12.226742 v _16975_/X (sky130_fd_sc_hd__and2_4)
                                                         _12990_ (net)
                      0.126698    0.001611   12.228353 v _16976_/A (sky130_fd_sc_hd__xnor2_4)
     3    0.021551    0.212698    0.258885   12.487238 ^ _16976_/Y (sky130_fd_sc_hd__xnor2_4)
                                                         _12991_ (net)
                      0.212698    0.000509   12.487747 ^ _16978_/B (sky130_fd_sc_hd__xor2_4)
     3    0.025862    0.122564    0.139168   12.626915 v _16978_/X (sky130_fd_sc_hd__xor2_4)
                                                         _12993_ (net)
                      0.122564    0.000418   12.627334 v _16980_/A (sky130_fd_sc_hd__and3_1)
     2    0.008195    0.060151    0.199159   12.826492 v _16980_/X (sky130_fd_sc_hd__and3_1)
                                                         _12995_ (net)
                      0.060152    0.000346   12.826838 v _16983_/C (sky130_fd_sc_hd__and4_1)
     2    0.009752    0.066452    0.223617   13.050455 v _16983_/X (sky130_fd_sc_hd__and4_1)
                                                         _12998_ (net)
                      0.066453    0.000377   13.050833 v _16993_/A1 (sky130_fd_sc_hd__o31a_4)
     2    0.057526    0.116083    0.442185   13.493018 v _16993_/X (sky130_fd_sc_hd__o31a_4)
                                                         _13008_ (net)
                      0.116330    0.004686   13.497704 v _17009_/A2 (sky130_fd_sc_hd__o31a_1)
     1    0.010203    0.079181    0.337309   13.835012 v _17009_/X (sky130_fd_sc_hd__o31a_1)
                                                         _13024_ (net)
                      0.079181    0.000403   13.835416 v _17060_/A2 (sky130_fd_sc_hd__a211o_4)
     4    0.093287    0.167115    0.460880   14.296296 v _17060_/X (sky130_fd_sc_hd__a211o_4)
                                                         _13075_ (net)
                      0.174066    0.026635   14.322930 v _17065_/A2 (sky130_fd_sc_hd__a21oi_4)
     2    0.024522    0.212208    0.277011   14.599942 ^ _17065_/Y (sky130_fd_sc_hd__a21oi_4)
                                                         _13080_ (net)
                      0.212208    0.000697   14.600639 ^ _17103_/A2 (sky130_fd_sc_hd__o21ba_1)
     1    0.016618    0.170432    0.238319   14.838958 ^ _17103_/X (sky130_fd_sc_hd__o21ba_1)
                                                         _13118_ (net)
                      0.170432    0.000552   14.839510 ^ _17104_/B (sky130_fd_sc_hd__xor2_4)
     3    0.037440    0.298738    0.303377   15.142886 ^ _17104_/X (sky130_fd_sc_hd__xor2_4)
                                                         _13119_ (net)
                      0.298756    0.001869   15.144755 ^ _17105_/B (sky130_fd_sc_hd__xnor2_2)
     1    0.036330    0.476008    0.259121   15.403876 ^ _17105_/Y (sky130_fd_sc_hd__xnor2_2)
                                                         _13120_ (net)
                      0.476083    0.004887   15.408763 ^ wire258/A (sky130_fd_sc_hd__buf_4)
     3    0.074692    0.210090    0.329775   15.738538 ^ wire258/X (sky130_fd_sc_hd__buf_4)
                                                         net258 (net)
                      0.210584    0.007550   15.746087 ^ _17107_/B (sky130_fd_sc_hd__nand2_1)
     2    0.009252    0.115741    0.126938   15.873026 v _17107_/Y (sky130_fd_sc_hd__nand2_1)
                                                         _13122_ (net)
                      0.115741    0.000224   15.873250 v _17121_/A1 (sky130_fd_sc_hd__a21o_2)
     2    0.024067    0.082370    0.267047   16.140297 v _17121_/X (sky130_fd_sc_hd__a21o_2)
                                                         _13136_ (net)
                      0.082377    0.000805   16.141102 v _17123_/A1 (sky130_fd_sc_hd__a21o_4)
     3    0.032212    0.067015    0.251772   16.392874 v _17123_/X (sky130_fd_sc_hd__a21o_4)
                                                         _13138_ (net)
                      0.067050    0.001444   16.394318 v _17132_/A2 (sky130_fd_sc_hd__a41oi_2)
     3    0.013032    0.234439    0.241815   16.636133 ^ _17132_/Y (sky130_fd_sc_hd__a41oi_2)
                                                         _13147_ (net)
                      0.234440    0.000634   16.636766 ^ _17719_/A2 (sky130_fd_sc_hd__a21o_1)
     4    0.027366    0.238515    0.296566   16.933334 ^ _17719_/X (sky130_fd_sc_hd__a21o_1)
                                                         _13734_ (net)
                      0.238619    0.002307   16.935640 ^ _17729_/A2 (sky130_fd_sc_hd__a211o_4)
     2    0.028143    0.091761    0.218558   17.154198 ^ _17729_/X (sky130_fd_sc_hd__a211o_4)
                                                         _13744_ (net)
                      0.091898    0.003158   17.157356 ^ _18526_/A1 (sky130_fd_sc_hd__a21o_1)
     3    0.020048    0.178344    0.216712   17.374069 ^ _18526_/X (sky130_fd_sc_hd__a21o_1)
                                                         _14541_ (net)
                      0.178346    0.000941   17.375010 ^ _18529_/A2 (sky130_fd_sc_hd__o31ai_4)
     3    0.026229    0.103176    0.131301   17.506311 v _18529_/Y (sky130_fd_sc_hd__o31ai_4)
                                                         _14544_ (net)
                      0.103186    0.000973   17.507284 v _19129_/A3 (sky130_fd_sc_hd__a311o_4)
     2    0.025816    0.086911    0.468216   17.975500 v _19129_/X (sky130_fd_sc_hd__a311o_4)
                                                         _15144_ (net)
                      0.086937    0.001423   17.976923 v _19171_/A (sky130_fd_sc_hd__xnor2_4)
     3    0.053166    0.417322    0.394007   18.370930 ^ _19171_/Y (sky130_fd_sc_hd__xnor2_4)
                                                         _15186_ (net)
                      0.417407    0.004814   18.375744 ^ _19174_/A (sky130_fd_sc_hd__xor2_4)
     4    0.073802    0.527253    0.494991   18.870735 ^ _19174_/X (sky130_fd_sc_hd__xor2_4)
                                                         _15189_ (net)
                      0.527808    0.013991   18.884726 ^ _19175_/B (sky130_fd_sc_hd__xnor2_4)
     4    0.030292    0.135933    0.179780   19.064505 v _19175_/Y (sky130_fd_sc_hd__xnor2_4)
                                                         _15190_ (net)
                      0.135939    0.001037   19.065542 v _19188_/C (sky130_fd_sc_hd__or4_4)
     1    0.003188    0.080030    0.496746   19.562288 v _19188_/X (sky130_fd_sc_hd__or4_4)
                                                         _15203_ (net)
                      0.080030    0.000098   19.562386 v _19189_/B1 (sky130_fd_sc_hd__a21o_1)
     3    0.018675    0.098020    0.226255   19.788641 v _19189_/X (sky130_fd_sc_hd__a21o_1)
                                                         _15204_ (net)
                      0.098027    0.000917   19.789557 v _19351_/A2 (sky130_fd_sc_hd__a211o_4)
     4    0.044245    0.109233    0.419211   20.208769 v _19351_/X (sky130_fd_sc_hd__a211o_4)
                                                         _15366_ (net)
                      0.109786    0.006663   20.215431 v _19388_/A2 (sky130_fd_sc_hd__a2111o_1)
     2    0.010421    0.096567    0.475278   20.690710 v _19388_/X (sky130_fd_sc_hd__a2111o_1)
                                                         _15403_ (net)
                      0.096567    0.000465   20.691175 v _19393_/A1 (sky130_fd_sc_hd__a31o_1)
     2    0.009025    0.063332    0.221160   20.912336 v _19393_/X (sky130_fd_sc_hd__a31o_1)
                                                         _15408_ (net)
                      0.063332    0.000293   20.912628 v _19528_/A1 (sky130_fd_sc_hd__a31o_4)
     2    0.025344    0.061656    0.254586   21.167213 v _19528_/X (sky130_fd_sc_hd__a31o_4)
                                                         _15543_ (net)
                      0.061665    0.000773   21.167988 v _19544_/B (sky130_fd_sc_hd__xor2_4)
     3    0.077841    0.554048    0.476136   21.644123 ^ _19544_/X (sky130_fd_sc_hd__xor2_4)
                                                         _15559_ (net)
                      0.554103    0.004629   21.648752 ^ _19545_/B (sky130_fd_sc_hd__xor2_4)
     3    0.024188    0.220002    0.262220   21.910973 ^ _19545_/X (sky130_fd_sc_hd__xor2_4)
                                                         _15560_ (net)
                      0.220003    0.001014   21.911987 ^ _19547_/B (sky130_fd_sc_hd__xor2_2)
     3    0.013332    0.202514    0.228475   22.140463 ^ _19547_/X (sky130_fd_sc_hd__xor2_2)
                                                         _15562_ (net)
                      0.202514    0.000245   22.140707 ^ _19548_/A (sky130_fd_sc_hd__inv_2)
     1    0.003427    0.038631    0.044443   22.185150 v _19548_/Y (sky130_fd_sc_hd__inv_2)
                                                         _15563_ (net)
                      0.038631    0.000107   22.185257 v _19550_/B (sky130_fd_sc_hd__or3_4)
     2    0.010465    0.075592    0.375362   22.560619 v _19550_/X (sky130_fd_sc_hd__or3_4)
                                                         _15565_ (net)
                      0.075592    0.000474   22.561092 v _19551_/B (sky130_fd_sc_hd__or4b_4)
     2    0.007592    0.090067    0.529328   23.090422 v _19551_/X (sky130_fd_sc_hd__or4b_4)
                                                         _15566_ (net)
                      0.090067    0.000226   23.090647 v _19609_/A2 (sky130_fd_sc_hd__a211o_4)
     2    0.042832    0.107474    0.412870   23.503517 v _19609_/X (sky130_fd_sc_hd__a211o_4)
                                                         _15624_ (net)
                      0.108198    0.007590   23.511106 v _19617_/A2 (sky130_fd_sc_hd__a21o_4)
     5    0.023300    0.056257    0.265091   23.776197 v _19617_/X (sky130_fd_sc_hd__a21o_4)
                                                         _02975_ (net)
                      0.056324    0.001231   23.777430 v _19668_/A2 (sky130_fd_sc_hd__o2111ai_4)
     3    0.029794    0.309102    0.291660   24.069088 ^ _19668_/Y (sky130_fd_sc_hd__o2111ai_4)
                                                         _03022_ (net)
                      0.309105    0.001727   24.070816 ^ _19684_/A1 (sky130_fd_sc_hd__a21oi_2)
     1    0.016323    0.111801    0.146057   24.216873 v _19684_/Y (sky130_fd_sc_hd__a21oi_2)
                                                         _03037_ (net)
                      0.111801    0.000499   24.217371 v _19685_/B (sky130_fd_sc_hd__xnor2_4)
     2    0.022855    0.220767    0.233673   24.451044 ^ _19685_/Y (sky130_fd_sc_hd__xnor2_4)
                                                         _03038_ (net)
                      0.220767    0.000625   24.451670 ^ _19686_/B (sky130_fd_sc_hd__xnor2_4)
     4    0.026745    0.127248    0.131607   24.583277 v _19686_/Y (sky130_fd_sc_hd__xnor2_4)
                                                         _03039_ (net)
                      0.127254    0.001020   24.584295 v _22968_/B (sky130_fd_sc_hd__xnor2_4)
     3    0.027370    0.249588    0.261533   24.845829 ^ _22968_/Y (sky130_fd_sc_hd__xnor2_4)
                                                         _06129_ (net)
                      0.249588    0.000599   24.846428 ^ _22995_/B (sky130_fd_sc_hd__nand2_1)
     1    0.005844    0.087829    0.110573   24.957001 v _22995_/Y (sky130_fd_sc_hd__nand2_1)
                                                         _06153_ (net)
                      0.087829    0.000236   24.957237 v _22996_/A (sky130_fd_sc_hd__or4_4)
     2    0.077357    0.187929    0.695282   25.652519 v _22996_/X (sky130_fd_sc_hd__or4_4)
                                                         _06154_ (net)
                      0.188119    0.005313   25.657831 v _23071_/A1 (sky130_fd_sc_hd__a211o_1)
     2    0.013756    0.095424    0.360874   26.018705 v _23071_/X (sky130_fd_sc_hd__a211o_1)
                                                         _06221_ (net)
                      0.095426    0.000608   26.019314 v _23148_/A1 (sky130_fd_sc_hd__a211oi_2)
     2    0.007746    0.215011    0.241460   26.260775 ^ _23148_/Y (sky130_fd_sc_hd__a211oi_2)
                                                         _06290_ (net)
                      0.215011    0.000206   26.260981 ^ _23152_/A3 (sky130_fd_sc_hd__o31a_4)
     3    0.084512    0.245017    0.311269   26.572248 ^ _23152_/X (sky130_fd_sc_hd__o31a_4)
                                                         _06294_ (net)
                      0.245256    0.006319   26.578568 ^ _23182_/A3 (sky130_fd_sc_hd__a311oi_4)
     2    0.013201    0.143535    0.145738   26.724306 v _23182_/Y (sky130_fd_sc_hd__a311oi_4)
                                                         _06320_ (net)
                      0.143536    0.000712   26.725018 v _23186_/A_N (sky130_fd_sc_hd__and2b_1)
     3    0.018693    0.174989    0.325736   27.050753 ^ _23186_/X (sky130_fd_sc_hd__and2b_1)
                                                         _06324_ (net)
                      0.174989    0.000458   27.051212 ^ _23192_/B (sky130_fd_sc_hd__nor2_4)
     1    0.009188    0.067036    0.051712   27.102922 v _23192_/Y (sky130_fd_sc_hd__nor2_4)
                                                         _06329_ (net)
                      0.067036    0.000297   27.103220 v _23193_/B (sky130_fd_sc_hd__xnor2_2)
     2    0.010610    0.084133    0.155202   27.258423 v _23193_/Y (sky130_fd_sc_hd__xnor2_2)
                                                         _06330_ (net)
                      0.084134    0.000336   27.258759 v _24066_/B (sky130_fd_sc_hd__xor2_1)
     1    0.008093    0.133490    0.174184   27.432941 v _24066_/X (sky130_fd_sc_hd__xor2_1)
                                                         _06972_ (net)
                      0.133490    0.000304   27.433247 v _24067_/A1 (sky130_fd_sc_hd__mux2_4)
     1    0.002920    0.047916    0.283238   27.716484 v _24067_/X (sky130_fd_sc_hd__mux2_4)
                                                         _06973_ (net)
                      0.047917    0.000092   27.716576 v _24068_/A1 (sky130_fd_sc_hd__mux2_2)
     1    0.002492    0.046515    0.255861   27.972437 v _24068_/X (sky130_fd_sc_hd__mux2_2)
                                                         _00593_ (net)
                      0.046515    0.000071   27.972509 v _31830_/D (sky130_fd_sc_hd__dfrtp_4)
                                             27.972509   data arrival time

                                 20.000000   20.000000   clock clk (rise edge)
                                  0.000000   20.000000   clock source latency
     3    0.136527    0.617932    0.440012   20.440012 ^ clk (in)
                                                         clk (net)
                      0.623627    0.000000   20.440012 ^ clkbuf_0_clk/A (sky130_fd_sc_hd__clkbuf_16)
     4    0.186841    0.201742    0.380116   20.820127 ^ clkbuf_0_clk/X (sky130_fd_sc_hd__clkbuf_16)
                                                         clknet_0_clk (net)
                      0.202547    0.010340   20.830469 ^ clkbuf_2_0_0_clk/A (sky130_fd_sc_hd__clkbuf_8)
     8    0.198449    0.340094    0.387933   21.218401 ^ clkbuf_2_0_0_clk/X (sky130_fd_sc_hd__clkbuf_8)
                                                         clknet_2_0_0_clk (net)
                      0.340837    0.013106   21.231508 ^ clkbuf_5_1__f_clk/A (sky130_fd_sc_hd__clkbuf_16)
    12    0.145330    0.159610    0.303384   21.534891 ^ clkbuf_5_1__f_clk/X (sky130_fd_sc_hd__clkbuf_16)
                                                         clknet_5_1__leaf_clk (net)
                      0.159889    0.005402   21.540295 ^ clkbuf_leaf_329_clk/A (sky130_fd_sc_hd__clkbuf_8)
    12    0.043940    0.088584    0.201569   21.741861 ^ clkbuf_leaf_329_clk/X (sky130_fd_sc_hd__clkbuf_8)
                                                         clknet_leaf_329_clk (net)
                      0.088600    0.001201   21.743063 ^ _31830_/CLK (sky130_fd_sc_hd__dfrtp_4)
                                 -0.250000   21.493065   clock uncertainty
                                  0.000000   21.493065   clock reconvergence pessimism
                                 -0.104956   21.388107   library setup time
                                             21.388107   data required time
---------------------------------------------------------------------------------------------
                                             21.388107   data required time
                                            -27.972509   data arrival time
---------------------------------------------------------------------------------------------
                                             -6.584401   slack (VIOLATED)




===========================================================================
 report_check_types -max_slew -max_cap -max_fanout -violators
============================================================================
======================= nom_tt_025C_1v80 Corner ===================================

max slew

Pin                                        Limit        Slew       Slack
------------------------------------------------------------------------
_23896_/S                               0.750000    0.800456   -0.050456 (VIOLATED)
_23682_/B1                              0.750000    0.800348   -0.050348 (VIOLATED)
_23680_/Y                               0.750000    0.800212   -0.050212 (VIOLATED)
_23691_/A2                              0.750000    0.767111   -0.017111 (VIOLATED)
ANTENNA_531/DIODE                       0.750000    0.767109   -0.017109 (VIOLATED)
ANTENNA_57/DIODE                        0.750000    0.767039   -0.017039 (VIOLATED)
_23899_/B                               0.750000    0.767039   -0.017039 (VIOLATED)
ANTENNA_56/DIODE                        0.750000    0.767038   -0.017038 (VIOLATED)
_23898_/B                               0.750000    0.767038   -0.017038 (VIOLATED)
_23689_/Y                               0.750000    0.766948   -0.016948 (VIOLATED)
_23878_/A                               0.750000    0.764358   -0.014358 (VIOLATED)
_21364_/B                               0.750000    0.764335   -0.014335 (VIOLATED)
ANTENNA_24/DIODE                        0.750000    0.764335   -0.014335 (VIOLATED)
_21640_/B                               0.750000    0.764334   -0.014335 (VIOLATED)
ANTENNA_25/DIODE                        0.750000    0.764334   -0.014334 (VIOLATED)
_21363_/Y                               0.750000    0.764306   -0.014306 (VIOLATED)
_23451_/A                               0.750000    0.756535   -0.006535 (VIOLATED)
_23483_/A2                              0.750000    0.756533   -0.006533 (VIOLATED)
_23452_/A                               0.750000    0.756532   -0.006532 (VIOLATED)
_23450_/Y                               0.750000    0.756417   -0.006417 (VIOLATED)
_21840_/B                               0.750000    0.753179   -0.003179 (VIOLATED)
_21839_/B                               0.750000    0.753178   -0.003178 (VIOLATED)
_24388_/A2_N                            0.750000    0.753174   -0.003174 (VIOLATED)
_21838_/X                               0.750000    0.753156   -0.003156 (VIOLATED)

max fanout

Pin                                   Limit Fanout  Slack
---------------------------------------------------------
clkbuf_leaf_332_clk/X                    10     20    -10 (VIOLATED)
clkbuf_leaf_66_clk/X                     10     20    -10 (VIOLATED)
clkbuf_5_4__f_clk/X                      10     19     -9 (VIOLATED)
clkbuf_5_17__f_clk/X                     10     18     -8 (VIOLATED)
clkbuf_5_22__f_clk/X                     10     18     -8 (VIOLATED)
clkbuf_leaf_362_clk/X                    10     18     -8 (VIOLATED)
clkbuf_leaf_364_clk/X                    10     18     -8 (VIOLATED)
clkbuf_leaf_113_clk/X                    10     17     -7 (VIOLATED)
clkbuf_leaf_124_clk/X                    10     17     -7 (VIOLATED)
clkbuf_5_16__f_clk/X                     10     16     -6 (VIOLATED)
clkbuf_5_26__f_clk/X                     10     16     -6 (VIOLATED)
clkbuf_leaf_260_clk/X                    10     16     -6 (VIOLATED)
clkbuf_leaf_363_clk/X                    10     16     -6 (VIOLATED)
clkbuf_leaf_86_clk/X                     10     16     -6 (VIOLATED)
clkbuf_5_0__f_clk/X                      10     15     -5 (VIOLATED)
clkbuf_5_27__f_clk/X                     10     15     -5 (VIOLATED)
clkbuf_5_29__f_clk/X                     10     15     -5 (VIOLATED)
clkbuf_leaf_10_clk/X                     10     15     -5 (VIOLATED)
clkbuf_leaf_114_clk/X                    10     15     -5 (VIOLATED)
clkbuf_leaf_11_clk/X                     10     15     -5 (VIOLATED)
clkbuf_leaf_27_clk/X                     10     15     -5 (VIOLATED)
clkbuf_leaf_291_clk/X                    10     15     -5 (VIOLATED)
clkbuf_leaf_331_clk/X                    10     15     -5 (VIOLATED)
clkbuf_leaf_359_clk/X                    10     15     -5 (VIOLATED)
clkbuf_leaf_360_clk/X                    10     15     -5 (VIOLATED)
clkbuf_leaf_63_clk/X                     10     15     -5 (VIOLATED)
clkbuf_leaf_65_clk/X                     10     15     -5 (VIOLATED)
clkbuf_leaf_8_clk/X                      10     15     -5 (VIOLATED)
clkbuf_leaf_90_clk/X                     10     15     -5 (VIOLATED)
_31794_/Q                                10     14     -4 (VIOLATED)
_33726_/Q                                10     14     -4 (VIOLATED)
clkbuf_5_14__f_clk/X                     10     14     -4 (VIOLATED)
clkbuf_5_15__f_clk/X                     10     14     -4 (VIOLATED)
clkbuf_5_19__f_clk/X                     10     14     -4 (VIOLATED)
clkbuf_5_23__f_clk/X                     10     14     -4 (VIOLATED)
clkbuf_5_5__f_clk/X                      10     14     -4 (VIOLATED)
clkbuf_leaf_122_clk/X                    10     14     -4 (VIOLATED)
clkbuf_leaf_19_clk/X                     10     14     -4 (VIOLATED)
clkbuf_leaf_204_clk/X                    10     14     -4 (VIOLATED)
clkbuf_leaf_243_clk/X                    10     14     -4 (VIOLATED)
clkbuf_leaf_258_clk/X                    10     14     -4 (VIOLATED)
clkbuf_leaf_270_clk/X                    10     14     -4 (VIOLATED)
clkbuf_leaf_292_clk/X                    10     14     -4 (VIOLATED)
clkbuf_leaf_325_clk/X                    10     14     -4 (VIOLATED)
clkbuf_leaf_327_clk/X                    10     14     -4 (VIOLATED)
clkbuf_leaf_339_clk/X                    10     14     -4 (VIOLATED)
clkbuf_leaf_46_clk/X                     10     14     -4 (VIOLATED)
clkbuf_leaf_87_clk/X                     10     14     -4 (VIOLATED)
clkbuf_leaf_89_clk/X                     10     14     -4 (VIOLATED)
clkbuf_leaf_94_clk/X                     10     14     -4 (VIOLATED)
fanout1020/X                             10     14     -4 (VIOLATED)
fanout575/X                              10     14     -4 (VIOLATED)
_22027_/Y                                10     13     -3 (VIOLATED)
_31823_/Q                                10     13     -3 (VIOLATED)
_31824_/Q                                10     13     -3 (VIOLATED)
clkbuf_5_12__f_clk/X                     10     13     -3 (VIOLATED)
clkbuf_5_21__f_clk/X                     10     13     -3 (VIOLATED)
clkbuf_5_25__f_clk/X                     10     13     -3 (VIOLATED)
clkbuf_5_2__f_clk/X                      10     13     -3 (VIOLATED)
clkbuf_5_3__f_clk/X                      10     13     -3 (VIOLATED)
clkbuf_5_6__f_clk/X                      10     13     -3 (VIOLATED)
clkbuf_leaf_107_clk/X                    10     13     -3 (VIOLATED)
clkbuf_leaf_121_clk/X                    10     13     -3 (VIOLATED)
clkbuf_leaf_147_clk/X                    10     13     -3 (VIOLATED)
clkbuf_leaf_148_clk/X                    10     13     -3 (VIOLATED)
clkbuf_leaf_153_clk/X                    10     13     -3 (VIOLATED)
clkbuf_leaf_155_clk/X                    10     13     -3 (VIOLATED)
clkbuf_leaf_156_clk/X                    10     13     -3 (VIOLATED)
clkbuf_leaf_160_clk/X                    10     13     -3 (VIOLATED)
clkbuf_leaf_166_clk/X                    10     13     -3 (VIOLATED)
clkbuf_leaf_179_clk/X                    10     13     -3 (VIOLATED)
clkbuf_leaf_20_clk/X                     10     13     -3 (VIOLATED)
clkbuf_leaf_219_clk/X                    10     13     -3 (VIOLATED)
clkbuf_leaf_249_clk/X                    10     13     -3 (VIOLATED)
clkbuf_leaf_264_clk/X                    10     13     -3 (VIOLATED)
clkbuf_leaf_265_clk/X                    10     13     -3 (VIOLATED)
clkbuf_leaf_271_clk/X                    10     13     -3 (VIOLATED)
clkbuf_leaf_272_clk/X                    10     13     -3 (VIOLATED)
clkbuf_leaf_280_clk/X                    10     13     -3 (VIOLATED)
clkbuf_leaf_286_clk/X                    10     13     -3 (VIOLATED)
clkbuf_leaf_299_clk/X                    10     13     -3 (VIOLATED)
clkbuf_leaf_301_clk/X                    10     13     -3 (VIOLATED)
clkbuf_leaf_324_clk/X                    10     13     -3 (VIOLATED)
clkbuf_leaf_338_clk/X                    10     13     -3 (VIOLATED)
clkbuf_leaf_348_clk/X                    10     13     -3 (VIOLATED)
clkbuf_leaf_361_clk/X                    10     13     -3 (VIOLATED)
clkbuf_leaf_366_clk/X                    10     13     -3 (VIOLATED)
clkbuf_leaf_367_clk/X                    10     13     -3 (VIOLATED)
clkbuf_leaf_3_clk/X                      10     13     -3 (VIOLATED)
clkbuf_leaf_4_clk/X                      10     13     -3 (VIOLATED)
clkbuf_leaf_91_clk/X                     10     13     -3 (VIOLATED)
fanout638/X                              10     13     -3 (VIOLATED)
fanout704/X                              10     13     -3 (VIOLATED)
_23153_/X                                10     12     -2 (VIOLATED)
_23957_/X                                10     12     -2 (VIOLATED)
_23973_/X                                10     12     -2 (VIOLATED)
_24022_/X                                10     12     -2 (VIOLATED)
_24025_/X                                10     12     -2 (VIOLATED)
_24247_/Y                                10     12     -2 (VIOLATED)
clkbuf_5_1__f_clk/X                      10     12     -2 (VIOLATED)
clkbuf_5_20__f_clk/X                     10     12     -2 (VIOLATED)
clkbuf_leaf_100_clk/X                    10     12     -2 (VIOLATED)
clkbuf_leaf_103_clk/X                    10     12     -2 (VIOLATED)
clkbuf_leaf_112_clk/X                    10     12     -2 (VIOLATED)
clkbuf_leaf_125_clk/X                    10     12     -2 (VIOLATED)
clkbuf_leaf_12_clk/X                     10     12     -2 (VIOLATED)
clkbuf_leaf_13_clk/X                     10     12     -2 (VIOLATED)
clkbuf_leaf_164_clk/X                    10     12     -2 (VIOLATED)
clkbuf_leaf_167_clk/X                    10     12     -2 (VIOLATED)
clkbuf_leaf_168_clk/X                    10     12     -2 (VIOLATED)
clkbuf_leaf_176_clk/X                    10     12     -2 (VIOLATED)
clkbuf_leaf_177_clk/X                    10     12     -2 (VIOLATED)
clkbuf_leaf_178_clk/X                    10     12     -2 (VIOLATED)
clkbuf_leaf_187_clk/X                    10     12     -2 (VIOLATED)
clkbuf_leaf_191_clk/X                    10     12     -2 (VIOLATED)
clkbuf_leaf_198_clk/X                    10     12     -2 (VIOLATED)
clkbuf_leaf_205_clk/X                    10     12     -2 (VIOLATED)
clkbuf_leaf_210_clk/X                    10     12     -2 (VIOLATED)
clkbuf_leaf_211_clk/X                    10     12     -2 (VIOLATED)
clkbuf_leaf_250_clk/X                    10     12     -2 (VIOLATED)
clkbuf_leaf_329_clk/X                    10     12     -2 (VIOLATED)
clkbuf_leaf_337_clk/X                    10     12     -2 (VIOLATED)
clkbuf_leaf_344_clk/X                    10     12     -2 (VIOLATED)
clkbuf_leaf_351_clk/X                    10     12     -2 (VIOLATED)
clkbuf_leaf_352_clk/X                    10     12     -2 (VIOLATED)
clkbuf_leaf_53_clk/X                     10     12     -2 (VIOLATED)
clkbuf_leaf_57_clk/X                     10     12     -2 (VIOLATED)
clkbuf_leaf_5_clk/X                      10     12     -2 (VIOLATED)
clkbuf_leaf_67_clk/X                     10     12     -2 (VIOLATED)
clkbuf_leaf_68_clk/X                     10     12     -2 (VIOLATED)
clkbuf_leaf_6_clk/X                      10     12     -2 (VIOLATED)
clkbuf_leaf_82_clk/X                     10     12     -2 (VIOLATED)
clkbuf_leaf_88_clk/X                     10     12     -2 (VIOLATED)
clkbuf_leaf_93_clk/X                     10     12     -2 (VIOLATED)
clkbuf_leaf_96_clk/X                     10     12     -2 (VIOLATED)
fanout1371/X                             10     12     -2 (VIOLATED)
fanout624/X                              10     12     -2 (VIOLATED)
fanout629/X                              10     12     -2 (VIOLATED)
fanout633/X                              10     12     -2 (VIOLATED)
fanout643/X                              10     12     -2 (VIOLATED)
fanout658/X                              10     12     -2 (VIOLATED)
fanout684/X                              10     12     -2 (VIOLATED)
fanout711/X                              10     12     -2 (VIOLATED)
fanout816/X                              10     12     -2 (VIOLATED)
_24007_/X                                10     11        (VIOLATED)
_31515_/Q                                10     11        (VIOLATED)
_31545_/Q                                10     11        (VIOLATED)
_31551_/Q                                10     11        (VIOLATED)
_31570_/Q                                10     11        (VIOLATED)
_31597_/Q                                10     11        (VIOLATED)
_31828_/Q                                10     11        (VIOLATED)
_32082_/Q                                10     11        (VIOLATED)
clkbuf_5_28__f_clk/X                     10     11        (VIOLATED)
clkbuf_5_9__f_clk/X                      10     11        (VIOLATED)
clkbuf_leaf_0_clk/X                      10     11        (VIOLATED)
clkbuf_leaf_101_clk/X                    10     11        (VIOLATED)
clkbuf_leaf_102_clk/X                    10     11        (VIOLATED)
clkbuf_leaf_105_clk/X                    10     11        (VIOLATED)
clkbuf_leaf_117_clk/X                    10     11        (VIOLATED)
clkbuf_leaf_123_clk/X                    10     11        (VIOLATED)
clkbuf_leaf_212_clk/X                    10     11        (VIOLATED)
clkbuf_leaf_236_clk/X                    10     11        (VIOLATED)
clkbuf_leaf_245_clk/X                    10     11        (VIOLATED)
clkbuf_leaf_248_clk/X                    10     11        (VIOLATED)
clkbuf_leaf_256_clk/X                    10     11        (VIOLATED)
clkbuf_leaf_266_clk/X                    10     11        (VIOLATED)
clkbuf_leaf_278_clk/X                    10     11        (VIOLATED)
clkbuf_leaf_284_clk/X                    10     11        (VIOLATED)
clkbuf_leaf_285_clk/X                    10     11        (VIOLATED)
clkbuf_leaf_297_clk/X                    10     11        (VIOLATED)
clkbuf_leaf_2_clk/X                      10     11        (VIOLATED)
clkbuf_leaf_300_clk/X                    10     11        (VIOLATED)
clkbuf_leaf_308_clk/X                    10     11        (VIOLATED)
clkbuf_leaf_326_clk/X                    10     11        (VIOLATED)
clkbuf_leaf_341_clk/X                    10     11        (VIOLATED)
clkbuf_leaf_347_clk/X                    10     11        (VIOLATED)
clkbuf_leaf_349_clk/X                    10     11        (VIOLATED)
clkbuf_leaf_354_clk/X                    10     11        (VIOLATED)
clkbuf_leaf_355_clk/X                    10     11        (VIOLATED)
clkbuf_leaf_365_clk/X                    10     11        (VIOLATED)
clkbuf_leaf_43_clk/X                     10     11        (VIOLATED)
clkbuf_leaf_44_clk/X                     10     11        (VIOLATED)
clkbuf_leaf_47_clk/X                     10     11        (VIOLATED)
clkbuf_leaf_51_clk/X                     10     11        (VIOLATED)
clkbuf_leaf_52_clk/X                     10     11        (VIOLATED)
clkbuf_leaf_54_clk/X                     10     11        (VIOLATED)
clkbuf_leaf_58_clk/X                     10     11        (VIOLATED)
clkbuf_leaf_60_clk/X                     10     11        (VIOLATED)
clkbuf_leaf_62_clk/X                     10     11        (VIOLATED)
clkbuf_leaf_64_clk/X                     10     11        (VIOLATED)
clkbuf_leaf_7_clk/X                      10     11        (VIOLATED)
clkbuf_leaf_85_clk/X                     10     11        (VIOLATED)
clkbuf_leaf_95_clk/X                     10     11        (VIOLATED)
fanout1244/X                             10     11        (VIOLATED)
fanout1256/X                             10     11        (VIOLATED)
fanout1261/X                             10     11        (VIOLATED)
fanout1269/X                             10     11        (VIOLATED)
fanout1360/X                             10     11        (VIOLATED)
fanout1710/X                             10     11        (VIOLATED)
fanout1736/X                             10     11        (VIOLATED)
fanout1740/X                             10     11        (VIOLATED)
fanout1750/X                             10     11        (VIOLATED)
fanout412/X                              10     11        (VIOLATED)
fanout414/X                              10     11        (VIOLATED)
fanout525/X                              10     11        (VIOLATED)
fanout557/X                              10     11        (VIOLATED)
fanout559/X                              10     11        (VIOLATED)
fanout563/X                              10     11        (VIOLATED)
fanout577/X                              10     11        (VIOLATED)
fanout668/X                              10     11        (VIOLATED)
fanout679/X                              10     11        (VIOLATED)
fanout687/X                              10     11        (VIOLATED)
fanout863/X                              10     11        (VIOLATED)
fanout902/X                              10     11        (VIOLATED)

max capacitance

Pin                                        Limit         Cap       Slack
------------------------------------------------------------------------
fanout1087/X                            0.200000    0.323901   -0.123901 (VIOLATED)
fanout1371/X                            0.200000    0.291094   -0.091094 (VIOLATED)
fanout412/X                             0.200000    0.289295   -0.089295 (VIOLATED)
fanout1247/X                            0.200000    0.272111   -0.072111 (VIOLATED)
wire1273/X                              0.200000    0.270566   -0.070566 (VIOLATED)
fanout1229/X                            0.200000    0.268303   -0.068303 (VIOLATED)
_29799_/X                               0.200000    0.257235   -0.057235 (VIOLATED)
fanout1260/X                            0.200000    0.244777   -0.044777 (VIOLATED)
_24569_/Y                               0.200000    0.232507   -0.032507 (VIOLATED)
fanout1020/X                            0.200000    0.224108   -0.024108 (VIOLATED)
_31806_/Q                               0.200000    0.223836   -0.023836 (VIOLATED)
fanout638/X                             0.200000    0.222541   -0.022541 (VIOLATED)
_31904_/Q                               0.200000    0.217858   -0.017858 (VIOLATED)
fanout1711/X                            0.200000    0.214552   -0.014552 (VIOLATED)
_31903_/Q                               0.200000    0.214270   -0.014270 (VIOLATED)
fanout869/X                             0.200000    0.212587   -0.012587 (VIOLATED)
_31794_/Q                               0.200000    0.212385   -0.012385 (VIOLATED)
clkbuf_2_2_0_clk/X                      0.200000    0.206756   -0.006756 (VIOLATED)
_28637_/Y                               0.200000    0.206341   -0.006341 (VIOLATED)
_31734_/Q                               0.200000    0.205982   -0.005982 (VIOLATED)
fanout704/X                             0.200000    0.205881   -0.005881 (VIOLATED)
_31733_/Q                               0.200000    0.204741   -0.004741 (VIOLATED)
_31795_/Q                               0.200000    0.203808   -0.003808 (VIOLATED)
max_cap1374/X                           0.200000    0.202541   -0.002541 (VIOLATED)
fanout643/X                             0.200000    0.201209   -0.001209 (VIOLATED)



===========================================================================
report_parasitic_annotation -report_unannotated
============================================================================
Found 347 unannotated drivers.
 clkload0/Y
 clkload1/Y
 clkload10/Y
 clkload100/Y
 clkload101/X
 clkload102/Y
 clkload103/Y
 clkload104/Y
 clkload105/Y
 clkload106/Y
 clkload107/Y
 clkload108/Y
 clkload109/Y
 clkload11/Y
 clkload110/Y
 clkload111/Y
 clkload112/Y
 clkload113/X
 clkload114/Y
 clkload115/Y
 clkload116/Y
 clkload117/X
 clkload118/Y
 clkload119/Y
 clkload12/Y
 clkload120/Y
 clkload121/Y
 clkload122/Y
 clkload123/X
 clkload124/Y
 clkload125/Y
 clkload126/Y
 clkload127/Y
 clkload128/Y
 clkload129/Y
 clkload13/X
 clkload130/Y
 clkload131/Y
 clkload132/Y
 clkload133/X
 clkload134/X
 clkload135/X
 clkload136/X
 clkload137/Y
 clkload138/Y
 clkload139/Y
 clkload14/Y
 clkload140/Y
 clkload141/Y
 clkload142/Y
 clkload143/Y
 clkload144/Y
 clkload145/Y
 clkload146/Y
 clkload147/Y
 clkload148/Y
 clkload149/Y
 clkload15/X
 clkload150/Y
 clkload151/Y
 clkload152/Y
 clkload153/Y
 clkload154/Y
 clkload155/Y
 clkload156/Y
 clkload157/Y
 clkload158/Y
 clkload159/Y
 clkload16/Y
 clkload160/Y
 clkload161/X
 clkload162/Y
 clkload163/Y
 clkload164/Y
 clkload165/X
 clkload166/X
 clkload167/Y
 clkload168/Y
 clkload169/Y
 clkload17/Y
 clkload170/Y
 clkload171/Y
 clkload172/X
 clkload173/Y
 clkload174/Y
 clkload175/Y
 clkload176/Y
 clkload177/Y
 clkload178/X
 clkload179/Y
 clkload18/Y
 clkload180/Y
 clkload181/Y
 clkload182/Y
 clkload183/Y
 clkload184/Y
 clkload185/Y
 clkload186/Y
 clkload187/Y
 clkload188/Y
 clkload189/Y
 clkload19/Y
 clkload190/Y
 clkload191/Y
 clkload192/Y
 clkload193/Y
 clkload194/Y
 clkload195/Y
 clkload196/Y
 clkload197/Y
 clkload198/Y
 clkload199/Y
 clkload2/Y
 clkload20/Y
 clkload200/Y
 clkload201/Y
 clkload202/Y
 clkload203/Y
 clkload204/Y
 clkload205/Y
 clkload206/Y
 clkload207/Y
 clkload208/Y
 clkload209/X
 clkload21/Y
 clkload210/X
 clkload211/Y
 clkload212/Y
 clkload213/X
 clkload214/Y
 clkload215/Y
 clkload216/Y
 clkload217/Y
 clkload218/Y
 clkload219/Y
 clkload22/Y
 clkload220/Y
 clkload221/Y
 clkload222/X
 clkload223/X
 clkload224/Y
 clkload225/Y
 clkload226/Y
 clkload227/X
 clkload228/Y
 clkload229/Y
 clkload23/X
 clkload230/Y
 clkload231/Y
 clkload232/X
 clkload233/Y
 clkload234/X
 clkload235/Y
 clkload236/Y
 clkload237/Y
 clkload238/Y
 clkload239/Y
 clkload24/Y
 clkload240/Y
 clkload241/Y
 clkload242/Y
 clkload243/Y
 clkload244/X
 clkload245/X
 clkload246/Y
 clkload247/Y
 clkload248/Y
 clkload249/Y
 clkload25/Y
 clkload250/Y
 clkload251/Y
 clkload252/Y
 clkload253/Y
 clkload254/Y
 clkload255/Y
 clkload256/Y
 clkload257/X
 clkload258/Y
 clkload259/Y
 clkload26/Y
 clkload260/Y
 clkload261/Y
 clkload262/Y
 clkload263/Y
 clkload264/Y
 clkload265/Y
 clkload266/Y
 clkload267/Y
 clkload268/Y
 clkload269/Y
 clkload27/Y
 clkload270/X
 clkload271/Y
 clkload272/Y
 clkload273/Y
 clkload274/X
 clkload275/Y
 clkload276/Y
 clkload277/Y
 clkload278/X
 clkload279/Y
 clkload28/Y
 clkload280/Y
 clkload281/Y
 clkload282/X
 clkload283/Y
 clkload284/Y
 clkload285/Y
 clkload286/X
 clkload287/X
 clkload288/Y
 clkload289/Y
 clkload29/Y
 clkload290/Y
 clkload291/Y
 clkload292/Y
 clkload293/Y
 clkload294/Y
 clkload295/Y
 clkload296/Y
 clkload297/Y
 clkload298/Y
 clkload299/Y
 clkload3/Y
 clkload30/Y
 clkload300/Y
 clkload301/Y
 clkload302/Y
 clkload303/Y
 clkload304/Y
 clkload305/Y
 clkload306/Y
 clkload307/Y
 clkload308/Y
 clkload309/Y
 clkload31/Y
 clkload310/Y
 clkload311/Y
 clkload312/Y
 clkload313/Y
 clkload314/X
 clkload315/Y
 clkload316/Y
 clkload317/X
 clkload318/Y
 clkload319/X
 clkload32/X
 clkload320/X
 clkload321/X
 clkload322/Y
 clkload323/Y
 clkload324/Y
 clkload325/Y
 clkload326/Y
 clkload327/X
 clkload328/X
 clkload329/X
 clkload33/X
 clkload330/Y
 clkload331/Y
 clkload332/Y
 clkload333/Y
 clkload334/Y
 clkload335/Y
 clkload336/X
 clkload337/X
 clkload338/Y
 clkload339/Y
 clkload34/Y
 clkload340/Y
 clkload341/Y
 clkload342/Y
 clkload343/Y
 clkload344/Y
 clkload345/Y
 clkload346/Y
 clkload35/Y
 clkload36/Y
 clkload37/Y
 clkload38/Y
 clkload39/Y
 clkload4/Y
 clkload40/Y
 clkload41/Y
 clkload42/Y
 clkload43/Y
 clkload44/Y
 clkload45/Y
 clkload46/X
 clkload47/Y
 clkload48/X
 clkload49/Y
 clkload5/Y
 clkload50/Y
 clkload51/Y
 clkload52/Y
 clkload53/Y
 clkload54/Y
 clkload55/X
 clkload56/Y
 clkload57/Y
 clkload58/Y
 clkload59/Y
 clkload6/Y
 clkload60/X
 clkload61/Y
 clkload62/Y
 clkload63/Y
 clkload64/Y
 clkload65/Y
 clkload66/Y
 clkload67/Y
 clkload68/Y
 clkload69/Y
 clkload7/Y
 clkload70/Y
 clkload71/Y
 clkload72/Y
 clkload73/Y
 clkload74/Y
 clkload75/Y
 clkload76/Y
 clkload77/Y
 clkload78/X
 clkload79/X
 clkload8/Y
 clkload80/Y
 clkload81/Y
 clkload82/Y
 clkload83/Y
 clkload84/Y
 clkload85/Y
 clkload86/Y
 clkload87/Y
 clkload88/Y
 clkload89/Y
 clkload9/Y
 clkload90/Y
 clkload91/Y
 clkload92/Y
 clkload93/Y
 clkload94/X
 clkload95/Y
 clkload96/Y
 clkload97/Y
 clkload98/Y
 clkload99/Y
Found 0 partially unannotated drivers.

===========================================================================
max slew violation count 24
max fanout violation count 214
max cap violation count 25
============================================================================

===========================================================================
check_setup -verbose -unconstrained_endpoints -multiple_clock -no_clock -no_input_delay -loops -generated_clocks
===========================================================================
