
===========================================================================
 report_power
============================================================================
======================= min_ss_100C_1v60 Corner ===================================

Group                    Internal    Switching      Leakage        Total
                            Power        Power        Power        Power (Watts)
------------------------------------------------------------------------
Sequential           1.734487e-02 3.889272e-03 5.412031e-05 2.128826e-02   0.3%
Combinational        2.310377e+00 4.758555e+00 1.114953e-04 7.069044e+00  99.6%
Clock                2.347639e-03 2.284635e-03 7.794009e-06 4.640068e-03   0.1%
Macro                0.000000e+00 0.000000e+00 0.000000e+00 0.000000e+00   0.0%
Pad                  0.000000e+00 0.000000e+00 0.000000e+00 0.000000e+00   0.0%
------------------------------------------------------------------------
Total                2.330017e+00 4.764703e+00 1.734081e-04 7.094894e+00 100.0%
                            32.8%        67.2%         0.0%

