
===========================================================================
 report_power
============================================================================
======================= max_ff_n40C_1v95 Corner ===================================

Group                    Internal    Switching      Leakage        Total
                            Power        Power        Power        Power (Watts)
------------------------------------------------------------------------
Sequential           2.666201e-02 6.752172e-03 5.380056e-08 3.341423e-02   0.3%
Combinational        3.812079e+00 7.998618e+00 2.380969e-07 1.181070e+01  99.7%
Clock                3.266396e-03 3.820643e-03 7.928730e-08 7.087118e-03   0.1%
Macro                0.000000e+00 0.000000e+00 0.000000e+00 0.000000e+00   0.0%
Pad                  0.000000e+00 0.000000e+00 0.000000e+00 0.000000e+00   0.0%
------------------------------------------------------------------------
Total                3.841937e+00 8.009150e+00 3.711855e-07 1.185109e+01 100.0%
                            32.4%        67.6%         0.0%

