
===========================================================================
 report_power
============================================================================
======================= nom_ss_100C_1v60 Corner ===================================

Group                    Internal    Switching      Leakage        Total
                            Power        Power        Power        Power (Watts)
------------------------------------------------------------------------
Sequential           1.697395e-02 1.576453e-03 5.512057e-05 1.860553e-02   0.5%
Combinational        2.157721e+00 1.789635e+00 8.725352e-05 3.947443e+00  99.5%
Clock                0.000000e+00 0.000000e+00 0.000000e+00 0.000000e+00   0.0%
Macro                0.000000e+00 0.000000e+00 0.000000e+00 0.000000e+00   0.0%
Pad                  0.000000e+00 0.000000e+00 0.000000e+00 0.000000e+00   0.0%
------------------------------------------------------------------------
Total                2.174759e+00 1.791210e+00 1.423760e-04 3.966111e+00 100.0%
                            54.8%        45.2%         0.0%

