
===========================================================================
report_checks -unconstrained
===========================================================================
======================= max_tt_025C_1v80 Corner ===================================

Startpoint: rst_n (input port clocked by clk)
Endpoint: _31572_ (recovery check against rising-edge clock clk)
Path Group: asynchronous
Path Type: max

Fanout         Cap        Slew       Delay        Time   Description
---------------------------------------------------------------------------------------------
                                  0.000000    0.000000   clock clk (rise edge)
                                  0.000000    0.000000   clock network delay (propagated)
                                  4.000000    4.000000 ^ input external delay
     1    0.002640    0.019043    0.009793    4.009793 ^ rst_n (in)
                                                         rst_n (net)
                      0.019044    0.000000    4.009793 ^ input71/A (sky130_fd_sc_hd__dlymetal6s2s_1)
     1    0.021629    0.229703    0.208753    4.218546 ^ input71/X (sky130_fd_sc_hd__dlymetal6s2s_1)
                                                         net71 (net)
                      0.229766    0.003085    4.221631 ^ fanout1711/A (sky130_fd_sc_hd__buf_8)
     9    0.225670    0.359679    0.351728    4.573358 ^ fanout1711/X (sky130_fd_sc_hd__buf_8)
                                                         net1711 (net)
                      0.359786    0.005361    4.578720 ^ fanout1539/A (sky130_fd_sc_hd__buf_6)
     9    0.218122    0.427598    0.410139    4.988859 ^ fanout1539/X (sky130_fd_sc_hd__buf_6)
                                                         net1539 (net)
                      0.431788    0.034575    5.023434 ^ fanout1474/A (sky130_fd_sc_hd__clkbuf_8)
     9    0.146569    0.257825    0.371370    5.394804 ^ fanout1474/X (sky130_fd_sc_hd__clkbuf_8)
                                                         net1474 (net)
                      0.259719    0.018209    5.413014 ^ fanout1472/A (sky130_fd_sc_hd__buf_4)
    10    0.106021    0.292760    0.346835    5.759849 ^ fanout1472/X (sky130_fd_sc_hd__buf_4)
                                                         net1472 (net)
                      0.292850    0.004335    5.764184 ^ fanout1471/A (sky130_fd_sc_hd__buf_2)
     7    0.062172    0.302950    0.359770    6.123954 ^ fanout1471/X (sky130_fd_sc_hd__buf_2)
                                                         net1471 (net)
                      0.302962    0.001649    6.125604 ^ fanout1470/A (sky130_fd_sc_hd__buf_2)
     6    0.050783    0.247858    0.324393    6.449997 ^ fanout1470/X (sky130_fd_sc_hd__buf_2)
                                                         net1470 (net)
                      0.247888    0.002294    6.452291 ^ fanout1467/A (sky130_fd_sc_hd__clkbuf_4)
    10    0.058200    0.179338    0.300866    6.753156 ^ fanout1467/X (sky130_fd_sc_hd__clkbuf_4)
                                                         net1467 (net)
                      0.179390    0.002563    6.755719 ^ fanout1466/A (sky130_fd_sc_hd__clkbuf_4)
    10    0.051551    0.159582    0.267536    7.023255 ^ fanout1466/X (sky130_fd_sc_hd__clkbuf_4)
                                                         net1466 (net)
                      0.159766    0.003597    7.026852 ^ _31572_/RESET_B (sky130_fd_sc_hd__dfrtp_4)
                                              7.026852   data arrival time

                                 20.000000   20.000000   clock clk (rise edge)
                                  0.000000   20.000000   clock source latency
     3    0.149103    0.674791    0.483038   20.483038 ^ clk (in)
                                                         clk (net)
                      0.683227    0.000000   20.483038 ^ clkbuf_0_clk/A (sky130_fd_sc_hd__clkbuf_16)
     4    0.201972    0.218519    0.392403   20.875441 ^ clkbuf_0_clk/X (sky130_fd_sc_hd__clkbuf_16)
                                                         clknet_0_clk (net)
                      0.221184    0.019297   20.894737 ^ clkbuf_2_0_0_clk/A (sky130_fd_sc_hd__clkbuf_8)
     8    0.212706    0.364515    0.403844   21.298582 ^ clkbuf_2_0_0_clk/X (sky130_fd_sc_hd__clkbuf_8)
                                                         clknet_2_0_0_clk (net)
                      0.364666    0.006303   21.304884 ^ clkbuf_5_7__f_clk/A (sky130_fd_sc_hd__clkbuf_16)
    10    0.131500    0.146517    0.296113   21.600998 ^ clkbuf_5_7__f_clk/X (sky130_fd_sc_hd__clkbuf_16)
                                                         clknet_5_7__leaf_clk (net)
                      0.146636    0.003462   21.604460 ^ clkbuf_leaf_325_clk/A (sky130_fd_sc_hd__clkbuf_8)
    14    0.049461    0.097117    0.203260   21.807718 ^ clkbuf_leaf_325_clk/X (sky130_fd_sc_hd__clkbuf_8)
                                                         clknet_leaf_325_clk (net)
                      0.097225    0.002879   21.810598 ^ _31572_/CLK (sky130_fd_sc_hd__dfrtp_4)
                                 -0.250000   21.560598   clock uncertainty
                                  0.000000   21.560598   clock reconvergence pessimism
                                  0.196472   21.757071   library recovery time
                                             21.757071   data required time
---------------------------------------------------------------------------------------------
                                             21.757071   data required time
                                             -7.026852   data arrival time
---------------------------------------------------------------------------------------------
                                             14.730219   slack (MET)


Startpoint: _31735_ (rising edge-triggered flip-flop clocked by clk)
Endpoint: _31760_ (rising edge-triggered flip-flop clocked by clk)
Path Group: clk
Path Type: max

Fanout         Cap        Slew       Delay        Time   Description
---------------------------------------------------------------------------------------------
                                  0.000000    0.000000   clock clk (rise edge)
                                  0.000000    0.000000   clock source latency
     3    0.149103    0.674791    0.483038    0.483038 ^ clk (in)
                                                         clk (net)
                      0.683227    0.000000    0.483038 ^ clkbuf_0_clk/A (sky130_fd_sc_hd__clkbuf_16)
     4    0.201972    0.218519    0.392402    0.875440 ^ clkbuf_0_clk/X (sky130_fd_sc_hd__clkbuf_16)
                                                         clknet_0_clk (net)
                      0.221184    0.019297    0.894737 ^ clkbuf_2_0_0_clk/A (sky130_fd_sc_hd__clkbuf_8)
     8    0.212706    0.364515    0.403844    1.298580 ^ clkbuf_2_0_0_clk/X (sky130_fd_sc_hd__clkbuf_8)
                                                         clknet_2_0_0_clk (net)
                      0.366655    0.022811    1.321392 ^ clkbuf_5_3__f_clk/A (sky130_fd_sc_hd__clkbuf_16)
    13    0.171665    0.185939    0.318692    1.640084 ^ clkbuf_5_3__f_clk/X (sky130_fd_sc_hd__clkbuf_16)
                                                         clknet_5_3__leaf_clk (net)
                      0.192938    0.028442    1.668526 ^ clkbuf_leaf_332_clk/A (sky130_fd_sc_hd__clkbuf_8)
    20    0.071100    0.132446    0.243386    1.911912 ^ clkbuf_leaf_332_clk/X (sky130_fd_sc_hd__clkbuf_8)
                                                         clknet_leaf_332_clk (net)
                      0.132681    0.004031    1.915943 ^ _31735_/CLK (sky130_fd_sc_hd__dfrtp_4)
     8    0.192688    0.534846    0.797524    2.713467 ^ _31735_/Q (sky130_fd_sc_hd__dfrtp_4)
                                                         chacha_unit.U_QR_COL_3.in_b[5] (net)
                      0.535766    0.016146    2.729613 ^ _17200_/B (sky130_fd_sc_hd__or2_4)
     4    0.018123    0.074517    0.246026    2.975639 ^ _17200_/X (sky130_fd_sc_hd__or2_4)
                                                         _13215_ (net)
                      0.074535    0.001089    2.976727 ^ _17202_/A (sky130_fd_sc_hd__nand2_4)
     2    0.009260    0.039025    0.051013    3.027740 v _17202_/Y (sky130_fd_sc_hd__nand2_4)
                                                         _13217_ (net)
                      0.039032    0.000470    3.028210 v _17203_/A (sky130_fd_sc_hd__or3_4)
     1    0.007142    0.070214    0.383922    3.412131 v _17203_/X (sky130_fd_sc_hd__or3_4)
                                                         _13218_ (net)
                      0.070214    0.000353    3.412484 v _17204_/C1 (sky130_fd_sc_hd__a211o_4)
     4    0.065523    0.131050    0.365029    3.777513 v _17204_/X (sky130_fd_sc_hd__a211o_4)
                                                         _13219_ (net)
                      0.134390    0.016286    3.793799 v _17220_/A2 (sky130_fd_sc_hd__a21bo_4)
     3    0.046755    0.093696    0.302347    4.096146 v _17220_/X (sky130_fd_sc_hd__a21bo_4)
                                                         _13235_ (net)
                      0.095066    0.009428    4.105573 v _17222_/A (sky130_fd_sc_hd__and2_2)
     2    0.023090    0.079683    0.237668    4.343241 v _17222_/X (sky130_fd_sc_hd__and2_2)
                                                         _13237_ (net)
                      0.079697    0.001100    4.344341 v _17273_/A1 (sky130_fd_sc_hd__o21ai_2)
     3    0.019720    0.250777    0.260309    4.604650 ^ _17273_/Y (sky130_fd_sc_hd__o21ai_2)
                                                         _13288_ (net)
                      0.250781    0.000798    4.605449 ^ _17364_/A1 (sky130_fd_sc_hd__a21oi_1)
     1    0.009690    0.112286    0.152556    4.758004 v _17364_/Y (sky130_fd_sc_hd__a21oi_1)
                                                         _13379_ (net)
                      0.112289    0.000739    4.758744 v _17365_/B (sky130_fd_sc_hd__xnor2_2)
     3    0.021404    0.115742    0.207901    4.966645 v _17365_/Y (sky130_fd_sc_hd__xnor2_2)
                                                         _13380_ (net)
                      0.115779    0.001677    4.968322 v _17366_/B (sky130_fd_sc_hd__xnor2_1)
     1    0.025281    0.566219    0.489378    5.457700 ^ _17366_/Y (sky130_fd_sc_hd__xnor2_1)
                                                         _13381_ (net)
                      0.566249    0.003473    5.461173 ^ wire436/A (sky130_fd_sc_hd__buf_6)
     3    0.078582    0.162633    0.268920    5.730093 ^ wire436/X (sky130_fd_sc_hd__buf_6)
                                                         net436 (net)
                      0.165680    0.017699    5.747792 ^ _17367_/B (sky130_fd_sc_hd__nor2_1)
     3    0.010716    0.110094    0.099402    5.847195 v _17367_/Y (sky130_fd_sc_hd__nor2_1)
                                                         _13382_ (net)
                      0.110094    0.000422    5.847616 v _17400_/A_N (sky130_fd_sc_hd__nand2b_4)
     3    0.034998    0.091775    0.214088    6.061705 v _17400_/Y (sky130_fd_sc_hd__nand2b_4)
                                                         _13415_ (net)
                      0.091829    0.002107    6.063811 v _17401_/A_N (sky130_fd_sc_hd__nand3b_1)
     1    0.009388    0.138231    0.217645    6.281456 v _17401_/Y (sky130_fd_sc_hd__nand3b_1)
                                                         _13416_ (net)
                      0.138232    0.000713    6.282169 v _17418_/A2 (sky130_fd_sc_hd__a31oi_4)
     3    0.066914    0.520272    0.481892    6.764061 ^ _17418_/Y (sky130_fd_sc_hd__a31oi_4)
                                                         _13433_ (net)
                      0.521097    0.016722    6.780783 ^ _17426_/A2 (sky130_fd_sc_hd__a31oi_4)
     4    0.029599    0.176131    0.232181    7.012965 v _17426_/Y (sky130_fd_sc_hd__a31oi_4)
                                                         _13441_ (net)
                      0.176252    0.003605    7.016570 v _18626_/A1 (sky130_fd_sc_hd__o211a_4)
     3    0.055963    0.100190    0.364398    7.380968 v _18626_/X (sky130_fd_sc_hd__o211a_4)
                                                         _14641_ (net)
                      0.104227    0.015523    7.396491 v _18710_/C (sky130_fd_sc_hd__or4_1)
     2    0.009398    0.125183    0.540125    7.936616 v _18710_/X (sky130_fd_sc_hd__or4_1)
                                                         _14725_ (net)
                      0.125183    0.000533    7.937149 v _18713_/A1 (sky130_fd_sc_hd__a21o_1)
     2    0.009916    0.062162    0.215302    8.152451 v _18713_/X (sky130_fd_sc_hd__a21o_1)
                                                         _14728_ (net)
                      0.062165    0.000482    8.152933 v _18716_/A2 (sky130_fd_sc_hd__a31o_2)
     2    0.031245    0.104266    0.307035    8.459968 v _18716_/X (sky130_fd_sc_hd__a31o_2)
                                                         _14731_ (net)
                      0.104445    0.003800    8.463768 v _18717_/B (sky130_fd_sc_hd__xor2_4)
     3    0.022458    0.095386    0.193451    8.657218 v _18717_/X (sky130_fd_sc_hd__xor2_4)
                                                         _14732_ (net)
                      0.095400    0.001108    8.658326 v _18718_/A (sky130_fd_sc_hd__xnor2_4)
     3    0.055715    0.434683    0.405126    9.063452 ^ _18718_/Y (sky130_fd_sc_hd__xnor2_4)
                                                         _14733_ (net)
                      0.435312    0.013291    9.076742 ^ _18719_/B (sky130_fd_sc_hd__or2_2)
     5    0.023163    0.128233    0.262619    9.339361 ^ _18719_/X (sky130_fd_sc_hd__or2_2)
                                                         _14734_ (net)
                      0.128239    0.001050    9.340411 ^ _18721_/A (sky130_fd_sc_hd__nand2_1)
     4    0.014979    0.116162    0.134610    9.475021 v _18721_/Y (sky130_fd_sc_hd__nand2_1)
                                                         _14736_ (net)
                      0.116176    0.001048    9.476069 v _18775_/A1 (sky130_fd_sc_hd__o311ai_1)
     1    0.006298    0.318836    0.368352    9.844420 ^ _18775_/Y (sky130_fd_sc_hd__o311ai_1)
                                                         _14790_ (net)
                      0.318836    0.000490    9.844911 ^ _18776_/A1 (sky130_fd_sc_hd__a31o_1)
     1    0.009700    0.105685    0.236104   10.081015 ^ _18776_/X (sky130_fd_sc_hd__a31o_1)
                                                         _14791_ (net)
                      0.105688    0.000738   10.081753 ^ _18777_/B1 (sky130_fd_sc_hd__a21oi_4)
     3    0.031100    0.084912    0.071122   10.152874 v _18777_/Y (sky130_fd_sc_hd__a21oi_4)
                                                         _14792_ (net)
                      0.085301    0.004435   10.157310 v _19224_/A2 (sky130_fd_sc_hd__o21ai_4)
     4    0.059652    0.434572    0.372667   10.529976 ^ _19224_/Y (sky130_fd_sc_hd__o21ai_4)
                                                         _15239_ (net)
                      0.435276    0.014118   10.544094 ^ _19252_/C (sky130_fd_sc_hd__and4b_1)
     3    0.022924    0.235070    0.400589   10.944683 ^ _19252_/X (sky130_fd_sc_hd__and4b_1)
                                                         _15267_ (net)
                      0.235097    0.002625   10.947309 ^ _19259_/A1 (sky130_fd_sc_hd__o21a_1)
     2    0.014108    0.141232    0.235658   11.182966 ^ _19259_/X (sky130_fd_sc_hd__o21a_1)
                                                         _15274_ (net)
                      0.141237    0.001033   11.183999 ^ _19260_/B (sky130_fd_sc_hd__nor2_4)
     1    0.016654    0.059398    0.061139   11.245137 v _19260_/Y (sky130_fd_sc_hd__nor2_4)
                                                         _15275_ (net)
                      0.059406    0.001285   11.246423 v _19301_/A (sky130_fd_sc_hd__xnor2_4)
     3    0.065291    0.496033    0.439335   11.685758 ^ _19301_/Y (sky130_fd_sc_hd__xnor2_4)
                                                         _15316_ (net)
                      0.496066    0.003386   11.689143 ^ _19302_/B (sky130_fd_sc_hd__xor2_4)
     4    0.010957    0.143517    0.199015   11.888159 ^ _19302_/X (sky130_fd_sc_hd__xor2_4)
                                                         _15317_ (net)
                      0.143517    0.000282   11.888441 ^ rebuffer19/A (sky130_fd_sc_hd__dlymetal6s2s_1)
     1    0.017360    0.190499    0.221791   12.110231 ^ rebuffer19/X (sky130_fd_sc_hd__dlymetal6s2s_1)
                                                         net1794 (net)
                      0.190514    0.001369   12.111600 ^ _20933_/B (sky130_fd_sc_hd__xnor2_4)
     2    0.022232    0.218348    0.169764   12.281363 ^ _20933_/Y (sky130_fd_sc_hd__xnor2_4)
                                                         _04227_ (net)
                      0.218352    0.001348   12.282712 ^ _20934_/B (sky130_fd_sc_hd__nand2_1)
     1    0.003631    0.056927    0.088541   12.371253 v _20934_/Y (sky130_fd_sc_hd__nand2_1)
                                                         _04228_ (net)
                      0.056928    0.000153   12.371406 v _20935_/A (sky130_fd_sc_hd__or4_4)
     2    0.008786    0.092055    0.545085   12.916491 v _20935_/X (sky130_fd_sc_hd__or4_4)
                                                         _04229_ (net)
                      0.092055    0.000614   12.917104 v _20942_/A1 (sky130_fd_sc_hd__a311o_1)
     2    0.011068    0.091988    0.323118   13.240222 v _20942_/X (sky130_fd_sc_hd__a311o_1)
                                                         _04236_ (net)
                      0.091993    0.000774   13.240995 v _20943_/A1 (sky130_fd_sc_hd__a21oi_4)
     5    0.041006    0.314323    0.301655   13.542650 ^ _20943_/Y (sky130_fd_sc_hd__a21oi_4)
                                                         _04237_ (net)
                      0.314473    0.005513   13.548163 ^ _20976_/A2 (sky130_fd_sc_hd__a31o_4)
     4    0.057764    0.187647    0.318916   13.867080 ^ _20976_/X (sky130_fd_sc_hd__a31o_4)
                                                         _04270_ (net)
                      0.188905    0.012371   13.879450 ^ _20982_/B (sky130_fd_sc_hd__nand4_4)
     2    0.006345    0.101265    0.113762   13.993213 v _20982_/Y (sky130_fd_sc_hd__nand4_4)
                                                         _04276_ (net)
                      0.101265    0.000419   13.993631 v _20988_/A1 (sky130_fd_sc_hd__a311o_1)
     2    0.009771    0.086151    0.320836   14.314467 v _20988_/X (sky130_fd_sc_hd__a311o_1)
                                                         _04282_ (net)
                      0.086163    0.001012   14.315479 v _20990_/A1 (sky130_fd_sc_hd__a21o_1)
     2    0.009835    0.061879    0.198923   14.514401 v _20990_/X (sky130_fd_sc_hd__a21o_1)
                                                         _04284_ (net)
                      0.061885    0.000640   14.515042 v _20992_/B (sky130_fd_sc_hd__and3_4)
     3    0.009472    0.039324    0.179805   14.694847 v _20992_/X (sky130_fd_sc_hd__and3_4)
                                                         _04286_ (net)
                      0.039324    0.000509   14.695355 v rebuffer147/A (sky130_fd_sc_hd__buf_2)
     1    0.009919    0.039490    0.130387   14.825743 v rebuffer147/X (sky130_fd_sc_hd__buf_2)
                                                         net1922 (net)
                      0.039506    0.000751   14.826493 v _20996_/A1 (sky130_fd_sc_hd__o21ai_4)
     3    0.083459    0.581553    0.484216   15.310710 ^ _20996_/Y (sky130_fd_sc_hd__o21ai_4)
                                                         _04290_ (net)
                      0.581997    0.013173   15.323883 ^ _21001_/A2 (sky130_fd_sc_hd__a21oi_1)
     2    0.011326    0.159870    0.226366   15.550249 v _21001_/Y (sky130_fd_sc_hd__a21oi_1)
                                                         _04295_ (net)
                      0.159872    0.000876   15.551126 v _21004_/B (sky130_fd_sc_hd__or3_4)
     2    0.008108    0.071728    0.412880   15.964005 v _21004_/X (sky130_fd_sc_hd__or3_4)
                                                         _04298_ (net)
                      0.071728    0.000471   15.964477 v _21040_/A4 (sky130_fd_sc_hd__o41a_1)
     2    0.014884    0.120030    0.383746   16.348223 v _21040_/X (sky130_fd_sc_hd__o41a_1)
                                                         _04334_ (net)
                      0.120045    0.001371   16.349594 v _21156_/A1 (sky130_fd_sc_hd__a21o_1)
     2    0.021882    0.112039    0.254602   16.604197 v _21156_/X (sky130_fd_sc_hd__a21o_1)
                                                         _04450_ (net)
                      0.112132    0.002906   16.607101 v _21167_/A1 (sky130_fd_sc_hd__a21o_4)
     6    0.050104    0.092164    0.283885   16.890987 v _21167_/X (sky130_fd_sc_hd__a21o_4)
                                                         _04461_ (net)
                      0.092734    0.006160   16.897148 v _21175_/A3 (sky130_fd_sc_hd__o31ai_4)
     1    0.021023    0.313450    0.297444   17.194592 ^ _21175_/Y (sky130_fd_sc_hd__o31ai_4)
                                                         _04469_ (net)
                      0.313542    0.002579   17.197170 ^ wire209/A (sky130_fd_sc_hd__buf_6)
     4    0.050061    0.108660    0.206983   17.404154 ^ wire209/X (sky130_fd_sc_hd__buf_6)
                                                         net209 (net)
                      0.109388    0.007148   17.411301 ^ _21215_/A1 (sky130_fd_sc_hd__a41oi_2)
     3    0.010090    0.168429    0.136128   17.547428 v _21215_/Y (sky130_fd_sc_hd__a41oi_2)
                                                         _04509_ (net)
                      0.168429    0.000577   17.548006 v _21216_/A2 (sky130_fd_sc_hd__a21o_1)
     2    0.005555    0.044854    0.231621   17.779627 v _21216_/X (sky130_fd_sc_hd__a21o_1)
                                                         _04510_ (net)
                      0.044855    0.000323   17.779951 v _21453_/B (sky130_fd_sc_hd__nand2_1)
     1    0.009979    0.103505    0.105219   17.885170 ^ _21453_/Y (sky130_fd_sc_hd__nand2_1)
                                                         _04747_ (net)
                      0.103514    0.000760   17.885929 ^ _21472_/A (sky130_fd_sc_hd__xor2_2)
     3    0.026421    0.341974    0.309306   18.195236 ^ _21472_/X (sky130_fd_sc_hd__xor2_2)
                                                         _04766_ (net)
                      0.341982    0.001341   18.196577 ^ _21473_/B (sky130_fd_sc_hd__xnor2_1)
     1    0.015974    0.376656    0.261331   18.457909 ^ _21473_/Y (sky130_fd_sc_hd__xnor2_1)
                                                         _04767_ (net)
                      0.376666    0.001620   18.459528 ^ wire190/A (sky130_fd_sc_hd__buf_4)
     4    0.080873    0.225573    0.320590   18.780117 ^ wire190/X (sky130_fd_sc_hd__buf_4)
                                                         net190 (net)
                      0.226422    0.011411   18.791529 ^ _21474_/A_N (sky130_fd_sc_hd__and2b_1)
     2    0.007394    0.053460    0.231662   19.023191 v _21474_/X (sky130_fd_sc_hd__and2b_1)
                                                         _04768_ (net)
                      0.053463    0.000462   19.023653 v _21480_/A2 (sky130_fd_sc_hd__o211a_1)
     1    0.007194    0.058725    0.225892   19.249544 v _21480_/X (sky130_fd_sc_hd__o211a_1)
                                                         _04774_ (net)
                      0.058726    0.000378   19.249924 v _21481_/C (sky130_fd_sc_hd__nor3_1)
     1    0.009687    0.322707    0.267935   19.517859 ^ _21481_/Y (sky130_fd_sc_hd__nor3_1)
                                                         _04775_ (net)
                      0.322709    0.000776   19.518635 ^ wire180/A (sky130_fd_sc_hd__buf_2)
     3    0.032033    0.160535    0.267425   19.786060 ^ wire180/X (sky130_fd_sc_hd__buf_2)
                                                         net180 (net)
                      0.160603    0.003077   19.789137 ^ _21487_/A1 (sky130_fd_sc_hd__a2111oi_4)
     2    0.005026    0.094257    0.094573   19.883709 v _21487_/Y (sky130_fd_sc_hd__a2111oi_4)
                                                         _04781_ (net)
                      0.094257    0.000323   19.884033 v max_cap178/A (sky130_fd_sc_hd__clkbuf_1)
     1    0.004944    0.038085    0.119206   20.003239 v max_cap178/X (sky130_fd_sc_hd__clkbuf_1)
                                                         net178 (net)
                      0.038087    0.000364   20.003603 v _21489_/A2 (sky130_fd_sc_hd__o31a_4)
     4    0.043471    0.105657    0.388500   20.392103 v _21489_/X (sky130_fd_sc_hd__o31a_4)
                                                         _04783_ (net)
                      0.106652    0.008622   20.400724 v _21560_/A1 (sky130_fd_sc_hd__a21oi_4)
     3    0.054407    0.397015    0.370139   20.770864 ^ _21560_/Y (sky130_fd_sc_hd__a21oi_4)
                                                         _04854_ (net)
                      0.397222    0.007384   20.778250 ^ _21574_/A2 (sky130_fd_sc_hd__o21ai_4)
     1    0.017161    0.087729    0.111648   20.889896 v _21574_/Y (sky130_fd_sc_hd__o21ai_4)
                                                         _04868_ (net)
                      0.087777    0.000894   20.890791 v _21575_/B (sky130_fd_sc_hd__xnor2_4)
     4    0.044803    0.362656    0.327434   21.218224 ^ _21575_/Y (sky130_fd_sc_hd__xnor2_4)
                                                         _04869_ (net)
                      0.362673    0.002020   21.220243 ^ max_cap167/A (sky130_fd_sc_hd__buf_6)
     1    0.050733    0.110340    0.214285   21.434530 ^ max_cap167/X (sky130_fd_sc_hd__buf_6)
                                                         net167 (net)
                      0.110788    0.005290   21.439819 ^ _21576_/B (sky130_fd_sc_hd__xor2_4)
     5    0.111756    0.773421    0.626436   22.066256 ^ _21576_/X (sky130_fd_sc_hd__xor2_4)
                                                         _04870_ (net)
                      0.773839    0.014982   22.081238 ^ _21578_/B (sky130_fd_sc_hd__nor2_4)
     3    0.015212    0.125627    0.078453   22.159689 v _21578_/Y (sky130_fd_sc_hd__nor2_4)
                                                         _04872_ (net)
                      0.125629    0.000957   22.160646 v _21580_/A (sky130_fd_sc_hd__or2_4)
     2    0.022602    0.070579    0.311427   22.472075 v _21580_/X (sky130_fd_sc_hd__or2_4)
                                                         _04874_ (net)
                      0.070627    0.001208   22.473282 v _21628_/A_N (sky130_fd_sc_hd__nand4b_4)
     1    0.050658    0.242125    0.303540   22.776823 v _21628_/Y (sky130_fd_sc_hd__nand4b_4)
                                                         _04922_ (net)
                      0.242250    0.004409   22.781231 v _21629_/C1 (sky130_fd_sc_hd__a311o_1)
     2    0.023861    0.146268    0.444693   23.225925 v _21629_/X (sky130_fd_sc_hd__a311o_1)
                                                         _04923_ (net)
                      0.146316    0.002547   23.228472 v _21647_/A2 (sky130_fd_sc_hd__a211o_4)
     2    0.029019    0.085522    0.414468   23.642941 v _21647_/X (sky130_fd_sc_hd__a211o_4)
                                                         _04941_ (net)
                      0.085991    0.005132   23.648073 v _21648_/C (sky130_fd_sc_hd__and3_4)
     1    0.017875    0.049587    0.217211   23.865284 v _21648_/X (sky130_fd_sc_hd__and3_4)
                                                         _04942_ (net)
                      0.049587    0.001419   23.866703 v _21650_/A (sky130_fd_sc_hd__xor2_4)
     2    0.062565    0.455507    0.415792   24.282495 ^ _21650_/X (sky130_fd_sc_hd__xor2_4)
                                                         _04944_ (net)
                      0.455539    0.003142   24.285637 ^ _21651_/A (sky130_fd_sc_hd__xnor2_2)
     3    0.009994    0.178862    0.190340   24.475977 ^ _21651_/Y (sky130_fd_sc_hd__xnor2_2)
                                                         _04945_ (net)
                      0.178862    0.000558   24.476536 ^ _23508_/A_N (sky130_fd_sc_hd__and2b_1)
     3    0.021223    0.111913    0.275200   24.751736 v _23508_/X (sky130_fd_sc_hd__and2b_1)
                                                         _06578_ (net)
                      0.111934    0.001481   24.753218 v _23519_/A2 (sky130_fd_sc_hd__a21o_4)
     2    0.025860    0.059592    0.269294   25.022511 v _23519_/X (sky130_fd_sc_hd__a21o_4)
                                                         _06587_ (net)
                      0.059668    0.001892   25.024403 v _23525_/A1 (sky130_fd_sc_hd__a21o_4)
     2    0.025121    0.058482    0.233227   25.257629 v _23525_/X (sky130_fd_sc_hd__a21o_4)
                                                         _06592_ (net)
                      0.058530    0.001535   25.259165 v _23531_/A1 (sky130_fd_sc_hd__a21o_4)
     3    0.033858    0.070038    0.242650   25.501814 v _23531_/X (sky130_fd_sc_hd__a21o_4)
                                                         _06597_ (net)
                      0.070392    0.004253   25.506067 v _23549_/A3 (sky130_fd_sc_hd__a31o_4)
     3    0.018604    0.053687    0.270731   25.776798 v _23549_/X (sky130_fd_sc_hd__a31o_4)
                                                         _06613_ (net)
                      0.053783    0.001430   25.778229 v _23563_/A2 (sky130_fd_sc_hd__a211o_4)
     4    0.104230    0.177900    0.467947   26.246176 v _23563_/X (sky130_fd_sc_hd__a211o_4)
                                                         _06625_ (net)
                      0.179667    0.013845   26.260021 v _23632_/A2 (sky130_fd_sc_hd__a21oi_4)
     5    0.047913    0.357674    0.384242   26.644262 ^ _23632_/Y (sky130_fd_sc_hd__a21oi_4)
                                                         _06686_ (net)
                      0.357777    0.004915   26.649178 ^ _23668_/A3 (sky130_fd_sc_hd__o31a_1)
     2    0.015236    0.166580    0.254063   26.903242 ^ _23668_/X (sky130_fd_sc_hd__o31a_1)
                                                         _06718_ (net)
                      0.166585    0.001194   26.904434 ^ _23669_/B (sky130_fd_sc_hd__nor2_4)
     3    0.015355    0.083764    0.062171   26.966606 v _23669_/Y (sky130_fd_sc_hd__nor2_4)
                                                         _06719_ (net)
                      0.083764    0.000439   26.967045 v _23687_/A (sky130_fd_sc_hd__or2_4)
     2    0.016107    0.063471    0.285448   27.252493 v _23687_/X (sky130_fd_sc_hd__or2_4)
                                                         _06735_ (net)
                      0.063471    0.000927   27.253420 v _23693_/A1 (sky130_fd_sc_hd__a31o_4)
     1    0.018834    0.054024    0.245278   27.498697 v _23693_/X (sky130_fd_sc_hd__a31o_4)
                                                         _06740_ (net)
                      0.054114    0.001661   27.500359 v _23694_/A (sky130_fd_sc_hd__xnor2_4)
     2    0.108584    0.780025    0.639810   28.140169 ^ _23694_/Y (sky130_fd_sc_hd__xnor2_4)
                                                         _06741_ (net)
                      0.780515    0.016087   28.156256 ^ _23902_/A (sky130_fd_sc_hd__xor2_1)
     1    0.005436    0.143756    0.174687   28.330942 v _23902_/X (sky130_fd_sc_hd__xor2_1)
                                                         _06878_ (net)
                      0.143756    0.000391   28.331333 v _23903_/A (sky130_fd_sc_hd__nor2_2)
     1    0.047444    0.512638    0.459476   28.790810 ^ _23903_/Y (sky130_fd_sc_hd__nor2_2)
                                                         _06879_ (net)
                      0.512701    0.004766   28.795574 ^ _23904_/C1 (sky130_fd_sc_hd__a221o_1)
     1    0.002992    0.054699    0.184558   28.980133 ^ _23904_/X (sky130_fd_sc_hd__a221o_1)
                                                         _00523_ (net)
                      0.054699    0.000124   28.980257 ^ _31760_/D (sky130_fd_sc_hd__dfrtp_4)
                                             28.980257   data arrival time

                                 20.000000   20.000000   clock clk (rise edge)
                                  0.000000   20.000000   clock source latency
     3    0.149103    0.674791    0.483038   20.483038 ^ clk (in)
                                                         clk (net)
                      0.683227    0.000000   20.483038 ^ clkbuf_0_clk/A (sky130_fd_sc_hd__clkbuf_16)
     4    0.201972    0.218519    0.392403   20.875441 ^ clkbuf_0_clk/X (sky130_fd_sc_hd__clkbuf_16)
                                                         clknet_0_clk (net)
                      0.221184    0.019297   20.894737 ^ clkbuf_2_0_0_clk/A (sky130_fd_sc_hd__clkbuf_8)
     8    0.212706    0.364515    0.403844   21.298582 ^ clkbuf_2_0_0_clk/X (sky130_fd_sc_hd__clkbuf_8)
                                                         clknet_2_0_0_clk (net)
                      0.366600    0.022530   21.321112 ^ clkbuf_5_1__f_clk/A (sky130_fd_sc_hd__clkbuf_16)
    12    0.155019    0.168808    0.311157   21.632269 ^ clkbuf_5_1__f_clk/X (sky130_fd_sc_hd__clkbuf_16)
                                                         clknet_5_1__leaf_clk (net)
                      0.170397    0.013053   21.645321 ^ clkbuf_leaf_328_clk/A (sky130_fd_sc_hd__clkbuf_8)
     8    0.040915    0.083999    0.200885   21.846205 ^ clkbuf_leaf_328_clk/X (sky130_fd_sc_hd__clkbuf_8)
                                                         clknet_leaf_328_clk (net)
                      0.084037    0.001663   21.847868 ^ _31760_/CLK (sky130_fd_sc_hd__dfrtp_4)
                                 -0.250000   21.597870   clock uncertainty
                                  0.000000   21.597870   clock reconvergence pessimism
                                 -0.059790   21.538078   library setup time
                                             21.538078   data required time
---------------------------------------------------------------------------------------------
                                             21.538078   data required time
                                            -28.980257   data arrival time
---------------------------------------------------------------------------------------------
                                             -7.442179   slack (VIOLATED)




===========================================================================
report_checks --slack_max -0.01
============================================================================
======================= max_tt_025C_1v80 Corner ===================================

Startpoint: _31735_ (rising edge-triggered flip-flop clocked by clk)
Endpoint: _31760_ (rising edge-triggered flip-flop clocked by clk)
Path Group: clk
Path Type: max

Fanout         Cap        Slew       Delay        Time   Description
---------------------------------------------------------------------------------------------
                                  0.000000    0.000000   clock clk (rise edge)
                                  0.000000    0.000000   clock source latency
     3    0.149103    0.674791    0.483038    0.483038 ^ clk (in)
                                                         clk (net)
                      0.683227    0.000000    0.483038 ^ clkbuf_0_clk/A (sky130_fd_sc_hd__clkbuf_16)
     4    0.201972    0.218519    0.392402    0.875440 ^ clkbuf_0_clk/X (sky130_fd_sc_hd__clkbuf_16)
                                                         clknet_0_clk (net)
                      0.221184    0.019297    0.894737 ^ clkbuf_2_0_0_clk/A (sky130_fd_sc_hd__clkbuf_8)
     8    0.212706    0.364515    0.403844    1.298580 ^ clkbuf_2_0_0_clk/X (sky130_fd_sc_hd__clkbuf_8)
                                                         clknet_2_0_0_clk (net)
                      0.366655    0.022811    1.321392 ^ clkbuf_5_3__f_clk/A (sky130_fd_sc_hd__clkbuf_16)
    13    0.171665    0.185939    0.318692    1.640084 ^ clkbuf_5_3__f_clk/X (sky130_fd_sc_hd__clkbuf_16)
                                                         clknet_5_3__leaf_clk (net)
                      0.192938    0.028442    1.668526 ^ clkbuf_leaf_332_clk/A (sky130_fd_sc_hd__clkbuf_8)
    20    0.071100    0.132446    0.243386    1.911912 ^ clkbuf_leaf_332_clk/X (sky130_fd_sc_hd__clkbuf_8)
                                                         clknet_leaf_332_clk (net)
                      0.132681    0.004031    1.915943 ^ _31735_/CLK (sky130_fd_sc_hd__dfrtp_4)
     8    0.192688    0.534846    0.797524    2.713467 ^ _31735_/Q (sky130_fd_sc_hd__dfrtp_4)
                                                         chacha_unit.U_QR_COL_3.in_b[5] (net)
                      0.535766    0.016146    2.729613 ^ _17200_/B (sky130_fd_sc_hd__or2_4)
     4    0.018123    0.074517    0.246026    2.975639 ^ _17200_/X (sky130_fd_sc_hd__or2_4)
                                                         _13215_ (net)
                      0.074535    0.001089    2.976727 ^ _17202_/A (sky130_fd_sc_hd__nand2_4)
     2    0.009260    0.039025    0.051013    3.027740 v _17202_/Y (sky130_fd_sc_hd__nand2_4)
                                                         _13217_ (net)
                      0.039032    0.000470    3.028210 v _17203_/A (sky130_fd_sc_hd__or3_4)
     1    0.007142    0.070214    0.383922    3.412131 v _17203_/X (sky130_fd_sc_hd__or3_4)
                                                         _13218_ (net)
                      0.070214    0.000353    3.412484 v _17204_/C1 (sky130_fd_sc_hd__a211o_4)
     4    0.065523    0.131050    0.365029    3.777513 v _17204_/X (sky130_fd_sc_hd__a211o_4)
                                                         _13219_ (net)
                      0.134390    0.016286    3.793799 v _17220_/A2 (sky130_fd_sc_hd__a21bo_4)
     3    0.046755    0.093696    0.302347    4.096146 v _17220_/X (sky130_fd_sc_hd__a21bo_4)
                                                         _13235_ (net)
                      0.095066    0.009428    4.105573 v _17222_/A (sky130_fd_sc_hd__and2_2)
     2    0.023090    0.079683    0.237668    4.343241 v _17222_/X (sky130_fd_sc_hd__and2_2)
                                                         _13237_ (net)
                      0.079697    0.001100    4.344341 v _17273_/A1 (sky130_fd_sc_hd__o21ai_2)
     3    0.019720    0.250777    0.260309    4.604650 ^ _17273_/Y (sky130_fd_sc_hd__o21ai_2)
                                                         _13288_ (net)
                      0.250781    0.000798    4.605449 ^ _17364_/A1 (sky130_fd_sc_hd__a21oi_1)
     1    0.009690    0.112286    0.152556    4.758004 v _17364_/Y (sky130_fd_sc_hd__a21oi_1)
                                                         _13379_ (net)
                      0.112289    0.000739    4.758744 v _17365_/B (sky130_fd_sc_hd__xnor2_2)
     3    0.021404    0.115742    0.207901    4.966645 v _17365_/Y (sky130_fd_sc_hd__xnor2_2)
                                                         _13380_ (net)
                      0.115779    0.001677    4.968322 v _17366_/B (sky130_fd_sc_hd__xnor2_1)
     1    0.025281    0.566219    0.489378    5.457700 ^ _17366_/Y (sky130_fd_sc_hd__xnor2_1)
                                                         _13381_ (net)
                      0.566249    0.003473    5.461173 ^ wire436/A (sky130_fd_sc_hd__buf_6)
     3    0.078582    0.162633    0.268920    5.730093 ^ wire436/X (sky130_fd_sc_hd__buf_6)
                                                         net436 (net)
                      0.165680    0.017699    5.747792 ^ _17367_/B (sky130_fd_sc_hd__nor2_1)
     3    0.010716    0.110094    0.099402    5.847195 v _17367_/Y (sky130_fd_sc_hd__nor2_1)
                                                         _13382_ (net)
                      0.110094    0.000422    5.847616 v _17400_/A_N (sky130_fd_sc_hd__nand2b_4)
     3    0.034998    0.091775    0.214088    6.061705 v _17400_/Y (sky130_fd_sc_hd__nand2b_4)
                                                         _13415_ (net)
                      0.091829    0.002107    6.063811 v _17401_/A_N (sky130_fd_sc_hd__nand3b_1)
     1    0.009388    0.138231    0.217645    6.281456 v _17401_/Y (sky130_fd_sc_hd__nand3b_1)
                                                         _13416_ (net)
                      0.138232    0.000713    6.282169 v _17418_/A2 (sky130_fd_sc_hd__a31oi_4)
     3    0.066914    0.520272    0.481892    6.764061 ^ _17418_/Y (sky130_fd_sc_hd__a31oi_4)
                                                         _13433_ (net)
                      0.521097    0.016722    6.780783 ^ _17426_/A2 (sky130_fd_sc_hd__a31oi_4)
     4    0.029599    0.176131    0.232181    7.012965 v _17426_/Y (sky130_fd_sc_hd__a31oi_4)
                                                         _13441_ (net)
                      0.176252    0.003605    7.016570 v _18626_/A1 (sky130_fd_sc_hd__o211a_4)
     3    0.055963    0.100190    0.364398    7.380968 v _18626_/X (sky130_fd_sc_hd__o211a_4)
                                                         _14641_ (net)
                      0.104227    0.015523    7.396491 v _18710_/C (sky130_fd_sc_hd__or4_1)
     2    0.009398    0.125183    0.540125    7.936616 v _18710_/X (sky130_fd_sc_hd__or4_1)
                                                         _14725_ (net)
                      0.125183    0.000533    7.937149 v _18713_/A1 (sky130_fd_sc_hd__a21o_1)
     2    0.009916    0.062162    0.215302    8.152451 v _18713_/X (sky130_fd_sc_hd__a21o_1)
                                                         _14728_ (net)
                      0.062165    0.000482    8.152933 v _18716_/A2 (sky130_fd_sc_hd__a31o_2)
     2    0.031245    0.104266    0.307035    8.459968 v _18716_/X (sky130_fd_sc_hd__a31o_2)
                                                         _14731_ (net)
                      0.104445    0.003800    8.463768 v _18717_/B (sky130_fd_sc_hd__xor2_4)
     3    0.022458    0.095386    0.193451    8.657218 v _18717_/X (sky130_fd_sc_hd__xor2_4)
                                                         _14732_ (net)
                      0.095400    0.001108    8.658326 v _18718_/A (sky130_fd_sc_hd__xnor2_4)
     3    0.055715    0.434683    0.405126    9.063452 ^ _18718_/Y (sky130_fd_sc_hd__xnor2_4)
                                                         _14733_ (net)
                      0.435312    0.013291    9.076742 ^ _18719_/B (sky130_fd_sc_hd__or2_2)
     5    0.023163    0.128233    0.262619    9.339361 ^ _18719_/X (sky130_fd_sc_hd__or2_2)
                                                         _14734_ (net)
                      0.128239    0.001050    9.340411 ^ _18721_/A (sky130_fd_sc_hd__nand2_1)
     4    0.014979    0.116162    0.134610    9.475021 v _18721_/Y (sky130_fd_sc_hd__nand2_1)
                                                         _14736_ (net)
                      0.116176    0.001048    9.476069 v _18775_/A1 (sky130_fd_sc_hd__o311ai_1)
     1    0.006298    0.318836    0.368352    9.844420 ^ _18775_/Y (sky130_fd_sc_hd__o311ai_1)
                                                         _14790_ (net)
                      0.318836    0.000490    9.844911 ^ _18776_/A1 (sky130_fd_sc_hd__a31o_1)
     1    0.009700    0.105685    0.236104   10.081015 ^ _18776_/X (sky130_fd_sc_hd__a31o_1)
                                                         _14791_ (net)
                      0.105688    0.000738   10.081753 ^ _18777_/B1 (sky130_fd_sc_hd__a21oi_4)
     3    0.031100    0.084912    0.071122   10.152874 v _18777_/Y (sky130_fd_sc_hd__a21oi_4)
                                                         _14792_ (net)
                      0.085301    0.004435   10.157310 v _19224_/A2 (sky130_fd_sc_hd__o21ai_4)
     4    0.059652    0.434572    0.372667   10.529976 ^ _19224_/Y (sky130_fd_sc_hd__o21ai_4)
                                                         _15239_ (net)
                      0.435276    0.014118   10.544094 ^ _19252_/C (sky130_fd_sc_hd__and4b_1)
     3    0.022924    0.235070    0.400589   10.944683 ^ _19252_/X (sky130_fd_sc_hd__and4b_1)
                                                         _15267_ (net)
                      0.235097    0.002625   10.947309 ^ _19259_/A1 (sky130_fd_sc_hd__o21a_1)
     2    0.014108    0.141232    0.235658   11.182966 ^ _19259_/X (sky130_fd_sc_hd__o21a_1)
                                                         _15274_ (net)
                      0.141237    0.001033   11.183999 ^ _19260_/B (sky130_fd_sc_hd__nor2_4)
     1    0.016654    0.059398    0.061139   11.245137 v _19260_/Y (sky130_fd_sc_hd__nor2_4)
                                                         _15275_ (net)
                      0.059406    0.001285   11.246423 v _19301_/A (sky130_fd_sc_hd__xnor2_4)
     3    0.065291    0.496033    0.439335   11.685758 ^ _19301_/Y (sky130_fd_sc_hd__xnor2_4)
                                                         _15316_ (net)
                      0.496066    0.003386   11.689143 ^ _19302_/B (sky130_fd_sc_hd__xor2_4)
     4    0.010957    0.143517    0.199015   11.888159 ^ _19302_/X (sky130_fd_sc_hd__xor2_4)
                                                         _15317_ (net)
                      0.143517    0.000282   11.888441 ^ rebuffer19/A (sky130_fd_sc_hd__dlymetal6s2s_1)
     1    0.017360    0.190499    0.221791   12.110231 ^ rebuffer19/X (sky130_fd_sc_hd__dlymetal6s2s_1)
                                                         net1794 (net)
                      0.190514    0.001369   12.111600 ^ _20933_/B (sky130_fd_sc_hd__xnor2_4)
     2    0.022232    0.218348    0.169764   12.281363 ^ _20933_/Y (sky130_fd_sc_hd__xnor2_4)
                                                         _04227_ (net)
                      0.218352    0.001348   12.282712 ^ _20934_/B (sky130_fd_sc_hd__nand2_1)
     1    0.003631    0.056927    0.088541   12.371253 v _20934_/Y (sky130_fd_sc_hd__nand2_1)
                                                         _04228_ (net)
                      0.056928    0.000153   12.371406 v _20935_/A (sky130_fd_sc_hd__or4_4)
     2    0.008786    0.092055    0.545085   12.916491 v _20935_/X (sky130_fd_sc_hd__or4_4)
                                                         _04229_ (net)
                      0.092055    0.000614   12.917104 v _20942_/A1 (sky130_fd_sc_hd__a311o_1)
     2    0.011068    0.091988    0.323118   13.240222 v _20942_/X (sky130_fd_sc_hd__a311o_1)
                                                         _04236_ (net)
                      0.091993    0.000774   13.240995 v _20943_/A1 (sky130_fd_sc_hd__a21oi_4)
     5    0.041006    0.314323    0.301655   13.542650 ^ _20943_/Y (sky130_fd_sc_hd__a21oi_4)
                                                         _04237_ (net)
                      0.314473    0.005513   13.548163 ^ _20976_/A2 (sky130_fd_sc_hd__a31o_4)
     4    0.057764    0.187647    0.318916   13.867080 ^ _20976_/X (sky130_fd_sc_hd__a31o_4)
                                                         _04270_ (net)
                      0.188905    0.012371   13.879450 ^ _20982_/B (sky130_fd_sc_hd__nand4_4)
     2    0.006345    0.101265    0.113762   13.993213 v _20982_/Y (sky130_fd_sc_hd__nand4_4)
                                                         _04276_ (net)
                      0.101265    0.000419   13.993631 v _20988_/A1 (sky130_fd_sc_hd__a311o_1)
     2    0.009771    0.086151    0.320836   14.314467 v _20988_/X (sky130_fd_sc_hd__a311o_1)
                                                         _04282_ (net)
                      0.086163    0.001012   14.315479 v _20990_/A1 (sky130_fd_sc_hd__a21o_1)
     2    0.009835    0.061879    0.198923   14.514401 v _20990_/X (sky130_fd_sc_hd__a21o_1)
                                                         _04284_ (net)
                      0.061885    0.000640   14.515042 v _20992_/B (sky130_fd_sc_hd__and3_4)
     3    0.009472    0.039324    0.179805   14.694847 v _20992_/X (sky130_fd_sc_hd__and3_4)
                                                         _04286_ (net)
                      0.039324    0.000509   14.695355 v rebuffer147/A (sky130_fd_sc_hd__buf_2)
     1    0.009919    0.039490    0.130387   14.825743 v rebuffer147/X (sky130_fd_sc_hd__buf_2)
                                                         net1922 (net)
                      0.039506    0.000751   14.826493 v _20996_/A1 (sky130_fd_sc_hd__o21ai_4)
     3    0.083459    0.581553    0.484216   15.310710 ^ _20996_/Y (sky130_fd_sc_hd__o21ai_4)
                                                         _04290_ (net)
                      0.581997    0.013173   15.323883 ^ _21001_/A2 (sky130_fd_sc_hd__a21oi_1)
     2    0.011326    0.159870    0.226366   15.550249 v _21001_/Y (sky130_fd_sc_hd__a21oi_1)
                                                         _04295_ (net)
                      0.159872    0.000876   15.551126 v _21004_/B (sky130_fd_sc_hd__or3_4)
     2    0.008108    0.071728    0.412880   15.964005 v _21004_/X (sky130_fd_sc_hd__or3_4)
                                                         _04298_ (net)
                      0.071728    0.000471   15.964477 v _21040_/A4 (sky130_fd_sc_hd__o41a_1)
     2    0.014884    0.120030    0.383746   16.348223 v _21040_/X (sky130_fd_sc_hd__o41a_1)
                                                         _04334_ (net)
                      0.120045    0.001371   16.349594 v _21156_/A1 (sky130_fd_sc_hd__a21o_1)
     2    0.021882    0.112039    0.254602   16.604197 v _21156_/X (sky130_fd_sc_hd__a21o_1)
                                                         _04450_ (net)
                      0.112132    0.002906   16.607101 v _21167_/A1 (sky130_fd_sc_hd__a21o_4)
     6    0.050104    0.092164    0.283885   16.890987 v _21167_/X (sky130_fd_sc_hd__a21o_4)
                                                         _04461_ (net)
                      0.092734    0.006160   16.897148 v _21175_/A3 (sky130_fd_sc_hd__o31ai_4)
     1    0.021023    0.313450    0.297444   17.194592 ^ _21175_/Y (sky130_fd_sc_hd__o31ai_4)
                                                         _04469_ (net)
                      0.313542    0.002579   17.197170 ^ wire209/A (sky130_fd_sc_hd__buf_6)
     4    0.050061    0.108660    0.206983   17.404154 ^ wire209/X (sky130_fd_sc_hd__buf_6)
                                                         net209 (net)
                      0.109388    0.007148   17.411301 ^ _21215_/A1 (sky130_fd_sc_hd__a41oi_2)
     3    0.010090    0.168429    0.136128   17.547428 v _21215_/Y (sky130_fd_sc_hd__a41oi_2)
                                                         _04509_ (net)
                      0.168429    0.000577   17.548006 v _21216_/A2 (sky130_fd_sc_hd__a21o_1)
     2    0.005555    0.044854    0.231621   17.779627 v _21216_/X (sky130_fd_sc_hd__a21o_1)
                                                         _04510_ (net)
                      0.044855    0.000323   17.779951 v _21453_/B (sky130_fd_sc_hd__nand2_1)
     1    0.009979    0.103505    0.105219   17.885170 ^ _21453_/Y (sky130_fd_sc_hd__nand2_1)
                                                         _04747_ (net)
                      0.103514    0.000760   17.885929 ^ _21472_/A (sky130_fd_sc_hd__xor2_2)
     3    0.026421    0.341974    0.309306   18.195236 ^ _21472_/X (sky130_fd_sc_hd__xor2_2)
                                                         _04766_ (net)
                      0.341982    0.001341   18.196577 ^ _21473_/B (sky130_fd_sc_hd__xnor2_1)
     1    0.015974    0.376656    0.261331   18.457909 ^ _21473_/Y (sky130_fd_sc_hd__xnor2_1)
                                                         _04767_ (net)
                      0.376666    0.001620   18.459528 ^ wire190/A (sky130_fd_sc_hd__buf_4)
     4    0.080873    0.225573    0.320590   18.780117 ^ wire190/X (sky130_fd_sc_hd__buf_4)
                                                         net190 (net)
                      0.226422    0.011411   18.791529 ^ _21474_/A_N (sky130_fd_sc_hd__and2b_1)
     2    0.007394    0.053460    0.231662   19.023191 v _21474_/X (sky130_fd_sc_hd__and2b_1)
                                                         _04768_ (net)
                      0.053463    0.000462   19.023653 v _21480_/A2 (sky130_fd_sc_hd__o211a_1)
     1    0.007194    0.058725    0.225892   19.249544 v _21480_/X (sky130_fd_sc_hd__o211a_1)
                                                         _04774_ (net)
                      0.058726    0.000378   19.249924 v _21481_/C (sky130_fd_sc_hd__nor3_1)
     1    0.009687    0.322707    0.267935   19.517859 ^ _21481_/Y (sky130_fd_sc_hd__nor3_1)
                                                         _04775_ (net)
                      0.322709    0.000776   19.518635 ^ wire180/A (sky130_fd_sc_hd__buf_2)
     3    0.032033    0.160535    0.267425   19.786060 ^ wire180/X (sky130_fd_sc_hd__buf_2)
                                                         net180 (net)
                      0.160603    0.003077   19.789137 ^ _21487_/A1 (sky130_fd_sc_hd__a2111oi_4)
     2    0.005026    0.094257    0.094573   19.883709 v _21487_/Y (sky130_fd_sc_hd__a2111oi_4)
                                                         _04781_ (net)
                      0.094257    0.000323   19.884033 v max_cap178/A (sky130_fd_sc_hd__clkbuf_1)
     1    0.004944    0.038085    0.119206   20.003239 v max_cap178/X (sky130_fd_sc_hd__clkbuf_1)
                                                         net178 (net)
                      0.038087    0.000364   20.003603 v _21489_/A2 (sky130_fd_sc_hd__o31a_4)
     4    0.043471    0.105657    0.388500   20.392103 v _21489_/X (sky130_fd_sc_hd__o31a_4)
                                                         _04783_ (net)
                      0.106652    0.008622   20.400724 v _21560_/A1 (sky130_fd_sc_hd__a21oi_4)
     3    0.054407    0.397015    0.370139   20.770864 ^ _21560_/Y (sky130_fd_sc_hd__a21oi_4)
                                                         _04854_ (net)
                      0.397222    0.007384   20.778250 ^ _21574_/A2 (sky130_fd_sc_hd__o21ai_4)
     1    0.017161    0.087729    0.111648   20.889896 v _21574_/Y (sky130_fd_sc_hd__o21ai_4)
                                                         _04868_ (net)
                      0.087777    0.000894   20.890791 v _21575_/B (sky130_fd_sc_hd__xnor2_4)
     4    0.044803    0.362656    0.327434   21.218224 ^ _21575_/Y (sky130_fd_sc_hd__xnor2_4)
                                                         _04869_ (net)
                      0.362673    0.002020   21.220243 ^ max_cap167/A (sky130_fd_sc_hd__buf_6)
     1    0.050733    0.110340    0.214285   21.434530 ^ max_cap167/X (sky130_fd_sc_hd__buf_6)
                                                         net167 (net)
                      0.110788    0.005290   21.439819 ^ _21576_/B (sky130_fd_sc_hd__xor2_4)
     5    0.111756    0.773421    0.626436   22.066256 ^ _21576_/X (sky130_fd_sc_hd__xor2_4)
                                                         _04870_ (net)
                      0.773839    0.014982   22.081238 ^ _21578_/B (sky130_fd_sc_hd__nor2_4)
     3    0.015212    0.125627    0.078453   22.159689 v _21578_/Y (sky130_fd_sc_hd__nor2_4)
                                                         _04872_ (net)
                      0.125629    0.000957   22.160646 v _21580_/A (sky130_fd_sc_hd__or2_4)
     2    0.022602    0.070579    0.311427   22.472075 v _21580_/X (sky130_fd_sc_hd__or2_4)
                                                         _04874_ (net)
                      0.070627    0.001208   22.473282 v _21628_/A_N (sky130_fd_sc_hd__nand4b_4)
     1    0.050658    0.242125    0.303540   22.776823 v _21628_/Y (sky130_fd_sc_hd__nand4b_4)
                                                         _04922_ (net)
                      0.242250    0.004409   22.781231 v _21629_/C1 (sky130_fd_sc_hd__a311o_1)
     2    0.023861    0.146268    0.444693   23.225925 v _21629_/X (sky130_fd_sc_hd__a311o_1)
                                                         _04923_ (net)
                      0.146316    0.002547   23.228472 v _21647_/A2 (sky130_fd_sc_hd__a211o_4)
     2    0.029019    0.085522    0.414468   23.642941 v _21647_/X (sky130_fd_sc_hd__a211o_4)
                                                         _04941_ (net)
                      0.085991    0.005132   23.648073 v _21648_/C (sky130_fd_sc_hd__and3_4)
     1    0.017875    0.049587    0.217211   23.865284 v _21648_/X (sky130_fd_sc_hd__and3_4)
                                                         _04942_ (net)
                      0.049587    0.001419   23.866703 v _21650_/A (sky130_fd_sc_hd__xor2_4)
     2    0.062565    0.455507    0.415792   24.282495 ^ _21650_/X (sky130_fd_sc_hd__xor2_4)
                                                         _04944_ (net)
                      0.455539    0.003142   24.285637 ^ _21651_/A (sky130_fd_sc_hd__xnor2_2)
     3    0.009994    0.178862    0.190340   24.475977 ^ _21651_/Y (sky130_fd_sc_hd__xnor2_2)
                                                         _04945_ (net)
                      0.178862    0.000558   24.476536 ^ _23508_/A_N (sky130_fd_sc_hd__and2b_1)
     3    0.021223    0.111913    0.275200   24.751736 v _23508_/X (sky130_fd_sc_hd__and2b_1)
                                                         _06578_ (net)
                      0.111934    0.001481   24.753218 v _23519_/A2 (sky130_fd_sc_hd__a21o_4)
     2    0.025860    0.059592    0.269294   25.022511 v _23519_/X (sky130_fd_sc_hd__a21o_4)
                                                         _06587_ (net)
                      0.059668    0.001892   25.024403 v _23525_/A1 (sky130_fd_sc_hd__a21o_4)
     2    0.025121    0.058482    0.233227   25.257629 v _23525_/X (sky130_fd_sc_hd__a21o_4)
                                                         _06592_ (net)
                      0.058530    0.001535   25.259165 v _23531_/A1 (sky130_fd_sc_hd__a21o_4)
     3    0.033858    0.070038    0.242650   25.501814 v _23531_/X (sky130_fd_sc_hd__a21o_4)
                                                         _06597_ (net)
                      0.070392    0.004253   25.506067 v _23549_/A3 (sky130_fd_sc_hd__a31o_4)
     3    0.018604    0.053687    0.270731   25.776798 v _23549_/X (sky130_fd_sc_hd__a31o_4)
                                                         _06613_ (net)
                      0.053783    0.001430   25.778229 v _23563_/A2 (sky130_fd_sc_hd__a211o_4)
     4    0.104230    0.177900    0.467947   26.246176 v _23563_/X (sky130_fd_sc_hd__a211o_4)
                                                         _06625_ (net)
                      0.179667    0.013845   26.260021 v _23632_/A2 (sky130_fd_sc_hd__a21oi_4)
     5    0.047913    0.357674    0.384242   26.644262 ^ _23632_/Y (sky130_fd_sc_hd__a21oi_4)
                                                         _06686_ (net)
                      0.357777    0.004915   26.649178 ^ _23668_/A3 (sky130_fd_sc_hd__o31a_1)
     2    0.015236    0.166580    0.254063   26.903242 ^ _23668_/X (sky130_fd_sc_hd__o31a_1)
                                                         _06718_ (net)
                      0.166585    0.001194   26.904434 ^ _23669_/B (sky130_fd_sc_hd__nor2_4)
     3    0.015355    0.083764    0.062171   26.966606 v _23669_/Y (sky130_fd_sc_hd__nor2_4)
                                                         _06719_ (net)
                      0.083764    0.000439   26.967045 v _23687_/A (sky130_fd_sc_hd__or2_4)
     2    0.016107    0.063471    0.285448   27.252493 v _23687_/X (sky130_fd_sc_hd__or2_4)
                                                         _06735_ (net)
                      0.063471    0.000927   27.253420 v _23693_/A1 (sky130_fd_sc_hd__a31o_4)
     1    0.018834    0.054024    0.245278   27.498697 v _23693_/X (sky130_fd_sc_hd__a31o_4)
                                                         _06740_ (net)
                      0.054114    0.001661   27.500359 v _23694_/A (sky130_fd_sc_hd__xnor2_4)
     2    0.108584    0.780025    0.639810   28.140169 ^ _23694_/Y (sky130_fd_sc_hd__xnor2_4)
                                                         _06741_ (net)
                      0.780515    0.016087   28.156256 ^ _23902_/A (sky130_fd_sc_hd__xor2_1)
     1    0.005436    0.143756    0.174687   28.330942 v _23902_/X (sky130_fd_sc_hd__xor2_1)
                                                         _06878_ (net)
                      0.143756    0.000391   28.331333 v _23903_/A (sky130_fd_sc_hd__nor2_2)
     1    0.047444    0.512638    0.459476   28.790810 ^ _23903_/Y (sky130_fd_sc_hd__nor2_2)
                                                         _06879_ (net)
                      0.512701    0.004766   28.795574 ^ _23904_/C1 (sky130_fd_sc_hd__a221o_1)
     1    0.002992    0.054699    0.184558   28.980133 ^ _23904_/X (sky130_fd_sc_hd__a221o_1)
                                                         _00523_ (net)
                      0.054699    0.000124   28.980257 ^ _31760_/D (sky130_fd_sc_hd__dfrtp_4)
                                             28.980257   data arrival time

                                 20.000000   20.000000   clock clk (rise edge)
                                  0.000000   20.000000   clock source latency
     3    0.149103    0.674791    0.483038   20.483038 ^ clk (in)
                                                         clk (net)
                      0.683227    0.000000   20.483038 ^ clkbuf_0_clk/A (sky130_fd_sc_hd__clkbuf_16)
     4    0.201972    0.218519    0.392403   20.875441 ^ clkbuf_0_clk/X (sky130_fd_sc_hd__clkbuf_16)
                                                         clknet_0_clk (net)
                      0.221184    0.019297   20.894737 ^ clkbuf_2_0_0_clk/A (sky130_fd_sc_hd__clkbuf_8)
     8    0.212706    0.364515    0.403844   21.298582 ^ clkbuf_2_0_0_clk/X (sky130_fd_sc_hd__clkbuf_8)
                                                         clknet_2_0_0_clk (net)
                      0.366600    0.022530   21.321112 ^ clkbuf_5_1__f_clk/A (sky130_fd_sc_hd__clkbuf_16)
    12    0.155019    0.168808    0.311157   21.632269 ^ clkbuf_5_1__f_clk/X (sky130_fd_sc_hd__clkbuf_16)
                                                         clknet_5_1__leaf_clk (net)
                      0.170397    0.013053   21.645321 ^ clkbuf_leaf_328_clk/A (sky130_fd_sc_hd__clkbuf_8)
     8    0.040915    0.083999    0.200885   21.846205 ^ clkbuf_leaf_328_clk/X (sky130_fd_sc_hd__clkbuf_8)
                                                         clknet_leaf_328_clk (net)
                      0.084037    0.001663   21.847868 ^ _31760_/CLK (sky130_fd_sc_hd__dfrtp_4)
                                 -0.250000   21.597870   clock uncertainty
                                  0.000000   21.597870   clock reconvergence pessimism
                                 -0.059790   21.538078   library setup time
                                             21.538078   data required time
---------------------------------------------------------------------------------------------
                                             21.538078   data required time
                                            -28.980257   data arrival time
---------------------------------------------------------------------------------------------
                                             -7.442179   slack (VIOLATED)




===========================================================================
 report_check_types -max_slew -max_cap -max_fanout -violators
============================================================================
======================= max_tt_025C_1v80 Corner ===================================

max slew

Pin                                        Limit        Slew       Slack
------------------------------------------------------------------------
_23896_/S                               0.750000    0.841590   -0.091590 (VIOLATED)
_23682_/B1                              0.750000    0.841319   -0.091319 (VIOLATED)
_23680_/Y                               0.750000    0.840749   -0.090749 (VIOLATED)
wire249/A                               0.750000    0.832152   -0.082152 (VIOLATED)
_21905_/Y                               0.750000    0.832050   -0.082050 (VIOLATED)
_23691_/A2                              0.750000    0.819542   -0.069542 (VIOLATED)
ANTENNA_531/DIODE                       0.750000    0.819535   -0.069535 (VIOLATED)
ANTENNA_57/DIODE                        0.750000    0.819255   -0.069255 (VIOLATED)
_23899_/B                               0.750000    0.819255   -0.069255 (VIOLATED)
ANTENNA_56/DIODE                        0.750000    0.819252   -0.069252 (VIOLATED)
_23898_/B                               0.750000    0.819250   -0.069250 (VIOLATED)
_23689_/Y                               0.750000    0.818917   -0.068917 (VIOLATED)
_23878_/A                               0.750000    0.813198   -0.063198 (VIOLATED)
_21364_/B                               0.750000    0.813142   -0.063142 (VIOLATED)
_21640_/B                               0.750000    0.813142   -0.063142 (VIOLATED)
ANTENNA_24/DIODE                        0.750000    0.813141   -0.063141 (VIOLATED)
ANTENNA_25/DIODE                        0.750000    0.813141   -0.063141 (VIOLATED)
_21363_/Y                               0.750000    0.813032   -0.063032 (VIOLATED)
_19130_/B                               0.750000    0.794942   -0.044942 (VIOLATED)
_19123_/B                               0.750000    0.794938   -0.044938 (VIOLATED)
_19545_/A                               0.750000    0.794604   -0.044604 (VIOLATED)
_21840_/B                               0.750000    0.793767   -0.043767 (VIOLATED)
_21839_/B                               0.750000    0.793766   -0.043766 (VIOLATED)
_24388_/A2_N                            0.750000    0.793743   -0.043743 (VIOLATED)
_21838_/X                               0.750000    0.793688   -0.043688 (VIOLATED)
_19122_/X                               0.750000    0.793324   -0.043324 (VIOLATED)
_23321_/A2_N                            0.750000    0.791387   -0.041387 (VIOLATED)
_23320_/Y                               0.750000    0.790993   -0.040993 (VIOLATED)
fanout628/A                             0.750000    0.789849   -0.039849 (VIOLATED)
ANTENNA_156/DIODE                       0.750000    0.789840   -0.039840 (VIOLATED)
ANTENNA_157/DIODE                       0.750000    0.789799   -0.039799 (VIOLATED)
fanout627/A                             0.750000    0.787209   -0.037209 (VIOLATED)
fanout630/A                             0.750000    0.783449   -0.033449 (VIOLATED)
fanout629/A                             0.750000    0.783076   -0.033076 (VIOLATED)
_29799_/X                               0.750000    0.782420   -0.032420 (VIOLATED)
_23902_/A                               0.750000    0.780515   -0.030515 (VIOLATED)
_23695_/B                               0.750000    0.780175   -0.030175 (VIOLATED)
_23694_/Y                               0.750000    0.780025   -0.030025 (VIOLATED)
_24290_/A                               0.750000    0.778382   -0.028382 (VIOLATED)
_24289_/A                               0.750000    0.778379   -0.028379 (VIOLATED)
_20331_/B                               0.750000    0.777068   -0.027068 (VIOLATED)
_20332_/B                               0.750000    0.777067   -0.027067 (VIOLATED)
_20351_/A2                              0.750000    0.777057   -0.027057 (VIOLATED)
_20330_/X                               0.750000    0.776742   -0.026742 (VIOLATED)
_24290_/B                               0.750000    0.776293   -0.026293 (VIOLATED)
_24289_/B                               0.750000    0.776290   -0.026290 (VIOLATED)
_23427_/B                               0.750000    0.775775   -0.025775 (VIOLATED)
_23426_/Y                               0.750000    0.775599   -0.025599 (VIOLATED)
_23451_/A                               0.750000    0.774477   -0.024477 (VIOLATED)
_23483_/A2                              0.750000    0.774475   -0.024475 (VIOLATED)
_23452_/A                               0.750000    0.774465   -0.024465 (VIOLATED)
_23450_/Y                               0.750000    0.774157   -0.024157 (VIOLATED)
_21578_/B                               0.750000    0.773839   -0.023839 (VIOLATED)
_21630_/A2                              0.750000    0.773813   -0.023813 (VIOLATED)
_21579_/B                               0.750000    0.773804   -0.023804 (VIOLATED)
_21577_/A                               0.750000    0.773804   -0.023804 (VIOLATED)
_23854_/A0                              0.750000    0.773801   -0.023801 (VIOLATED)
_21576_/X                               0.750000    0.773421   -0.023421 (VIOLATED)
_18861_/A                               0.750000    0.768588   -0.018588 (VIOLATED)
_18860_/A                               0.750000    0.768586   -0.018586 (VIOLATED)
_21964_/B                               0.750000    0.767365   -0.017365 (VIOLATED)
_18854_/Y                               0.750000    0.767182   -0.017182 (VIOLATED)
_24297_/A2                              0.750000    0.764502   -0.014502 (VIOLATED)
_24296_/B                               0.750000    0.764487   -0.014487 (VIOLATED)
_24070_/A1                              0.750000    0.764070   -0.014070 (VIOLATED)
_24069_/A1                              0.750000    0.764067   -0.014067 (VIOLATED)
_19700_/A2_N                            0.750000    0.764003   -0.014003 (VIOLATED)
_19692_/B                               0.750000    0.763976   -0.013976 (VIOLATED)
_23442_/A1                              0.750000    0.763954   -0.013954 (VIOLATED)
_23440_/Y                               0.750000    0.763733   -0.013733 (VIOLATED)
_19691_/Y                               0.750000    0.761912   -0.011912 (VIOLATED)
_24288_/C1                              0.750000    0.754406   -0.004406 (VIOLATED)
_24287_/Y                               0.750000    0.753970   -0.003970 (VIOLATED)

max fanout

Pin                                   Limit Fanout  Slack
---------------------------------------------------------
clkbuf_leaf_332_clk/X                    10     20    -10 (VIOLATED)
clkbuf_leaf_66_clk/X                     10     20    -10 (VIOLATED)
clkbuf_5_4__f_clk/X                      10     19     -9 (VIOLATED)
clkbuf_5_17__f_clk/X                     10     18     -8 (VIOLATED)
clkbuf_5_22__f_clk/X                     10     18     -8 (VIOLATED)
clkbuf_leaf_362_clk/X                    10     18     -8 (VIOLATED)
clkbuf_leaf_364_clk/X                    10     18     -8 (VIOLATED)
clkbuf_leaf_113_clk/X                    10     17     -7 (VIOLATED)
clkbuf_leaf_124_clk/X                    10     17     -7 (VIOLATED)
clkbuf_5_16__f_clk/X                     10     16     -6 (VIOLATED)
clkbuf_5_26__f_clk/X                     10     16     -6 (VIOLATED)
clkbuf_leaf_260_clk/X                    10     16     -6 (VIOLATED)
clkbuf_leaf_363_clk/X                    10     16     -6 (VIOLATED)
clkbuf_leaf_86_clk/X                     10     16     -6 (VIOLATED)
clkbuf_5_0__f_clk/X                      10     15     -5 (VIOLATED)
clkbuf_5_27__f_clk/X                     10     15     -5 (VIOLATED)
clkbuf_5_29__f_clk/X                     10     15     -5 (VIOLATED)
clkbuf_leaf_10_clk/X                     10     15     -5 (VIOLATED)
clkbuf_leaf_114_clk/X                    10     15     -5 (VIOLATED)
clkbuf_leaf_11_clk/X                     10     15     -5 (VIOLATED)
clkbuf_leaf_27_clk/X                     10     15     -5 (VIOLATED)
clkbuf_leaf_291_clk/X                    10     15     -5 (VIOLATED)
clkbuf_leaf_331_clk/X                    10     15     -5 (VIOLATED)
clkbuf_leaf_359_clk/X                    10     15     -5 (VIOLATED)
clkbuf_leaf_360_clk/X                    10     15     -5 (VIOLATED)
clkbuf_leaf_63_clk/X                     10     15     -5 (VIOLATED)
clkbuf_leaf_65_clk/X                     10     15     -5 (VIOLATED)
clkbuf_leaf_8_clk/X                      10     15     -5 (VIOLATED)
clkbuf_leaf_90_clk/X                     10     15     -5 (VIOLATED)
_31794_/Q                                10     14     -4 (VIOLATED)
_33726_/Q                                10     14     -4 (VIOLATED)
clkbuf_5_14__f_clk/X                     10     14     -4 (VIOLATED)
clkbuf_5_15__f_clk/X                     10     14     -4 (VIOLATED)
clkbuf_5_19__f_clk/X                     10     14     -4 (VIOLATED)
clkbuf_5_23__f_clk/X                     10     14     -4 (VIOLATED)
clkbuf_5_5__f_clk/X                      10     14     -4 (VIOLATED)
clkbuf_leaf_122_clk/X                    10     14     -4 (VIOLATED)
clkbuf_leaf_19_clk/X                     10     14     -4 (VIOLATED)
clkbuf_leaf_204_clk/X                    10     14     -4 (VIOLATED)
clkbuf_leaf_243_clk/X                    10     14     -4 (VIOLATED)
clkbuf_leaf_258_clk/X                    10     14     -4 (VIOLATED)
clkbuf_leaf_270_clk/X                    10     14     -4 (VIOLATED)
clkbuf_leaf_292_clk/X                    10     14     -4 (VIOLATED)
clkbuf_leaf_325_clk/X                    10     14     -4 (VIOLATED)
clkbuf_leaf_327_clk/X                    10     14     -4 (VIOLATED)
clkbuf_leaf_339_clk/X                    10     14     -4 (VIOLATED)
clkbuf_leaf_46_clk/X                     10     14     -4 (VIOLATED)
clkbuf_leaf_87_clk/X                     10     14     -4 (VIOLATED)
clkbuf_leaf_89_clk/X                     10     14     -4 (VIOLATED)
clkbuf_leaf_94_clk/X                     10     14     -4 (VIOLATED)
fanout1020/X                             10     14     -4 (VIOLATED)
fanout575/X                              10     14     -4 (VIOLATED)
_22027_/Y                                10     13     -3 (VIOLATED)
_31823_/Q                                10     13     -3 (VIOLATED)
_31824_/Q                                10     13     -3 (VIOLATED)
clkbuf_5_12__f_clk/X                     10     13     -3 (VIOLATED)
clkbuf_5_21__f_clk/X                     10     13     -3 (VIOLATED)
clkbuf_5_25__f_clk/X                     10     13     -3 (VIOLATED)
clkbuf_5_2__f_clk/X                      10     13     -3 (VIOLATED)
clkbuf_5_3__f_clk/X                      10     13     -3 (VIOLATED)
clkbuf_5_6__f_clk/X                      10     13     -3 (VIOLATED)
clkbuf_leaf_107_clk/X                    10     13     -3 (VIOLATED)
clkbuf_leaf_121_clk/X                    10     13     -3 (VIOLATED)
clkbuf_leaf_147_clk/X                    10     13     -3 (VIOLATED)
clkbuf_leaf_148_clk/X                    10     13     -3 (VIOLATED)
clkbuf_leaf_153_clk/X                    10     13     -3 (VIOLATED)
clkbuf_leaf_155_clk/X                    10     13     -3 (VIOLATED)
clkbuf_leaf_156_clk/X                    10     13     -3 (VIOLATED)
clkbuf_leaf_160_clk/X                    10     13     -3 (VIOLATED)
clkbuf_leaf_166_clk/X                    10     13     -3 (VIOLATED)
clkbuf_leaf_179_clk/X                    10     13     -3 (VIOLATED)
clkbuf_leaf_20_clk/X                     10     13     -3 (VIOLATED)
clkbuf_leaf_219_clk/X                    10     13     -3 (VIOLATED)
clkbuf_leaf_249_clk/X                    10     13     -3 (VIOLATED)
clkbuf_leaf_264_clk/X                    10     13     -3 (VIOLATED)
clkbuf_leaf_265_clk/X                    10     13     -3 (VIOLATED)
clkbuf_leaf_271_clk/X                    10     13     -3 (VIOLATED)
clkbuf_leaf_272_clk/X                    10     13     -3 (VIOLATED)
clkbuf_leaf_280_clk/X                    10     13     -3 (VIOLATED)
clkbuf_leaf_286_clk/X                    10     13     -3 (VIOLATED)
clkbuf_leaf_299_clk/X                    10     13     -3 (VIOLATED)
clkbuf_leaf_301_clk/X                    10     13     -3 (VIOLATED)
clkbuf_leaf_324_clk/X                    10     13     -3 (VIOLATED)
clkbuf_leaf_338_clk/X                    10     13     -3 (VIOLATED)
clkbuf_leaf_348_clk/X                    10     13     -3 (VIOLATED)
clkbuf_leaf_361_clk/X                    10     13     -3 (VIOLATED)
clkbuf_leaf_366_clk/X                    10     13     -3 (VIOLATED)
clkbuf_leaf_367_clk/X                    10     13     -3 (VIOLATED)
clkbuf_leaf_3_clk/X                      10     13     -3 (VIOLATED)
clkbuf_leaf_4_clk/X                      10     13     -3 (VIOLATED)
clkbuf_leaf_91_clk/X                     10     13     -3 (VIOLATED)
fanout638/X                              10     13     -3 (VIOLATED)
fanout704/X                              10     13     -3 (VIOLATED)
_23153_/X                                10     12     -2 (VIOLATED)
_23957_/X                                10     12     -2 (VIOLATED)
_23973_/X                                10     12     -2 (VIOLATED)
_24022_/X                                10     12     -2 (VIOLATED)
_24025_/X                                10     12     -2 (VIOLATED)
_24247_/Y                                10     12     -2 (VIOLATED)
clkbuf_5_1__f_clk/X                      10     12     -2 (VIOLATED)
clkbuf_5_20__f_clk/X                     10     12     -2 (VIOLATED)
clkbuf_leaf_100_clk/X                    10     12     -2 (VIOLATED)
clkbuf_leaf_103_clk/X                    10     12     -2 (VIOLATED)
clkbuf_leaf_112_clk/X                    10     12     -2 (VIOLATED)
clkbuf_leaf_125_clk/X                    10     12     -2 (VIOLATED)
clkbuf_leaf_12_clk/X                     10     12     -2 (VIOLATED)
clkbuf_leaf_13_clk/X                     10     12     -2 (VIOLATED)
clkbuf_leaf_164_clk/X                    10     12     -2 (VIOLATED)
clkbuf_leaf_167_clk/X                    10     12     -2 (VIOLATED)
clkbuf_leaf_168_clk/X                    10     12     -2 (VIOLATED)
clkbuf_leaf_176_clk/X                    10     12     -2 (VIOLATED)
clkbuf_leaf_177_clk/X                    10     12     -2 (VIOLATED)
clkbuf_leaf_178_clk/X                    10     12     -2 (VIOLATED)
clkbuf_leaf_187_clk/X                    10     12     -2 (VIOLATED)
clkbuf_leaf_191_clk/X                    10     12     -2 (VIOLATED)
clkbuf_leaf_198_clk/X                    10     12     -2 (VIOLATED)
clkbuf_leaf_205_clk/X                    10     12     -2 (VIOLATED)
clkbuf_leaf_210_clk/X                    10     12     -2 (VIOLATED)
clkbuf_leaf_211_clk/X                    10     12     -2 (VIOLATED)
clkbuf_leaf_250_clk/X                    10     12     -2 (VIOLATED)
clkbuf_leaf_329_clk/X                    10     12     -2 (VIOLATED)
clkbuf_leaf_337_clk/X                    10     12     -2 (VIOLATED)
clkbuf_leaf_344_clk/X                    10     12     -2 (VIOLATED)
clkbuf_leaf_351_clk/X                    10     12     -2 (VIOLATED)
clkbuf_leaf_352_clk/X                    10     12     -2 (VIOLATED)
clkbuf_leaf_53_clk/X                     10     12     -2 (VIOLATED)
clkbuf_leaf_57_clk/X                     10     12     -2 (VIOLATED)
clkbuf_leaf_5_clk/X                      10     12     -2 (VIOLATED)
clkbuf_leaf_67_clk/X                     10     12     -2 (VIOLATED)
clkbuf_leaf_68_clk/X                     10     12     -2 (VIOLATED)
clkbuf_leaf_6_clk/X                      10     12     -2 (VIOLATED)
clkbuf_leaf_82_clk/X                     10     12     -2 (VIOLATED)
clkbuf_leaf_88_clk/X                     10     12     -2 (VIOLATED)
clkbuf_leaf_93_clk/X                     10     12     -2 (VIOLATED)
clkbuf_leaf_96_clk/X                     10     12     -2 (VIOLATED)
fanout1371/X                             10     12     -2 (VIOLATED)
fanout624/X                              10     12     -2 (VIOLATED)
fanout629/X                              10     12     -2 (VIOLATED)
fanout633/X                              10     12     -2 (VIOLATED)
fanout643/X                              10     12     -2 (VIOLATED)
fanout658/X                              10     12     -2 (VIOLATED)
fanout684/X                              10     12     -2 (VIOLATED)
fanout711/X                              10     12     -2 (VIOLATED)
fanout816/X                              10     12     -2 (VIOLATED)
_24007_/X                                10     11        (VIOLATED)
_31515_/Q                                10     11        (VIOLATED)
_31545_/Q                                10     11        (VIOLATED)
_31551_/Q                                10     11        (VIOLATED)
_31570_/Q                                10     11        (VIOLATED)
_31597_/Q                                10     11        (VIOLATED)
_31828_/Q                                10     11        (VIOLATED)
_32082_/Q                                10     11        (VIOLATED)
clkbuf_5_28__f_clk/X                     10     11        (VIOLATED)
clkbuf_5_9__f_clk/X                      10     11        (VIOLATED)
clkbuf_leaf_0_clk/X                      10     11        (VIOLATED)
clkbuf_leaf_101_clk/X                    10     11        (VIOLATED)
clkbuf_leaf_102_clk/X                    10     11        (VIOLATED)
clkbuf_leaf_105_clk/X                    10     11        (VIOLATED)
clkbuf_leaf_117_clk/X                    10     11        (VIOLATED)
clkbuf_leaf_123_clk/X                    10     11        (VIOLATED)
clkbuf_leaf_212_clk/X                    10     11        (VIOLATED)
clkbuf_leaf_236_clk/X                    10     11        (VIOLATED)
clkbuf_leaf_245_clk/X                    10     11        (VIOLATED)
clkbuf_leaf_248_clk/X                    10     11        (VIOLATED)
clkbuf_leaf_256_clk/X                    10     11        (VIOLATED)
clkbuf_leaf_266_clk/X                    10     11        (VIOLATED)
clkbuf_leaf_278_clk/X                    10     11        (VIOLATED)
clkbuf_leaf_284_clk/X                    10     11        (VIOLATED)
clkbuf_leaf_285_clk/X                    10     11        (VIOLATED)
clkbuf_leaf_297_clk/X                    10     11        (VIOLATED)
clkbuf_leaf_2_clk/X                      10     11        (VIOLATED)
clkbuf_leaf_300_clk/X                    10     11        (VIOLATED)
clkbuf_leaf_308_clk/X                    10     11        (VIOLATED)
clkbuf_leaf_326_clk/X                    10     11        (VIOLATED)
clkbuf_leaf_341_clk/X                    10     11        (VIOLATED)
clkbuf_leaf_347_clk/X                    10     11        (VIOLATED)
clkbuf_leaf_349_clk/X                    10     11        (VIOLATED)
clkbuf_leaf_354_clk/X                    10     11        (VIOLATED)
clkbuf_leaf_355_clk/X                    10     11        (VIOLATED)
clkbuf_leaf_365_clk/X                    10     11        (VIOLATED)
clkbuf_leaf_43_clk/X                     10     11        (VIOLATED)
clkbuf_leaf_44_clk/X                     10     11        (VIOLATED)
clkbuf_leaf_47_clk/X                     10     11        (VIOLATED)
clkbuf_leaf_51_clk/X                     10     11        (VIOLATED)
clkbuf_leaf_52_clk/X                     10     11        (VIOLATED)
clkbuf_leaf_54_clk/X                     10     11        (VIOLATED)
clkbuf_leaf_58_clk/X                     10     11        (VIOLATED)
clkbuf_leaf_60_clk/X                     10     11        (VIOLATED)
clkbuf_leaf_62_clk/X                     10     11        (VIOLATED)
clkbuf_leaf_64_clk/X                     10     11        (VIOLATED)
clkbuf_leaf_7_clk/X                      10     11        (VIOLATED)
clkbuf_leaf_85_clk/X                     10     11        (VIOLATED)
clkbuf_leaf_95_clk/X                     10     11        (VIOLATED)
fanout1244/X                             10     11        (VIOLATED)
fanout1256/X                             10     11        (VIOLATED)
fanout1261/X                             10     11        (VIOLATED)
fanout1269/X                             10     11        (VIOLATED)
fanout1360/X                             10     11        (VIOLATED)
fanout1710/X                             10     11        (VIOLATED)
fanout1736/X                             10     11        (VIOLATED)
fanout1740/X                             10     11        (VIOLATED)
fanout1750/X                             10     11        (VIOLATED)
fanout412/X                              10     11        (VIOLATED)
fanout414/X                              10     11        (VIOLATED)
fanout525/X                              10     11        (VIOLATED)
fanout557/X                              10     11        (VIOLATED)
fanout559/X                              10     11        (VIOLATED)
fanout563/X                              10     11        (VIOLATED)
fanout577/X                              10     11        (VIOLATED)
fanout668/X                              10     11        (VIOLATED)
fanout679/X                              10     11        (VIOLATED)
fanout687/X                              10     11        (VIOLATED)
fanout863/X                              10     11        (VIOLATED)
fanout902/X                              10     11        (VIOLATED)

max capacitance

Pin                                        Limit         Cap       Slack
------------------------------------------------------------------------
fanout1087/X                            0.200000    0.336705   -0.136705 (VIOLATED)
fanout1371/X                            0.200000    0.313259   -0.113259 (VIOLATED)
fanout412/X                             0.200000    0.310667   -0.110667 (VIOLATED)
wire1273/X                              0.200000    0.290410   -0.090410 (VIOLATED)
fanout1229/X                            0.200000    0.287719   -0.087719 (VIOLATED)
fanout1247/X                            0.200000    0.287111   -0.087111 (VIOLATED)
_29799_/X                               0.200000    0.275356   -0.075356 (VIOLATED)
fanout1260/X                            0.200000    0.250894   -0.050894 (VIOLATED)
_24569_/Y                               0.200000    0.246983   -0.046983 (VIOLATED)
fanout1020/X                            0.200000    0.242675   -0.042675 (VIOLATED)
_31806_/Q                               0.200000    0.236083   -0.036083 (VIOLATED)
fanout638/X                             0.200000    0.234811   -0.034811 (VIOLATED)
fanout869/X                             0.200000    0.231271   -0.031271 (VIOLATED)
_31794_/Q                               0.200000    0.229561   -0.029561 (VIOLATED)
_31904_/Q                               0.200000    0.228833   -0.028833 (VIOLATED)
_31903_/Q                               0.200000    0.227387   -0.027387 (VIOLATED)
fanout1711/X                            0.200000    0.225670   -0.025670 (VIOLATED)
_28637_/Y                               0.200000    0.222919   -0.022919 (VIOLATED)
clkbuf_2_2_0_clk/X                      0.200000    0.220472   -0.020472 (VIOLATED)
fanout1539/X                            0.200000    0.218122   -0.018122 (VIOLATED)
_31795_/Q                               0.200000    0.217523   -0.017523 (VIOLATED)
_31734_/Q                               0.200000    0.217190   -0.017190 (VIOLATED)
fanout704/X                             0.200000    0.216598   -0.016598 (VIOLATED)
_31733_/Q                               0.200000    0.216217   -0.016217 (VIOLATED)
fanout643/X                             0.200000    0.215885   -0.015885 (VIOLATED)
max_cap1374/X                           0.200000    0.214444   -0.014444 (VIOLATED)
clkbuf_2_0_0_clk/X                      0.200000    0.212706   -0.012706 (VIOLATED)
_31808_/Q                               0.200000    0.211016   -0.011016 (VIOLATED)
clkbuf_2_3_0_clk/X                      0.200000    0.207923   -0.007923 (VIOLATED)
fanout658/X                             0.200000    0.206949   -0.006949 (VIOLATED)
fanout633/X                             0.200000    0.206572   -0.006572 (VIOLATED)
_31551_/Q                               0.200000    0.206549   -0.006549 (VIOLATED)
_31801_/Q                               0.200000    0.206104   -0.006104 (VIOLATED)
_31800_/Q                               0.200000    0.202537   -0.002537 (VIOLATED)
_24568_/Y                               0.200000    0.202364   -0.002364 (VIOLATED)
clkbuf_0_clk/X                          0.200000    0.201972   -0.001972 (VIOLATED)
fanout1261/X                            0.200000    0.201196   -0.001196 (VIOLATED)



===========================================================================
report_parasitic_annotation -report_unannotated
============================================================================
Found 347 unannotated drivers.
 clkload0/Y
 clkload1/Y
 clkload10/Y
 clkload100/Y
 clkload101/X
 clkload102/Y
 clkload103/Y
 clkload104/Y
 clkload105/Y
 clkload106/Y
 clkload107/Y
 clkload108/Y
 clkload109/Y
 clkload11/Y
 clkload110/Y
 clkload111/Y
 clkload112/Y
 clkload113/X
 clkload114/Y
 clkload115/Y
 clkload116/Y
 clkload117/X
 clkload118/Y
 clkload119/Y
 clkload12/Y
 clkload120/Y
 clkload121/Y
 clkload122/Y
 clkload123/X
 clkload124/Y
 clkload125/Y
 clkload126/Y
 clkload127/Y
 clkload128/Y
 clkload129/Y
 clkload13/X
 clkload130/Y
 clkload131/Y
 clkload132/Y
 clkload133/X
 clkload134/X
 clkload135/X
 clkload136/X
 clkload137/Y
 clkload138/Y
 clkload139/Y
 clkload14/Y
 clkload140/Y
 clkload141/Y
 clkload142/Y
 clkload143/Y
 clkload144/Y
 clkload145/Y
 clkload146/Y
 clkload147/Y
 clkload148/Y
 clkload149/Y
 clkload15/X
 clkload150/Y
 clkload151/Y
 clkload152/Y
 clkload153/Y
 clkload154/Y
 clkload155/Y
 clkload156/Y
 clkload157/Y
 clkload158/Y
 clkload159/Y
 clkload16/Y
 clkload160/Y
 clkload161/X
 clkload162/Y
 clkload163/Y
 clkload164/Y
 clkload165/X
 clkload166/X
 clkload167/Y
 clkload168/Y
 clkload169/Y
 clkload17/Y
 clkload170/Y
 clkload171/Y
 clkload172/X
 clkload173/Y
 clkload174/Y
 clkload175/Y
 clkload176/Y
 clkload177/Y
 clkload178/X
 clkload179/Y
 clkload18/Y
 clkload180/Y
 clkload181/Y
 clkload182/Y
 clkload183/Y
 clkload184/Y
 clkload185/Y
 clkload186/Y
 clkload187/Y
 clkload188/Y
 clkload189/Y
 clkload19/Y
 clkload190/Y
 clkload191/Y
 clkload192/Y
 clkload193/Y
 clkload194/Y
 clkload195/Y
 clkload196/Y
 clkload197/Y
 clkload198/Y
 clkload199/Y
 clkload2/Y
 clkload20/Y
 clkload200/Y
 clkload201/Y
 clkload202/Y
 clkload203/Y
 clkload204/Y
 clkload205/Y
 clkload206/Y
 clkload207/Y
 clkload208/Y
 clkload209/X
 clkload21/Y
 clkload210/X
 clkload211/Y
 clkload212/Y
 clkload213/X
 clkload214/Y
 clkload215/Y
 clkload216/Y
 clkload217/Y
 clkload218/Y
 clkload219/Y
 clkload22/Y
 clkload220/Y
 clkload221/Y
 clkload222/X
 clkload223/X
 clkload224/Y
 clkload225/Y
 clkload226/Y
 clkload227/X
 clkload228/Y
 clkload229/Y
 clkload23/X
 clkload230/Y
 clkload231/Y
 clkload232/X
 clkload233/Y
 clkload234/X
 clkload235/Y
 clkload236/Y
 clkload237/Y
 clkload238/Y
 clkload239/Y
 clkload24/Y
 clkload240/Y
 clkload241/Y
 clkload242/Y
 clkload243/Y
 clkload244/X
 clkload245/X
 clkload246/Y
 clkload247/Y
 clkload248/Y
 clkload249/Y
 clkload25/Y
 clkload250/Y
 clkload251/Y
 clkload252/Y
 clkload253/Y
 clkload254/Y
 clkload255/Y
 clkload256/Y
 clkload257/X
 clkload258/Y
 clkload259/Y
 clkload26/Y
 clkload260/Y
 clkload261/Y
 clkload262/Y
 clkload263/Y
 clkload264/Y
 clkload265/Y
 clkload266/Y
 clkload267/Y
 clkload268/Y
 clkload269/Y
 clkload27/Y
 clkload270/X
 clkload271/Y
 clkload272/Y
 clkload273/Y
 clkload274/X
 clkload275/Y
 clkload276/Y
 clkload277/Y
 clkload278/X
 clkload279/Y
 clkload28/Y
 clkload280/Y
 clkload281/Y
 clkload282/X
 clkload283/Y
 clkload284/Y
 clkload285/Y
 clkload286/X
 clkload287/X
 clkload288/Y
 clkload289/Y
 clkload29/Y
 clkload290/Y
 clkload291/Y
 clkload292/Y
 clkload293/Y
 clkload294/Y
 clkload295/Y
 clkload296/Y
 clkload297/Y
 clkload298/Y
 clkload299/Y
 clkload3/Y
 clkload30/Y
 clkload300/Y
 clkload301/Y
 clkload302/Y
 clkload303/Y
 clkload304/Y
 clkload305/Y
 clkload306/Y
 clkload307/Y
 clkload308/Y
 clkload309/Y
 clkload31/Y
 clkload310/Y
 clkload311/Y
 clkload312/Y
 clkload313/Y
 clkload314/X
 clkload315/Y
 clkload316/Y
 clkload317/X
 clkload318/Y
 clkload319/X
 clkload32/X
 clkload320/X
 clkload321/X
 clkload322/Y
 clkload323/Y
 clkload324/Y
 clkload325/Y
 clkload326/Y
 clkload327/X
 clkload328/X
 clkload329/X
 clkload33/X
 clkload330/Y
 clkload331/Y
 clkload332/Y
 clkload333/Y
 clkload334/Y
 clkload335/Y
 clkload336/X
 clkload337/X
 clkload338/Y
 clkload339/Y
 clkload34/Y
 clkload340/Y
 clkload341/Y
 clkload342/Y
 clkload343/Y
 clkload344/Y
 clkload345/Y
 clkload346/Y
 clkload35/Y
 clkload36/Y
 clkload37/Y
 clkload38/Y
 clkload39/Y
 clkload4/Y
 clkload40/Y
 clkload41/Y
 clkload42/Y
 clkload43/Y
 clkload44/Y
 clkload45/Y
 clkload46/X
 clkload47/Y
 clkload48/X
 clkload49/Y
 clkload5/Y
 clkload50/Y
 clkload51/Y
 clkload52/Y
 clkload53/Y
 clkload54/Y
 clkload55/X
 clkload56/Y
 clkload57/Y
 clkload58/Y
 clkload59/Y
 clkload6/Y
 clkload60/X
 clkload61/Y
 clkload62/Y
 clkload63/Y
 clkload64/Y
 clkload65/Y
 clkload66/Y
 clkload67/Y
 clkload68/Y
 clkload69/Y
 clkload7/Y
 clkload70/Y
 clkload71/Y
 clkload72/Y
 clkload73/Y
 clkload74/Y
 clkload75/Y
 clkload76/Y
 clkload77/Y
 clkload78/X
 clkload79/X
 clkload8/Y
 clkload80/Y
 clkload81/Y
 clkload82/Y
 clkload83/Y
 clkload84/Y
 clkload85/Y
 clkload86/Y
 clkload87/Y
 clkload88/Y
 clkload89/Y
 clkload9/Y
 clkload90/Y
 clkload91/Y
 clkload92/Y
 clkload93/Y
 clkload94/X
 clkload95/Y
 clkload96/Y
 clkload97/Y
 clkload98/Y
 clkload99/Y
Found 0 partially unannotated drivers.

===========================================================================
max slew violation count 73
max fanout violation count 214
max cap violation count 37
============================================================================

===========================================================================
check_setup -verbose -unconstrained_endpoints -multiple_clock -no_clock -no_input_delay -loops -generated_clocks
===========================================================================
