Clock: clk
Sources: clk 
Generated: no
Virtual: no
Propagated: no
Period: 20.000000

===========================================================================
report_clock_properties
============================================================================
Clock                   Period          Waveform
----------------------------------------------------
clk                  20.000000    0.000000 10.000000

===========================================================================
report_clock_latency
============================================================================
Clock clk
rise -> rise
    min     max
0.000000 0.000000 source latency
13.616260         network latency _31250_/CLK
        13.616260 network latency _31250_/CLK
---------------
13.616260 13.616260 latency
        0.000000 skew

fall -> fall
    min     max
0.000000 0.000000 source latency
5.893548         network latency _31250_/CLK
        5.893548 network latency _31250_/CLK
---------------
5.893548 5.893548 latency
        0.000000 skew



===========================================================================
report_clock_min_period
============================================================================
clk period_min = 14.86 fmax = 67.29
