
===========================================================================
 report_power
============================================================================
======================= min_ff_n40C_1v95 Corner ===================================

Group                    Internal    Switching      Leakage        Total
                            Power        Power        Power        Power (Watts)
------------------------------------------------------------------------
Sequential           2.670571e-02 5.836698e-03 5.380056e-08 3.254246e-02   0.3%
Combinational        3.805234e+00 7.079743e+00 2.380969e-07 1.088498e+01  99.6%
Clock                3.266525e-03 3.509904e-03 7.928730e-08 6.776507e-03   0.1%
Macro                0.000000e+00 0.000000e+00 0.000000e+00 0.000000e+00   0.0%
Pad                  0.000000e+00 0.000000e+00 0.000000e+00 0.000000e+00   0.0%
------------------------------------------------------------------------
Total                3.835139e+00 7.089001e+00 3.711855e-07 1.092414e+01 100.0%
                            35.1%        64.9%         0.0%

