
===========================================================================
report_checks -unconstrained
===========================================================================
======================= nom_tt_025C_1v80 Corner ===================================

Startpoint: rst_n (input port clocked by clk)
Endpoint: _31380_ (recovery check against rising-edge clock clk)
Path Group: asynchronous
Path Type: max

Fanout         Cap        Slew       Delay        Time   Description
---------------------------------------------------------------------------------------------
                                  0.000000    0.000000   clock clk (rise edge)
                                  0.000000    0.000000   clock network delay (propagated)
                                  4.000000    4.000000 ^ input external delay
     1    0.002579    0.018792    0.009524    4.009524 ^ rst_n (in)
                                                         rst_n (net)
                      0.018792    0.000000    4.009524 ^ input71/A (sky130_fd_sc_hd__dlymetal6s2s_1)
     1    0.017072    0.187565    0.179970    4.189494 ^ input71/X (sky130_fd_sc_hd__dlymetal6s2s_1)
                                                         net71 (net)
                      0.187570    0.000806    4.190300 ^ fanout1711/A (sky130_fd_sc_hd__buf_8)
     5    0.102472    0.169933    0.220285    4.410586 ^ fanout1711/X (sky130_fd_sc_hd__buf_8)
                                                         net1711 (net)
                      0.169933    0.000014    4.410600 ^ fanout1539/A (sky130_fd_sc_hd__buf_6)
     5    0.086239    0.174863    0.226215    4.636815 ^ fanout1539/X (sky130_fd_sc_hd__buf_6)
                                                         net1539 (net)
                      0.174966    0.003558    4.640373 ^ fanout1474/A (sky130_fd_sc_hd__clkbuf_8)
     7    0.069382    0.128951    0.236022    4.876395 ^ fanout1474/X (sky130_fd_sc_hd__clkbuf_8)
                                                         net1474 (net)
                      0.128966    0.001176    4.877572 ^ fanout1472/A (sky130_fd_sc_hd__buf_4)
    10    0.061338    0.172337    0.235777    5.113348 ^ fanout1472/X (sky130_fd_sc_hd__buf_4)
                                                         net1472 (net)
                      0.172337    0.000003    5.113351 ^ fanout1471/A (sky130_fd_sc_hd__buf_2)
     7    0.036479    0.180767    0.247114    5.360465 ^ fanout1471/X (sky130_fd_sc_hd__buf_2)
                                                         net1471 (net)
                      0.180767    0.000003    5.360468 ^ fanout1470/A (sky130_fd_sc_hd__buf_2)
     6    0.032535    0.162624    0.236676    5.597144 ^ fanout1470/X (sky130_fd_sc_hd__buf_2)
                                                         net1470 (net)
                      0.162624    0.000061    5.597205 ^ fanout1467/A (sky130_fd_sc_hd__clkbuf_4)
    10    0.043964    0.139866    0.247247    5.844452 ^ fanout1467/X (sky130_fd_sc_hd__clkbuf_4)
                                                         net1467 (net)
                      0.139866    0.000104    5.844556 ^ fanout1466/A (sky130_fd_sc_hd__clkbuf_4)
    10    0.043050    0.137062    0.238103    6.082659 ^ fanout1466/X (sky130_fd_sc_hd__clkbuf_4)
                                                         net1466 (net)
                      0.137062    0.000346    6.083006 ^ _31380_/RESET_B (sky130_fd_sc_hd__dfrtp_4)
                                              6.083006   data arrival time

                                 20.000000   20.000000   clock clk (rise edge)
                                  0.000000   20.000000   clock source latency
     1    0.071364    0.323119    0.232202   20.232203 ^ clk (in)
                                                         clk (net)
                      0.323987    0.000000   20.232203 ^ clkbuf_0_clk/A (sky130_fd_sc_hd__clkbuf_16)
     4    0.091621    0.110725    0.263695   20.495897 ^ clkbuf_0_clk/X (sky130_fd_sc_hd__clkbuf_16)
                                                         clknet_0_clk (net)
                      0.111060    0.004343   20.500240 ^ clkbuf_2_0_0_clk/A (sky130_fd_sc_hd__clkbuf_8)
     8    0.121628    0.212939    0.276387   20.776627 ^ clkbuf_2_0_0_clk/X (sky130_fd_sc_hd__clkbuf_8)
                                                         clknet_2_0_0_clk (net)
                      0.213020    0.000965   20.777592 ^ clkbuf_5_7__f_clk/A (sky130_fd_sc_hd__clkbuf_16)
    10    0.096005    0.112818    0.239909   21.017502 ^ clkbuf_5_7__f_clk/X (sky130_fd_sc_hd__clkbuf_16)
                                                         clknet_5_7__leaf_clk (net)
                      0.112818    0.000510   21.018011 ^ clkbuf_leaf_27_clk/A (sky130_fd_sc_hd__clkbuf_8)
    15    0.035887    0.075507    0.176954   21.194965 ^ clkbuf_leaf_27_clk/X (sky130_fd_sc_hd__clkbuf_8)
                                                         clknet_leaf_27_clk (net)
                      0.075507    0.000059   21.195023 ^ _31380_/CLK (sky130_fd_sc_hd__dfrtp_4)
                                 -0.250000   20.945024   clock uncertainty
                                  0.000000   20.945024   clock reconvergence pessimism
                                  0.196954   21.141977   library recovery time
                                             21.141977   data required time
---------------------------------------------------------------------------------------------
                                             21.141977   data required time
                                             -6.083006   data arrival time
---------------------------------------------------------------------------------------------
                                             15.058971   slack (MET)


Startpoint: _31891_ (rising edge-triggered flip-flop clocked by clk)
Endpoint: _31895_ (rising edge-triggered flip-flop clocked by clk)
Path Group: clk
Path Type: max

Fanout         Cap        Slew       Delay        Time   Description
---------------------------------------------------------------------------------------------
                                  0.000000    0.000000   clock clk (rise edge)
                                  0.000000    0.000000   clock source latency
     1    0.071364    0.323119    0.232202    0.232202 ^ clk (in)
                                                         clk (net)
                      0.323987    0.000000    0.232202 ^ clkbuf_0_clk/A (sky130_fd_sc_hd__clkbuf_16)
     4    0.091621    0.110725    0.263695    0.495897 ^ clkbuf_0_clk/X (sky130_fd_sc_hd__clkbuf_16)
                                                         clknet_0_clk (net)
                      0.111052    0.004282    0.500179 ^ clkbuf_2_1_0_clk/A (sky130_fd_sc_hd__clkbuf_8)
     8    0.123998    0.216155    0.278640    0.778819 ^ clkbuf_2_1_0_clk/X (sky130_fd_sc_hd__clkbuf_8)
                                                         clknet_2_1_0_clk (net)
                      0.216184    0.002093    0.780912 ^ clkbuf_5_12__f_clk/A (sky130_fd_sc_hd__clkbuf_16)
    13    0.094574    0.111695    0.239295    1.020207 ^ clkbuf_5_12__f_clk/X (sky130_fd_sc_hd__clkbuf_16)
                                                         clknet_5_12__leaf_clk (net)
                      0.111695    0.000503    1.020710 ^ clkbuf_leaf_315_clk/A (sky130_fd_sc_hd__clkbuf_8)
     6    0.033194    0.071314    0.173253    1.193963 ^ clkbuf_leaf_315_clk/X (sky130_fd_sc_hd__clkbuf_8)
                                                         clknet_leaf_315_clk (net)
                      0.071314    0.000026    1.193989 ^ _31891_/CLK (sky130_fd_sc_hd__dfrtp_4)
     7    0.102874    0.176643    0.618072    1.812061 v _31891_/Q (sky130_fd_sc_hd__dfrtp_4)
                                                         chacha_unit.U_QR_COL_0.in_b[1] (net)
                      0.177554    0.010213    1.822274 v _15857_/A (sky130_fd_sc_hd__xor2_4)
     2    0.027714    0.248268    0.306851    2.129125 ^ _15857_/X (sky130_fd_sc_hd__xor2_4)
                                                         _11872_ (net)
                      0.248268    0.000072    2.129196 ^ _15859_/A3 (sky130_fd_sc_hd__a31oi_4)
     3    0.023829    0.140424    0.162119    2.291315 v _15859_/Y (sky130_fd_sc_hd__a31oi_4)
                                                         _11874_ (net)
                      0.140424    0.000189    2.291504 v _15863_/A3 (sky130_fd_sc_hd__o311a_2)
     3    0.021292    0.098847    0.425469    2.716973 v _15863_/X (sky130_fd_sc_hd__o311a_2)
                                                         _11878_ (net)
                      0.098847    0.000118    2.717091 v _15879_/A (sky130_fd_sc_hd__or3_2)
     2    0.022076    0.132721    0.572360    3.289451 v _15879_/X (sky130_fd_sc_hd__or3_2)
                                                         _11894_ (net)
                      0.132735    0.001541    3.290992 v _15983_/A2 (sky130_fd_sc_hd__a21o_1)
     3    0.007253    0.052209    0.226982    3.517974 v _15983_/X (sky130_fd_sc_hd__a21o_1)
                                                         _11998_ (net)
                      0.052209    0.000040    3.518014 v _15989_/A3 (sky130_fd_sc_hd__a311o_2)
     4    0.017813    0.091402    0.437230    3.955244 v _15989_/X (sky130_fd_sc_hd__a311o_2)
                                                         _12004_ (net)
                      0.091402    0.000144    3.955388 v _16012_/A2 (sky130_fd_sc_hd__o41ai_2)
     1    0.010816    0.376556    0.439385    4.394773 ^ _16012_/Y (sky130_fd_sc_hd__o41ai_2)
                                                         _12027_ (net)
                      0.376556    0.000378    4.395151 ^ wire621/A (sky130_fd_sc_hd__clkbuf_2)
     1    0.015492    0.094608    0.223226    4.618376 ^ wire621/X (sky130_fd_sc_hd__clkbuf_2)
                                                         net621 (net)
                      0.094611    0.000794    4.619171 ^ wire620/A (sky130_fd_sc_hd__clkbuf_2)
     4    0.016568    0.096902    0.160784    4.779955 ^ wire620/X (sky130_fd_sc_hd__clkbuf_2)
                                                         net620 (net)
                      0.096903    0.000524    4.780480 ^ _16023_/A1 (sky130_fd_sc_hd__a21oi_1)
     2    0.007312    0.074520    0.095824    4.876304 v _16023_/Y (sky130_fd_sc_hd__a21oi_1)
                                                         _12038_ (net)
                      0.074520    0.000024    4.876328 v _16030_/A2 (sky130_fd_sc_hd__o311a_1)
     2    0.005769    0.065169    0.351814    5.228142 v _16030_/X (sky130_fd_sc_hd__o311a_1)
                                                         _12045_ (net)
                      0.065169    0.000035    5.228176 v _16033_/A3 (sky130_fd_sc_hd__o31a_1)
     1    0.008839    0.073920    0.273898    5.502074 v _16033_/X (sky130_fd_sc_hd__o31a_1)
                                                         _12048_ (net)
                      0.073920    0.000028    5.502102 v _16035_/A (sky130_fd_sc_hd__xnor2_2)
     2    0.014621    0.236687    0.244827    5.746929 ^ _16035_/Y (sky130_fd_sc_hd__xnor2_2)
                                                         _12050_ (net)
                      0.236687    0.000024    5.746953 ^ _16036_/B (sky130_fd_sc_hd__xor2_1)
     1    0.006743    0.180349    0.219892    5.966845 ^ _16036_/X (sky130_fd_sc_hd__xor2_1)
                                                         _12051_ (net)
                      0.180349    0.000130    5.966975 ^ wire385/A (sky130_fd_sc_hd__buf_4)
     4    0.049607    0.142505    0.227854    6.194829 ^ wire385/X (sky130_fd_sc_hd__buf_4)
                                                         net385 (net)
                      0.142636    0.002755    6.197584 ^ _16038_/B (sky130_fd_sc_hd__xnor2_4)
     2    0.019555    0.088941    0.102975    6.300559 v _16038_/Y (sky130_fd_sc_hd__xnor2_4)
                                                         _12053_ (net)
                      0.088941    0.000009    6.300567 v _16052_/A (sky130_fd_sc_hd__or4_1)
     2    0.004902    0.099472    0.546363    6.846931 v _16052_/X (sky130_fd_sc_hd__or4_1)
                                                         _12067_ (net)
                      0.099472    0.000018    6.846949 v _16144_/A_N (sky130_fd_sc_hd__nand3b_1)
     3    0.008267    0.112465    0.213622    7.060571 v _16144_/Y (sky130_fd_sc_hd__nand3b_1)
                                                         _12159_ (net)
                      0.112465    0.000101    7.060671 v _16152_/A2 (sky130_fd_sc_hd__a211o_1)
     1    0.008381    0.075369    0.343603    7.404274 v _16152_/X (sky130_fd_sc_hd__a211o_1)
                                                         _12167_ (net)
                      0.075369    0.000014    7.404288 v _16163_/A2 (sky130_fd_sc_hd__a31oi_4)
     3    0.017547    0.200368    0.223892    7.628181 ^ _16163_/Y (sky130_fd_sc_hd__a31oi_4)
                                                         _12178_ (net)
                      0.200369    0.000637    7.628818 ^ _17142_/A2 (sky130_fd_sc_hd__a41o_2)
     3    0.026045    0.139273    0.305030    7.933847 ^ _17142_/X (sky130_fd_sc_hd__a41o_2)
                                                         _13157_ (net)
                      0.139273    0.000213    7.934061 ^ _17520_/A1 (sky130_fd_sc_hd__a31o_2)
     2    0.020178    0.126213    0.234875    8.168936 ^ _17520_/X (sky130_fd_sc_hd__a31o_2)
                                                         _13535_ (net)
                      0.126213    0.000104    8.169040 ^ _17521_/A2 (sky130_fd_sc_hd__a21o_1)
     1    0.018024    0.163835    0.218905    8.387945 ^ _17521_/X (sky130_fd_sc_hd__a21o_1)
                                                         _13536_ (net)
                      0.163835    0.000042    8.387986 ^ _17526_/A (sky130_fd_sc_hd__xnor2_4)
     2    0.026319    0.098141    0.132411    8.520398 v _17526_/Y (sky130_fd_sc_hd__xnor2_4)
                                                         _13541_ (net)
                      0.098141    0.000052    8.520450 v _17527_/B (sky130_fd_sc_hd__xnor2_4)
     4    0.043745    0.355012    0.327716    8.848166 ^ _17527_/Y (sky130_fd_sc_hd__xnor2_4)
                                                         _13542_ (net)
                      0.355071    0.003681    8.851846 ^ _17528_/B (sky130_fd_sc_hd__xnor2_4)
     4    0.030071    0.125134    0.159534    9.011379 v _17528_/Y (sky130_fd_sc_hd__xnor2_4)
                                                         _13543_ (net)
                      0.125134    0.000024    9.011403 v _17559_/A (sky130_fd_sc_hd__or4_1)
     1    0.002681    0.083276    0.534538    9.545941 v _17559_/X (sky130_fd_sc_hd__or4_1)
                                                         _13574_ (net)
                      0.083276    0.000008    9.545949 v _17560_/B1 (sky130_fd_sc_hd__a31o_1)
     2    0.007233    0.056962    0.216652    9.762601 v _17560_/X (sky130_fd_sc_hd__a31o_1)
                                                         _13575_ (net)
                      0.056962    0.000127    9.762728 v _17745_/A1 (sky130_fd_sc_hd__a211o_2)
     2    0.019197    0.088238    0.347756   10.110483 v _17745_/X (sky130_fd_sc_hd__a211o_2)
                                                         _13760_ (net)
                      0.088249    0.001076   10.111559 v _17746_/A2 (sky130_fd_sc_hd__a21oi_2)
     5    0.019672    0.256339    0.270083   10.381641 ^ _17746_/Y (sky130_fd_sc_hd__a21oi_2)
                                                         _13761_ (net)
                      0.256339    0.000365   10.382007 ^ _18489_/A1 (sky130_fd_sc_hd__o21ba_2)
     2    0.022514    0.139626    0.264389   10.646396 ^ _18489_/X (sky130_fd_sc_hd__o21ba_2)
                                                         _14504_ (net)
                      0.139626    0.000090   10.646485 ^ _18490_/A2 (sky130_fd_sc_hd__a21oi_2)
     1    0.016673    0.110009    0.110369   10.756855 v _18490_/Y (sky130_fd_sc_hd__a21oi_2)
                                                         _14505_ (net)
                      0.110009    0.000061   10.756917 v _18497_/A (sky130_fd_sc_hd__xnor2_4)
     3    0.025417    0.237135    0.271540   11.028457 ^ _18497_/Y (sky130_fd_sc_hd__xnor2_4)
                                                         _14512_ (net)
                      0.237135    0.000371   11.028828 ^ _19857_/B (sky130_fd_sc_hd__xor2_4)
     3    0.035989    0.289823    0.303986   11.332814 ^ _19857_/X (sky130_fd_sc_hd__xor2_4)
                                                         _03183_ (net)
                      0.289823    0.000123   11.332936 ^ _19873_/B (sky130_fd_sc_hd__xor2_2)
     2    0.011101    0.103316    0.140314   11.473251 v _19873_/X (sky130_fd_sc_hd__xor2_2)
                                                         _03199_ (net)
                      0.103316    0.000033   11.473284 v _19874_/A2 (sky130_fd_sc_hd__a21o_2)
     3    0.028251    0.092037    0.294486   11.767770 v _19874_/X (sky130_fd_sc_hd__a21o_2)
                                                         _03200_ (net)
                      0.092049    0.001023   11.768793 v _19878_/A1 (sky130_fd_sc_hd__a211o_2)
     3    0.019185    0.087669    0.361803   12.130596 v _19878_/X (sky130_fd_sc_hd__a211o_2)
                                                         _03204_ (net)
                      0.087669    0.000152   12.130749 v _19885_/A1 (sky130_fd_sc_hd__a31oi_4)
     3    0.037181    0.324479    0.298068   12.428817 ^ _19885_/Y (sky130_fd_sc_hd__a31oi_4)
                                                         _03211_ (net)
                      0.324518    0.002793   12.431610 ^ _19928_/A1 (sky130_fd_sc_hd__o211a_2)
     3    0.022900    0.145399    0.310121   12.741731 ^ _19928_/X (sky130_fd_sc_hd__o211a_2)
                                                         _03254_ (net)
                      0.145401    0.000790   12.742520 ^ _19972_/A1 (sky130_fd_sc_hd__o21ai_4)
     4    0.025922    0.078673    0.111188   12.853708 v _19972_/Y (sky130_fd_sc_hd__o21ai_4)
                                                         _03298_ (net)
                      0.078675    0.000520   12.854229 v _19980_/A3 (sky130_fd_sc_hd__a31o_1)
     3    0.007503    0.058137    0.248025   13.102254 v _19980_/X (sky130_fd_sc_hd__a31o_1)
                                                         _03306_ (net)
                      0.058137    0.000032   13.102285 v _19986_/A2 (sky130_fd_sc_hd__a31o_1)
     2    0.008105    0.060639    0.231980   13.334266 v _19986_/X (sky130_fd_sc_hd__a31o_1)
                                                         _03312_ (net)
                      0.060639    0.000034   13.334299 v _20028_/A3 (sky130_fd_sc_hd__a32o_2)
     1    0.017310    0.072046    0.306502   13.640801 v _20028_/X (sky130_fd_sc_hd__a32o_2)
                                                         _03354_ (net)
                      0.072046    0.000095   13.640897 v _20031_/A (sky130_fd_sc_hd__xnor2_4)
     2    0.032200    0.280566    0.289228   13.930125 ^ _20031_/Y (sky130_fd_sc_hd__xnor2_4)
                                                         _03357_ (net)
                      0.280584    0.001752   13.931877 ^ _20032_/B (sky130_fd_sc_hd__xor2_1)
     1    0.005530    0.159337    0.208864   14.140741 ^ _20032_/X (sky130_fd_sc_hd__xor2_1)
                                                         _03358_ (net)
                      0.159337    0.000061   14.140802 ^ wire238/A (sky130_fd_sc_hd__buf_4)
     3    0.049429    0.141919    0.221835   14.362638 ^ wire238/X (sky130_fd_sc_hd__buf_4)
                                                         net238 (net)
                      0.142055    0.002792   14.365430 ^ _20036_/B (sky130_fd_sc_hd__xnor2_4)
     3    0.023696    0.089137    0.110945   14.476376 v _20036_/Y (sky130_fd_sc_hd__xnor2_4)
                                                         _03362_ (net)
                      0.089137    0.000033   14.476408 v _20039_/A (sky130_fd_sc_hd__or2_1)
     2    0.006205    0.063515    0.257338   14.733747 v _20039_/X (sky130_fd_sc_hd__or2_1)
                                                         _03365_ (net)
                      0.063515    0.000048   14.733794 v _20040_/C1 (sky130_fd_sc_hd__a2111o_1)
     2    0.013810    0.111492    0.410462   15.144256 v _20040_/X (sky130_fd_sc_hd__a2111o_1)
                                                         _03366_ (net)
                      0.111492    0.000448   15.144704 v _20111_/A1 (sky130_fd_sc_hd__a2111o_2)
     3    0.016628    0.099867    0.492291   15.636994 v _20111_/X (sky130_fd_sc_hd__a2111o_2)
                                                         _03437_ (net)
                      0.099867    0.000295   15.637289 v _20135_/A2 (sky130_fd_sc_hd__a211oi_4)
     3    0.023508    0.330979    0.380410   16.017700 ^ _20135_/Y (sky130_fd_sc_hd__a211oi_4)
                                                         _03461_ (net)
                      0.330979    0.000739   16.018438 ^ _20164_/A1 (sky130_fd_sc_hd__a21o_4)
     3    0.042929    0.126022    0.246372   16.264811 ^ _20164_/X (sky130_fd_sc_hd__a21o_4)
                                                         _03490_ (net)
                      0.126268    0.003810   16.268621 ^ _20197_/A1 (sky130_fd_sc_hd__a21o_2)
     3    0.030991    0.159345    0.233735   16.502356 ^ _20197_/X (sky130_fd_sc_hd__a21o_2)
                                                         _03523_ (net)
                      0.159345    0.000290   16.502645 ^ _20198_/A3 (sky130_fd_sc_hd__a31oi_4)
     3    0.030172    0.155871    0.162032   16.664677 v _20198_/Y (sky130_fd_sc_hd__a31oi_4)
                                                         _03524_ (net)
                      0.155879    0.000988   16.665665 v _20483_/A1 (sky130_fd_sc_hd__o311a_2)
     2    0.017975    0.091223    0.484137   17.149801 v _20483_/X (sky130_fd_sc_hd__o311a_2)
                                                         _03809_ (net)
                      0.091223    0.000064   17.149866 v _20484_/A2 (sky130_fd_sc_hd__o21ai_1)
     1    0.010659    0.232293    0.231422   17.381289 ^ _20484_/Y (sky130_fd_sc_hd__o21ai_1)
                                                         _03810_ (net)
                      0.232293    0.000094   17.381382 ^ _20486_/A (sky130_fd_sc_hd__xnor2_2)
     2    0.014409    0.234243    0.181549   17.562931 ^ _20486_/Y (sky130_fd_sc_hd__xnor2_2)
                                                         _03812_ (net)
                      0.234243    0.000012   17.562944 ^ _20487_/B (sky130_fd_sc_hd__xor2_1)
     1    0.010324    0.244944    0.267642   17.830585 ^ _20487_/X (sky130_fd_sc_hd__xor2_1)
                                                         _03813_ (net)
                      0.244945    0.000338   17.830923 ^ wire192/A (sky130_fd_sc_hd__buf_4)
     4    0.049462    0.142508    0.244921   18.075844 ^ wire192/X (sky130_fd_sc_hd__buf_4)
                                                         net192 (net)
                      0.142674    0.003247   18.079090 ^ _20489_/B (sky130_fd_sc_hd__xor2_4)
     3    0.023086    0.211009    0.235364   18.314455 ^ _20489_/X (sky130_fd_sc_hd__xor2_4)
                                                         _03815_ (net)
                      0.211009    0.000023   18.314478 ^ _20502_/B (sky130_fd_sc_hd__and3b_1)
     1    0.002648    0.052057    0.183904   18.498383 ^ _20502_/X (sky130_fd_sc_hd__and3b_1)
                                                         _03828_ (net)
                      0.052057    0.000002   18.498384 ^ _20503_/A3 (sky130_fd_sc_hd__a31o_2)
     4    0.020382    0.127347    0.218886   18.717270 ^ _20503_/X (sky130_fd_sc_hd__a31o_2)
                                                         _03829_ (net)
                      0.127350    0.000894   18.718164 ^ _20506_/A3 (sky130_fd_sc_hd__a31o_4)
     4    0.051292    0.168697    0.266294   18.984457 ^ _20506_/X (sky130_fd_sc_hd__a31o_4)
                                                         _03832_ (net)
                      0.169054    0.006287   18.990744 ^ _20526_/D_N (sky130_fd_sc_hd__or4b_2)
     3    0.010514    0.130255    0.653092   19.643835 v _20526_/X (sky130_fd_sc_hd__or4b_2)
                                                         _03852_ (net)
                      0.130255    0.000069   19.643906 v _20536_/A1 (sky130_fd_sc_hd__a2111o_1)
     2    0.007440    0.083361    0.418771   20.062675 v _20536_/X (sky130_fd_sc_hd__a2111o_1)
                                                         _03862_ (net)
                      0.083361    0.000034   20.062710 v _20537_/A2 (sky130_fd_sc_hd__a21oi_2)
     2    0.013259    0.191240    0.218554   20.281263 ^ _20537_/Y (sky130_fd_sc_hd__a21oi_2)
                                                         _03863_ (net)
                      0.191240    0.000037   20.281301 ^ _20538_/B1 (sky130_fd_sc_hd__a21o_1)
     1    0.017758    0.162536    0.196218   20.477518 ^ _20538_/X (sky130_fd_sc_hd__a21o_1)
                                                         _03864_ (net)
                      0.162536    0.000032   20.477551 ^ _20541_/A (sky130_fd_sc_hd__xnor2_4)
     2    0.033784    0.115115    0.145826   20.623377 v _20541_/Y (sky130_fd_sc_hd__xnor2_4)
                                                         _03867_ (net)
                      0.115147    0.001494   20.624872 v _20542_/B (sky130_fd_sc_hd__xnor2_4)
     4    0.043295    0.352003    0.331678   20.956549 ^ _20542_/Y (sky130_fd_sc_hd__xnor2_4)
                                                         _03868_ (net)
                      0.352075    0.004022   20.960571 ^ _20543_/A_N (sky130_fd_sc_hd__and2b_1)
     4    0.014013    0.080181    0.275035   21.235605 v _20543_/X (sky130_fd_sc_hd__and2b_1)
                                                         _03869_ (net)
                      0.080181    0.000025   21.235630 v _20627_/B (sky130_fd_sc_hd__or4b_1)
     1    0.004812    0.095286    0.524418   21.760048 v _20627_/X (sky130_fd_sc_hd__or4b_1)
                                                         _03953_ (net)
                      0.095286    0.000053   21.760101 v _20628_/D1 (sky130_fd_sc_hd__a2111o_1)
     3    0.012921    0.107077    0.359499   22.119600 v _20628_/X (sky130_fd_sc_hd__a2111o_1)
                                                         _03954_ (net)
                      0.107077    0.000258   22.119858 v _20633_/A2 (sky130_fd_sc_hd__a2111o_2)
     2    0.021477    0.111626    0.553916   22.673775 v _20633_/X (sky130_fd_sc_hd__a2111o_2)
                                                         _03959_ (net)
                      0.111643    0.001496   22.675270 v _20634_/A2 (sky130_fd_sc_hd__a21o_2)
     5    0.021524    0.076113    0.283055   22.958326 v _20634_/X (sky130_fd_sc_hd__a21o_2)
                                                         _03960_ (net)
                      0.076113    0.000030   22.958355 v _20636_/A (sky130_fd_sc_hd__and2_1)
     2    0.009904    0.063993    0.177305   23.135662 v _20636_/X (sky130_fd_sc_hd__and2_1)
                                                         _03962_ (net)
                      0.063993    0.000096   23.135757 v _20637_/B (sky130_fd_sc_hd__xnor2_1)
     4    0.010849    0.281774    0.255278   23.391035 ^ _20637_/Y (sky130_fd_sc_hd__xnor2_1)
                                                         _03963_ (net)
                      0.281774    0.000043   23.391079 ^ _23241_/B (sky130_fd_sc_hd__nand2_1)
     3    0.008464    0.099321    0.138398   23.529476 v _23241_/Y (sky130_fd_sc_hd__nand2_1)
                                                         _06343_ (net)
                      0.099321    0.000007   23.529484 v _23250_/A (sky130_fd_sc_hd__or3_1)
     1    0.002399    0.063552    0.374708   23.904192 v _23250_/X (sky130_fd_sc_hd__or3_1)
                                                         _06351_ (net)
                      0.063552    0.000004   23.904196 v _23258_/A2 (sky130_fd_sc_hd__a21boi_1)
     3    0.010799    0.250230    0.252884   24.157080 ^ _23258_/Y (sky130_fd_sc_hd__a21boi_1)
                                                         _06358_ (net)
                      0.250230    0.000108   24.157187 ^ _23265_/A2 (sky130_fd_sc_hd__o21ai_2)
     3    0.016128    0.090591    0.127619   24.284805 v _23265_/Y (sky130_fd_sc_hd__o21ai_2)
                                                         _06364_ (net)
                      0.090591    0.000062   24.284868 v _23304_/A2 (sky130_fd_sc_hd__a2111o_4)
     2    0.035767    0.114264    0.570461   24.855330 v _23304_/X (sky130_fd_sc_hd__a2111o_4)
                                                         _06398_ (net)
                      0.114429    0.004288   24.859617 v _23371_/A2 (sky130_fd_sc_hd__a21oi_1)
     2    0.004575    0.140972    0.188173   25.047791 ^ _23371_/Y (sky130_fd_sc_hd__a21oi_1)
                                                         _06457_ (net)
                      0.140972    0.000009   25.047800 ^ _23380_/A1 (sky130_fd_sc_hd__o21ba_2)
     6    0.029549    0.177740    0.265048   25.312847 ^ _23380_/X (sky130_fd_sc_hd__o21ba_2)
                                                         _06466_ (net)
                      0.177740    0.000327   25.313175 ^ _23450_/A1 (sky130_fd_sc_hd__a31oi_4)
     3    0.044081    0.182855    0.198483   25.511658 v _23450_/Y (sky130_fd_sc_hd__a31oi_4)
                                                         _06528_ (net)
                      0.183219    0.006352   25.518009 v _23483_/A1 (sky130_fd_sc_hd__o21bai_2)
     3    0.015500    0.219102    0.270173   25.788183 ^ _23483_/Y (sky130_fd_sc_hd__o21bai_2)
                                                         _06557_ (net)
                      0.219102    0.000064   25.788246 ^ _23498_/A1 (sky130_fd_sc_hd__a211oi_1)
     1    0.002329    0.074320    0.102029   25.890276 v _23498_/Y (sky130_fd_sc_hd__a211oi_1)
                                                         _06570_ (net)
                      0.074320    0.000002   25.890278 v _23499_/B1 (sky130_fd_sc_hd__a21oi_1)
     2    0.008497    0.217192    0.201828   26.092106 ^ _23499_/Y (sky130_fd_sc_hd__a21oi_1)
                                                         _06571_ (net)
                      0.217192    0.000043   26.092148 ^ _23500_/B (sky130_fd_sc_hd__xnor2_1)
     3    0.008548    0.095780    0.132685   26.224833 v _23500_/Y (sky130_fd_sc_hd__xnor2_1)
                                                         _06572_ (net)
                      0.095780    0.000018   26.224850 v _24209_/A2 (sky130_fd_sc_hd__a21o_1)
     1    0.002774    0.034032    0.190632   26.415482 v _24209_/X (sky130_fd_sc_hd__a21o_1)
                                                         _07050_ (net)
                      0.034032    0.000009   26.415491 v _24210_/B2 (sky130_fd_sc_hd__o22a_1)
     1    0.002428    0.040521    0.144727   26.560219 v _24210_/X (sky130_fd_sc_hd__o22a_1)
                                                         _07051_ (net)
                      0.040521    0.000007   26.560225 v _24211_/A1 (sky130_fd_sc_hd__mux2_1)
     1    0.002270    0.053691    0.281284   26.841509 v _24211_/X (sky130_fd_sc_hd__mux2_1)
                                                         _00658_ (net)
                      0.053691    0.000004   26.841513 v _31895_/D (sky130_fd_sc_hd__dfrtp_4)
                                             26.841513   data arrival time

                                 20.000000   20.000000   clock clk (rise edge)
                                  0.000000   20.000000   clock source latency
     1    0.071364    0.323119    0.232202   20.232203 ^ clk (in)
                                                         clk (net)
                      0.323987    0.000000   20.232203 ^ clkbuf_0_clk/A (sky130_fd_sc_hd__clkbuf_16)
     4    0.091621    0.110725    0.263695   20.495897 ^ clkbuf_0_clk/X (sky130_fd_sc_hd__clkbuf_16)
                                                         clknet_0_clk (net)
                      0.111052    0.004283   20.500179 ^ clkbuf_2_1_0_clk/A (sky130_fd_sc_hd__clkbuf_8)
     8    0.123998    0.216155    0.278639   20.778820 ^ clkbuf_2_1_0_clk/X (sky130_fd_sc_hd__clkbuf_8)
                                                         clknet_2_1_0_clk (net)
                      0.216173    0.001691   20.780510 ^ clkbuf_5_9__f_clk/A (sky130_fd_sc_hd__clkbuf_16)
    11    0.082984    0.100708    0.231106   21.011616 ^ clkbuf_5_9__f_clk/X (sky130_fd_sc_hd__clkbuf_16)
                                                         clknet_5_9__leaf_clk (net)
                      0.100708    0.000140   21.011757 ^ clkbuf_leaf_308_clk/A (sky130_fd_sc_hd__clkbuf_8)
    11    0.031817    0.069156    0.167505   21.179262 ^ clkbuf_leaf_308_clk/X (sky130_fd_sc_hd__clkbuf_8)
                                                         clknet_leaf_308_clk (net)
                      0.069156    0.000053   21.179316 ^ _31895_/CLK (sky130_fd_sc_hd__dfrtp_4)
                                 -0.250000   20.929316   clock uncertainty
                                  0.000000   20.929316   clock reconvergence pessimism
                                 -0.112533   20.816784   library setup time
                                             20.816784   data required time
---------------------------------------------------------------------------------------------
                                             20.816784   data required time
                                            -26.841513   data arrival time
---------------------------------------------------------------------------------------------
                                             -6.024729   slack (VIOLATED)




===========================================================================
report_checks --slack_max -0.01
============================================================================
======================= nom_tt_025C_1v80 Corner ===================================

Startpoint: _31891_ (rising edge-triggered flip-flop clocked by clk)
Endpoint: _31895_ (rising edge-triggered flip-flop clocked by clk)
Path Group: clk
Path Type: max

Fanout         Cap        Slew       Delay        Time   Description
---------------------------------------------------------------------------------------------
                                  0.000000    0.000000   clock clk (rise edge)
                                  0.000000    0.000000   clock source latency
     1    0.071364    0.323119    0.232202    0.232202 ^ clk (in)
                                                         clk (net)
                      0.323987    0.000000    0.232202 ^ clkbuf_0_clk/A (sky130_fd_sc_hd__clkbuf_16)
     4    0.091621    0.110725    0.263695    0.495897 ^ clkbuf_0_clk/X (sky130_fd_sc_hd__clkbuf_16)
                                                         clknet_0_clk (net)
                      0.111052    0.004282    0.500179 ^ clkbuf_2_1_0_clk/A (sky130_fd_sc_hd__clkbuf_8)
     8    0.123998    0.216155    0.278640    0.778819 ^ clkbuf_2_1_0_clk/X (sky130_fd_sc_hd__clkbuf_8)
                                                         clknet_2_1_0_clk (net)
                      0.216184    0.002093    0.780912 ^ clkbuf_5_12__f_clk/A (sky130_fd_sc_hd__clkbuf_16)
    13    0.094574    0.111695    0.239295    1.020207 ^ clkbuf_5_12__f_clk/X (sky130_fd_sc_hd__clkbuf_16)
                                                         clknet_5_12__leaf_clk (net)
                      0.111695    0.000503    1.020710 ^ clkbuf_leaf_315_clk/A (sky130_fd_sc_hd__clkbuf_8)
     6    0.033194    0.071314    0.173253    1.193963 ^ clkbuf_leaf_315_clk/X (sky130_fd_sc_hd__clkbuf_8)
                                                         clknet_leaf_315_clk (net)
                      0.071314    0.000026    1.193989 ^ _31891_/CLK (sky130_fd_sc_hd__dfrtp_4)
     7    0.102874    0.176643    0.618072    1.812061 v _31891_/Q (sky130_fd_sc_hd__dfrtp_4)
                                                         chacha_unit.U_QR_COL_0.in_b[1] (net)
                      0.177554    0.010213    1.822274 v _15857_/A (sky130_fd_sc_hd__xor2_4)
     2    0.027714    0.248268    0.306851    2.129125 ^ _15857_/X (sky130_fd_sc_hd__xor2_4)
                                                         _11872_ (net)
                      0.248268    0.000072    2.129196 ^ _15859_/A3 (sky130_fd_sc_hd__a31oi_4)
     3    0.023829    0.140424    0.162119    2.291315 v _15859_/Y (sky130_fd_sc_hd__a31oi_4)
                                                         _11874_ (net)
                      0.140424    0.000189    2.291504 v _15863_/A3 (sky130_fd_sc_hd__o311a_2)
     3    0.021292    0.098847    0.425469    2.716973 v _15863_/X (sky130_fd_sc_hd__o311a_2)
                                                         _11878_ (net)
                      0.098847    0.000118    2.717091 v _15879_/A (sky130_fd_sc_hd__or3_2)
     2    0.022076    0.132721    0.572360    3.289451 v _15879_/X (sky130_fd_sc_hd__or3_2)
                                                         _11894_ (net)
                      0.132735    0.001541    3.290992 v _15983_/A2 (sky130_fd_sc_hd__a21o_1)
     3    0.007253    0.052209    0.226982    3.517974 v _15983_/X (sky130_fd_sc_hd__a21o_1)
                                                         _11998_ (net)
                      0.052209    0.000040    3.518014 v _15989_/A3 (sky130_fd_sc_hd__a311o_2)
     4    0.017813    0.091402    0.437230    3.955244 v _15989_/X (sky130_fd_sc_hd__a311o_2)
                                                         _12004_ (net)
                      0.091402    0.000144    3.955388 v _16012_/A2 (sky130_fd_sc_hd__o41ai_2)
     1    0.010816    0.376556    0.439385    4.394773 ^ _16012_/Y (sky130_fd_sc_hd__o41ai_2)
                                                         _12027_ (net)
                      0.376556    0.000378    4.395151 ^ wire621/A (sky130_fd_sc_hd__clkbuf_2)
     1    0.015492    0.094608    0.223226    4.618376 ^ wire621/X (sky130_fd_sc_hd__clkbuf_2)
                                                         net621 (net)
                      0.094611    0.000794    4.619171 ^ wire620/A (sky130_fd_sc_hd__clkbuf_2)
     4    0.016568    0.096902    0.160784    4.779955 ^ wire620/X (sky130_fd_sc_hd__clkbuf_2)
                                                         net620 (net)
                      0.096903    0.000524    4.780480 ^ _16023_/A1 (sky130_fd_sc_hd__a21oi_1)
     2    0.007312    0.074520    0.095824    4.876304 v _16023_/Y (sky130_fd_sc_hd__a21oi_1)
                                                         _12038_ (net)
                      0.074520    0.000024    4.876328 v _16030_/A2 (sky130_fd_sc_hd__o311a_1)
     2    0.005769    0.065169    0.351814    5.228142 v _16030_/X (sky130_fd_sc_hd__o311a_1)
                                                         _12045_ (net)
                      0.065169    0.000035    5.228176 v _16033_/A3 (sky130_fd_sc_hd__o31a_1)
     1    0.008839    0.073920    0.273898    5.502074 v _16033_/X (sky130_fd_sc_hd__o31a_1)
                                                         _12048_ (net)
                      0.073920    0.000028    5.502102 v _16035_/A (sky130_fd_sc_hd__xnor2_2)
     2    0.014621    0.236687    0.244827    5.746929 ^ _16035_/Y (sky130_fd_sc_hd__xnor2_2)
                                                         _12050_ (net)
                      0.236687    0.000024    5.746953 ^ _16036_/B (sky130_fd_sc_hd__xor2_1)
     1    0.006743    0.180349    0.219892    5.966845 ^ _16036_/X (sky130_fd_sc_hd__xor2_1)
                                                         _12051_ (net)
                      0.180349    0.000130    5.966975 ^ wire385/A (sky130_fd_sc_hd__buf_4)
     4    0.049607    0.142505    0.227854    6.194829 ^ wire385/X (sky130_fd_sc_hd__buf_4)
                                                         net385 (net)
                      0.142636    0.002755    6.197584 ^ _16038_/B (sky130_fd_sc_hd__xnor2_4)
     2    0.019555    0.088941    0.102975    6.300559 v _16038_/Y (sky130_fd_sc_hd__xnor2_4)
                                                         _12053_ (net)
                      0.088941    0.000009    6.300567 v _16052_/A (sky130_fd_sc_hd__or4_1)
     2    0.004902    0.099472    0.546363    6.846931 v _16052_/X (sky130_fd_sc_hd__or4_1)
                                                         _12067_ (net)
                      0.099472    0.000018    6.846949 v _16144_/A_N (sky130_fd_sc_hd__nand3b_1)
     3    0.008267    0.112465    0.213622    7.060571 v _16144_/Y (sky130_fd_sc_hd__nand3b_1)
                                                         _12159_ (net)
                      0.112465    0.000101    7.060671 v _16152_/A2 (sky130_fd_sc_hd__a211o_1)
     1    0.008381    0.075369    0.343603    7.404274 v _16152_/X (sky130_fd_sc_hd__a211o_1)
                                                         _12167_ (net)
                      0.075369    0.000014    7.404288 v _16163_/A2 (sky130_fd_sc_hd__a31oi_4)
     3    0.017547    0.200368    0.223892    7.628181 ^ _16163_/Y (sky130_fd_sc_hd__a31oi_4)
                                                         _12178_ (net)
                      0.200369    0.000637    7.628818 ^ _17142_/A2 (sky130_fd_sc_hd__a41o_2)
     3    0.026045    0.139273    0.305030    7.933847 ^ _17142_/X (sky130_fd_sc_hd__a41o_2)
                                                         _13157_ (net)
                      0.139273    0.000213    7.934061 ^ _17520_/A1 (sky130_fd_sc_hd__a31o_2)
     2    0.020178    0.126213    0.234875    8.168936 ^ _17520_/X (sky130_fd_sc_hd__a31o_2)
                                                         _13535_ (net)
                      0.126213    0.000104    8.169040 ^ _17521_/A2 (sky130_fd_sc_hd__a21o_1)
     1    0.018024    0.163835    0.218905    8.387945 ^ _17521_/X (sky130_fd_sc_hd__a21o_1)
                                                         _13536_ (net)
                      0.163835    0.000042    8.387986 ^ _17526_/A (sky130_fd_sc_hd__xnor2_4)
     2    0.026319    0.098141    0.132411    8.520398 v _17526_/Y (sky130_fd_sc_hd__xnor2_4)
                                                         _13541_ (net)
                      0.098141    0.000052    8.520450 v _17527_/B (sky130_fd_sc_hd__xnor2_4)
     4    0.043745    0.355012    0.327716    8.848166 ^ _17527_/Y (sky130_fd_sc_hd__xnor2_4)
                                                         _13542_ (net)
                      0.355071    0.003681    8.851846 ^ _17528_/B (sky130_fd_sc_hd__xnor2_4)
     4    0.030071    0.125134    0.159534    9.011379 v _17528_/Y (sky130_fd_sc_hd__xnor2_4)
                                                         _13543_ (net)
                      0.125134    0.000024    9.011403 v _17559_/A (sky130_fd_sc_hd__or4_1)
     1    0.002681    0.083276    0.534538    9.545941 v _17559_/X (sky130_fd_sc_hd__or4_1)
                                                         _13574_ (net)
                      0.083276    0.000008    9.545949 v _17560_/B1 (sky130_fd_sc_hd__a31o_1)
     2    0.007233    0.056962    0.216652    9.762601 v _17560_/X (sky130_fd_sc_hd__a31o_1)
                                                         _13575_ (net)
                      0.056962    0.000127    9.762728 v _17745_/A1 (sky130_fd_sc_hd__a211o_2)
     2    0.019197    0.088238    0.347756   10.110483 v _17745_/X (sky130_fd_sc_hd__a211o_2)
                                                         _13760_ (net)
                      0.088249    0.001076   10.111559 v _17746_/A2 (sky130_fd_sc_hd__a21oi_2)
     5    0.019672    0.256339    0.270083   10.381641 ^ _17746_/Y (sky130_fd_sc_hd__a21oi_2)
                                                         _13761_ (net)
                      0.256339    0.000365   10.382007 ^ _18489_/A1 (sky130_fd_sc_hd__o21ba_2)
     2    0.022514    0.139626    0.264389   10.646396 ^ _18489_/X (sky130_fd_sc_hd__o21ba_2)
                                                         _14504_ (net)
                      0.139626    0.000090   10.646485 ^ _18490_/A2 (sky130_fd_sc_hd__a21oi_2)
     1    0.016673    0.110009    0.110369   10.756855 v _18490_/Y (sky130_fd_sc_hd__a21oi_2)
                                                         _14505_ (net)
                      0.110009    0.000061   10.756917 v _18497_/A (sky130_fd_sc_hd__xnor2_4)
     3    0.025417    0.237135    0.271540   11.028457 ^ _18497_/Y (sky130_fd_sc_hd__xnor2_4)
                                                         _14512_ (net)
                      0.237135    0.000371   11.028828 ^ _19857_/B (sky130_fd_sc_hd__xor2_4)
     3    0.035989    0.289823    0.303986   11.332814 ^ _19857_/X (sky130_fd_sc_hd__xor2_4)
                                                         _03183_ (net)
                      0.289823    0.000123   11.332936 ^ _19873_/B (sky130_fd_sc_hd__xor2_2)
     2    0.011101    0.103316    0.140314   11.473251 v _19873_/X (sky130_fd_sc_hd__xor2_2)
                                                         _03199_ (net)
                      0.103316    0.000033   11.473284 v _19874_/A2 (sky130_fd_sc_hd__a21o_2)
     3    0.028251    0.092037    0.294486   11.767770 v _19874_/X (sky130_fd_sc_hd__a21o_2)
                                                         _03200_ (net)
                      0.092049    0.001023   11.768793 v _19878_/A1 (sky130_fd_sc_hd__a211o_2)
     3    0.019185    0.087669    0.361803   12.130596 v _19878_/X (sky130_fd_sc_hd__a211o_2)
                                                         _03204_ (net)
                      0.087669    0.000152   12.130749 v _19885_/A1 (sky130_fd_sc_hd__a31oi_4)
     3    0.037181    0.324479    0.298068   12.428817 ^ _19885_/Y (sky130_fd_sc_hd__a31oi_4)
                                                         _03211_ (net)
                      0.324518    0.002793   12.431610 ^ _19928_/A1 (sky130_fd_sc_hd__o211a_2)
     3    0.022900    0.145399    0.310121   12.741731 ^ _19928_/X (sky130_fd_sc_hd__o211a_2)
                                                         _03254_ (net)
                      0.145401    0.000790   12.742520 ^ _19972_/A1 (sky130_fd_sc_hd__o21ai_4)
     4    0.025922    0.078673    0.111188   12.853708 v _19972_/Y (sky130_fd_sc_hd__o21ai_4)
                                                         _03298_ (net)
                      0.078675    0.000520   12.854229 v _19980_/A3 (sky130_fd_sc_hd__a31o_1)
     3    0.007503    0.058137    0.248025   13.102254 v _19980_/X (sky130_fd_sc_hd__a31o_1)
                                                         _03306_ (net)
                      0.058137    0.000032   13.102285 v _19986_/A2 (sky130_fd_sc_hd__a31o_1)
     2    0.008105    0.060639    0.231980   13.334266 v _19986_/X (sky130_fd_sc_hd__a31o_1)
                                                         _03312_ (net)
                      0.060639    0.000034   13.334299 v _20028_/A3 (sky130_fd_sc_hd__a32o_2)
     1    0.017310    0.072046    0.306502   13.640801 v _20028_/X (sky130_fd_sc_hd__a32o_2)
                                                         _03354_ (net)
                      0.072046    0.000095   13.640897 v _20031_/A (sky130_fd_sc_hd__xnor2_4)
     2    0.032200    0.280566    0.289228   13.930125 ^ _20031_/Y (sky130_fd_sc_hd__xnor2_4)
                                                         _03357_ (net)
                      0.280584    0.001752   13.931877 ^ _20032_/B (sky130_fd_sc_hd__xor2_1)
     1    0.005530    0.159337    0.208864   14.140741 ^ _20032_/X (sky130_fd_sc_hd__xor2_1)
                                                         _03358_ (net)
                      0.159337    0.000061   14.140802 ^ wire238/A (sky130_fd_sc_hd__buf_4)
     3    0.049429    0.141919    0.221835   14.362638 ^ wire238/X (sky130_fd_sc_hd__buf_4)
                                                         net238 (net)
                      0.142055    0.002792   14.365430 ^ _20036_/B (sky130_fd_sc_hd__xnor2_4)
     3    0.023696    0.089137    0.110945   14.476376 v _20036_/Y (sky130_fd_sc_hd__xnor2_4)
                                                         _03362_ (net)
                      0.089137    0.000033   14.476408 v _20039_/A (sky130_fd_sc_hd__or2_1)
     2    0.006205    0.063515    0.257338   14.733747 v _20039_/X (sky130_fd_sc_hd__or2_1)
                                                         _03365_ (net)
                      0.063515    0.000048   14.733794 v _20040_/C1 (sky130_fd_sc_hd__a2111o_1)
     2    0.013810    0.111492    0.410462   15.144256 v _20040_/X (sky130_fd_sc_hd__a2111o_1)
                                                         _03366_ (net)
                      0.111492    0.000448   15.144704 v _20111_/A1 (sky130_fd_sc_hd__a2111o_2)
     3    0.016628    0.099867    0.492291   15.636994 v _20111_/X (sky130_fd_sc_hd__a2111o_2)
                                                         _03437_ (net)
                      0.099867    0.000295   15.637289 v _20135_/A2 (sky130_fd_sc_hd__a211oi_4)
     3    0.023508    0.330979    0.380410   16.017700 ^ _20135_/Y (sky130_fd_sc_hd__a211oi_4)
                                                         _03461_ (net)
                      0.330979    0.000739   16.018438 ^ _20164_/A1 (sky130_fd_sc_hd__a21o_4)
     3    0.042929    0.126022    0.246372   16.264811 ^ _20164_/X (sky130_fd_sc_hd__a21o_4)
                                                         _03490_ (net)
                      0.126268    0.003810   16.268621 ^ _20197_/A1 (sky130_fd_sc_hd__a21o_2)
     3    0.030991    0.159345    0.233735   16.502356 ^ _20197_/X (sky130_fd_sc_hd__a21o_2)
                                                         _03523_ (net)
                      0.159345    0.000290   16.502645 ^ _20198_/A3 (sky130_fd_sc_hd__a31oi_4)
     3    0.030172    0.155871    0.162032   16.664677 v _20198_/Y (sky130_fd_sc_hd__a31oi_4)
                                                         _03524_ (net)
                      0.155879    0.000988   16.665665 v _20483_/A1 (sky130_fd_sc_hd__o311a_2)
     2    0.017975    0.091223    0.484137   17.149801 v _20483_/X (sky130_fd_sc_hd__o311a_2)
                                                         _03809_ (net)
                      0.091223    0.000064   17.149866 v _20484_/A2 (sky130_fd_sc_hd__o21ai_1)
     1    0.010659    0.232293    0.231422   17.381289 ^ _20484_/Y (sky130_fd_sc_hd__o21ai_1)
                                                         _03810_ (net)
                      0.232293    0.000094   17.381382 ^ _20486_/A (sky130_fd_sc_hd__xnor2_2)
     2    0.014409    0.234243    0.181549   17.562931 ^ _20486_/Y (sky130_fd_sc_hd__xnor2_2)
                                                         _03812_ (net)
                      0.234243    0.000012   17.562944 ^ _20487_/B (sky130_fd_sc_hd__xor2_1)
     1    0.010324    0.244944    0.267642   17.830585 ^ _20487_/X (sky130_fd_sc_hd__xor2_1)
                                                         _03813_ (net)
                      0.244945    0.000338   17.830923 ^ wire192/A (sky130_fd_sc_hd__buf_4)
     4    0.049462    0.142508    0.244921   18.075844 ^ wire192/X (sky130_fd_sc_hd__buf_4)
                                                         net192 (net)
                      0.142674    0.003247   18.079090 ^ _20489_/B (sky130_fd_sc_hd__xor2_4)
     3    0.023086    0.211009    0.235364   18.314455 ^ _20489_/X (sky130_fd_sc_hd__xor2_4)
                                                         _03815_ (net)
                      0.211009    0.000023   18.314478 ^ _20502_/B (sky130_fd_sc_hd__and3b_1)
     1    0.002648    0.052057    0.183904   18.498383 ^ _20502_/X (sky130_fd_sc_hd__and3b_1)
                                                         _03828_ (net)
                      0.052057    0.000002   18.498384 ^ _20503_/A3 (sky130_fd_sc_hd__a31o_2)
     4    0.020382    0.127347    0.218886   18.717270 ^ _20503_/X (sky130_fd_sc_hd__a31o_2)
                                                         _03829_ (net)
                      0.127350    0.000894   18.718164 ^ _20506_/A3 (sky130_fd_sc_hd__a31o_4)
     4    0.051292    0.168697    0.266294   18.984457 ^ _20506_/X (sky130_fd_sc_hd__a31o_4)
                                                         _03832_ (net)
                      0.169054    0.006287   18.990744 ^ _20526_/D_N (sky130_fd_sc_hd__or4b_2)
     3    0.010514    0.130255    0.653092   19.643835 v _20526_/X (sky130_fd_sc_hd__or4b_2)
                                                         _03852_ (net)
                      0.130255    0.000069   19.643906 v _20536_/A1 (sky130_fd_sc_hd__a2111o_1)
     2    0.007440    0.083361    0.418771   20.062675 v _20536_/X (sky130_fd_sc_hd__a2111o_1)
                                                         _03862_ (net)
                      0.083361    0.000034   20.062710 v _20537_/A2 (sky130_fd_sc_hd__a21oi_2)
     2    0.013259    0.191240    0.218554   20.281263 ^ _20537_/Y (sky130_fd_sc_hd__a21oi_2)
                                                         _03863_ (net)
                      0.191240    0.000037   20.281301 ^ _20538_/B1 (sky130_fd_sc_hd__a21o_1)
     1    0.017758    0.162536    0.196218   20.477518 ^ _20538_/X (sky130_fd_sc_hd__a21o_1)
                                                         _03864_ (net)
                      0.162536    0.000032   20.477551 ^ _20541_/A (sky130_fd_sc_hd__xnor2_4)
     2    0.033784    0.115115    0.145826   20.623377 v _20541_/Y (sky130_fd_sc_hd__xnor2_4)
                                                         _03867_ (net)
                      0.115147    0.001494   20.624872 v _20542_/B (sky130_fd_sc_hd__xnor2_4)
     4    0.043295    0.352003    0.331678   20.956549 ^ _20542_/Y (sky130_fd_sc_hd__xnor2_4)
                                                         _03868_ (net)
                      0.352075    0.004022   20.960571 ^ _20543_/A_N (sky130_fd_sc_hd__and2b_1)
     4    0.014013    0.080181    0.275035   21.235605 v _20543_/X (sky130_fd_sc_hd__and2b_1)
                                                         _03869_ (net)
                      0.080181    0.000025   21.235630 v _20627_/B (sky130_fd_sc_hd__or4b_1)
     1    0.004812    0.095286    0.524418   21.760048 v _20627_/X (sky130_fd_sc_hd__or4b_1)
                                                         _03953_ (net)
                      0.095286    0.000053   21.760101 v _20628_/D1 (sky130_fd_sc_hd__a2111o_1)
     3    0.012921    0.107077    0.359499   22.119600 v _20628_/X (sky130_fd_sc_hd__a2111o_1)
                                                         _03954_ (net)
                      0.107077    0.000258   22.119858 v _20633_/A2 (sky130_fd_sc_hd__a2111o_2)
     2    0.021477    0.111626    0.553916   22.673775 v _20633_/X (sky130_fd_sc_hd__a2111o_2)
                                                         _03959_ (net)
                      0.111643    0.001496   22.675270 v _20634_/A2 (sky130_fd_sc_hd__a21o_2)
     5    0.021524    0.076113    0.283055   22.958326 v _20634_/X (sky130_fd_sc_hd__a21o_2)
                                                         _03960_ (net)
                      0.076113    0.000030   22.958355 v _20636_/A (sky130_fd_sc_hd__and2_1)
     2    0.009904    0.063993    0.177305   23.135662 v _20636_/X (sky130_fd_sc_hd__and2_1)
                                                         _03962_ (net)
                      0.063993    0.000096   23.135757 v _20637_/B (sky130_fd_sc_hd__xnor2_1)
     4    0.010849    0.281774    0.255278   23.391035 ^ _20637_/Y (sky130_fd_sc_hd__xnor2_1)
                                                         _03963_ (net)
                      0.281774    0.000043   23.391079 ^ _23241_/B (sky130_fd_sc_hd__nand2_1)
     3    0.008464    0.099321    0.138398   23.529476 v _23241_/Y (sky130_fd_sc_hd__nand2_1)
                                                         _06343_ (net)
                      0.099321    0.000007   23.529484 v _23250_/A (sky130_fd_sc_hd__or3_1)
     1    0.002399    0.063552    0.374708   23.904192 v _23250_/X (sky130_fd_sc_hd__or3_1)
                                                         _06351_ (net)
                      0.063552    0.000004   23.904196 v _23258_/A2 (sky130_fd_sc_hd__a21boi_1)
     3    0.010799    0.250230    0.252884   24.157080 ^ _23258_/Y (sky130_fd_sc_hd__a21boi_1)
                                                         _06358_ (net)
                      0.250230    0.000108   24.157187 ^ _23265_/A2 (sky130_fd_sc_hd__o21ai_2)
     3    0.016128    0.090591    0.127619   24.284805 v _23265_/Y (sky130_fd_sc_hd__o21ai_2)
                                                         _06364_ (net)
                      0.090591    0.000062   24.284868 v _23304_/A2 (sky130_fd_sc_hd__a2111o_4)
     2    0.035767    0.114264    0.570461   24.855330 v _23304_/X (sky130_fd_sc_hd__a2111o_4)
                                                         _06398_ (net)
                      0.114429    0.004288   24.859617 v _23371_/A2 (sky130_fd_sc_hd__a21oi_1)
     2    0.004575    0.140972    0.188173   25.047791 ^ _23371_/Y (sky130_fd_sc_hd__a21oi_1)
                                                         _06457_ (net)
                      0.140972    0.000009   25.047800 ^ _23380_/A1 (sky130_fd_sc_hd__o21ba_2)
     6    0.029549    0.177740    0.265048   25.312847 ^ _23380_/X (sky130_fd_sc_hd__o21ba_2)
                                                         _06466_ (net)
                      0.177740    0.000327   25.313175 ^ _23450_/A1 (sky130_fd_sc_hd__a31oi_4)
     3    0.044081    0.182855    0.198483   25.511658 v _23450_/Y (sky130_fd_sc_hd__a31oi_4)
                                                         _06528_ (net)
                      0.183219    0.006352   25.518009 v _23483_/A1 (sky130_fd_sc_hd__o21bai_2)
     3    0.015500    0.219102    0.270173   25.788183 ^ _23483_/Y (sky130_fd_sc_hd__o21bai_2)
                                                         _06557_ (net)
                      0.219102    0.000064   25.788246 ^ _23498_/A1 (sky130_fd_sc_hd__a211oi_1)
     1    0.002329    0.074320    0.102029   25.890276 v _23498_/Y (sky130_fd_sc_hd__a211oi_1)
                                                         _06570_ (net)
                      0.074320    0.000002   25.890278 v _23499_/B1 (sky130_fd_sc_hd__a21oi_1)
     2    0.008497    0.217192    0.201828   26.092106 ^ _23499_/Y (sky130_fd_sc_hd__a21oi_1)
                                                         _06571_ (net)
                      0.217192    0.000043   26.092148 ^ _23500_/B (sky130_fd_sc_hd__xnor2_1)
     3    0.008548    0.095780    0.132685   26.224833 v _23500_/Y (sky130_fd_sc_hd__xnor2_1)
                                                         _06572_ (net)
                      0.095780    0.000018   26.224850 v _24209_/A2 (sky130_fd_sc_hd__a21o_1)
     1    0.002774    0.034032    0.190632   26.415482 v _24209_/X (sky130_fd_sc_hd__a21o_1)
                                                         _07050_ (net)
                      0.034032    0.000009   26.415491 v _24210_/B2 (sky130_fd_sc_hd__o22a_1)
     1    0.002428    0.040521    0.144727   26.560219 v _24210_/X (sky130_fd_sc_hd__o22a_1)
                                                         _07051_ (net)
                      0.040521    0.000007   26.560225 v _24211_/A1 (sky130_fd_sc_hd__mux2_1)
     1    0.002270    0.053691    0.281284   26.841509 v _24211_/X (sky130_fd_sc_hd__mux2_1)
                                                         _00658_ (net)
                      0.053691    0.000004   26.841513 v _31895_/D (sky130_fd_sc_hd__dfrtp_4)
                                             26.841513   data arrival time

                                 20.000000   20.000000   clock clk (rise edge)
                                  0.000000   20.000000   clock source latency
     1    0.071364    0.323119    0.232202   20.232203 ^ clk (in)
                                                         clk (net)
                      0.323987    0.000000   20.232203 ^ clkbuf_0_clk/A (sky130_fd_sc_hd__clkbuf_16)
     4    0.091621    0.110725    0.263695   20.495897 ^ clkbuf_0_clk/X (sky130_fd_sc_hd__clkbuf_16)
                                                         clknet_0_clk (net)
                      0.111052    0.004283   20.500179 ^ clkbuf_2_1_0_clk/A (sky130_fd_sc_hd__clkbuf_8)
     8    0.123998    0.216155    0.278639   20.778820 ^ clkbuf_2_1_0_clk/X (sky130_fd_sc_hd__clkbuf_8)
                                                         clknet_2_1_0_clk (net)
                      0.216173    0.001691   20.780510 ^ clkbuf_5_9__f_clk/A (sky130_fd_sc_hd__clkbuf_16)
    11    0.082984    0.100708    0.231106   21.011616 ^ clkbuf_5_9__f_clk/X (sky130_fd_sc_hd__clkbuf_16)
                                                         clknet_5_9__leaf_clk (net)
                      0.100708    0.000140   21.011757 ^ clkbuf_leaf_308_clk/A (sky130_fd_sc_hd__clkbuf_8)
    11    0.031817    0.069156    0.167505   21.179262 ^ clkbuf_leaf_308_clk/X (sky130_fd_sc_hd__clkbuf_8)
                                                         clknet_leaf_308_clk (net)
                      0.069156    0.000053   21.179316 ^ _31895_/CLK (sky130_fd_sc_hd__dfrtp_4)
                                 -0.250000   20.929316   clock uncertainty
                                  0.000000   20.929316   clock reconvergence pessimism
                                 -0.112533   20.816784   library setup time
                                             20.816784   data required time
---------------------------------------------------------------------------------------------
                                             20.816784   data required time
                                            -26.841513   data arrival time
---------------------------------------------------------------------------------------------
                                             -6.024729   slack (VIOLATED)




===========================================================================
 report_check_types -max_slew -max_cap -max_fanout -violators
============================================================================
======================= nom_tt_025C_1v80 Corner ===================================

max fanout

Pin                                   Limit Fanout  Slack
---------------------------------------------------------
clkbuf_leaf_332_clk/X                    10     20    -10 (VIOLATED)
clkbuf_leaf_66_clk/X                     10     20    -10 (VIOLATED)
clkbuf_5_4__f_clk/X                      10     19     -9 (VIOLATED)
clkbuf_5_17__f_clk/X                     10     18     -8 (VIOLATED)
clkbuf_5_22__f_clk/X                     10     18     -8 (VIOLATED)
clkbuf_leaf_362_clk/X                    10     18     -8 (VIOLATED)
clkbuf_leaf_364_clk/X                    10     18     -8 (VIOLATED)
clkbuf_leaf_113_clk/X                    10     17     -7 (VIOLATED)
clkbuf_leaf_124_clk/X                    10     17     -7 (VIOLATED)
clkbuf_5_16__f_clk/X                     10     16     -6 (VIOLATED)
clkbuf_5_26__f_clk/X                     10     16     -6 (VIOLATED)
clkbuf_leaf_260_clk/X                    10     16     -6 (VIOLATED)
clkbuf_leaf_363_clk/X                    10     16     -6 (VIOLATED)
clkbuf_leaf_86_clk/X                     10     16     -6 (VIOLATED)
clkbuf_5_0__f_clk/X                      10     15     -5 (VIOLATED)
clkbuf_5_27__f_clk/X                     10     15     -5 (VIOLATED)
clkbuf_5_29__f_clk/X                     10     15     -5 (VIOLATED)
clkbuf_leaf_10_clk/X                     10     15     -5 (VIOLATED)
clkbuf_leaf_114_clk/X                    10     15     -5 (VIOLATED)
clkbuf_leaf_11_clk/X                     10     15     -5 (VIOLATED)
clkbuf_leaf_27_clk/X                     10     15     -5 (VIOLATED)
clkbuf_leaf_291_clk/X                    10     15     -5 (VIOLATED)
clkbuf_leaf_331_clk/X                    10     15     -5 (VIOLATED)
clkbuf_leaf_359_clk/X                    10     15     -5 (VIOLATED)
clkbuf_leaf_360_clk/X                    10     15     -5 (VIOLATED)
clkbuf_leaf_63_clk/X                     10     15     -5 (VIOLATED)
clkbuf_leaf_65_clk/X                     10     15     -5 (VIOLATED)
clkbuf_leaf_8_clk/X                      10     15     -5 (VIOLATED)
clkbuf_leaf_90_clk/X                     10     15     -5 (VIOLATED)
clkbuf_5_14__f_clk/X                     10     14     -4 (VIOLATED)
clkbuf_5_15__f_clk/X                     10     14     -4 (VIOLATED)
clkbuf_5_19__f_clk/X                     10     14     -4 (VIOLATED)
clkbuf_5_23__f_clk/X                     10     14     -4 (VIOLATED)
clkbuf_5_5__f_clk/X                      10     14     -4 (VIOLATED)
clkbuf_leaf_122_clk/X                    10     14     -4 (VIOLATED)
clkbuf_leaf_19_clk/X                     10     14     -4 (VIOLATED)
clkbuf_leaf_204_clk/X                    10     14     -4 (VIOLATED)
clkbuf_leaf_243_clk/X                    10     14     -4 (VIOLATED)
clkbuf_leaf_258_clk/X                    10     14     -4 (VIOLATED)
clkbuf_leaf_270_clk/X                    10     14     -4 (VIOLATED)
clkbuf_leaf_292_clk/X                    10     14     -4 (VIOLATED)
clkbuf_leaf_325_clk/X                    10     14     -4 (VIOLATED)
clkbuf_leaf_327_clk/X                    10     14     -4 (VIOLATED)
clkbuf_leaf_339_clk/X                    10     14     -4 (VIOLATED)
clkbuf_leaf_46_clk/X                     10     14     -4 (VIOLATED)
clkbuf_leaf_87_clk/X                     10     14     -4 (VIOLATED)
clkbuf_leaf_89_clk/X                     10     14     -4 (VIOLATED)
clkbuf_leaf_94_clk/X                     10     14     -4 (VIOLATED)
clkbuf_5_12__f_clk/X                     10     13     -3 (VIOLATED)
clkbuf_5_21__f_clk/X                     10     13     -3 (VIOLATED)
clkbuf_5_25__f_clk/X                     10     13     -3 (VIOLATED)
clkbuf_5_2__f_clk/X                      10     13     -3 (VIOLATED)
clkbuf_5_3__f_clk/X                      10     13     -3 (VIOLATED)
clkbuf_5_6__f_clk/X                      10     13     -3 (VIOLATED)
clkbuf_leaf_107_clk/X                    10     13     -3 (VIOLATED)
clkbuf_leaf_121_clk/X                    10     13     -3 (VIOLATED)
clkbuf_leaf_147_clk/X                    10     13     -3 (VIOLATED)
clkbuf_leaf_148_clk/X                    10     13     -3 (VIOLATED)
clkbuf_leaf_153_clk/X                    10     13     -3 (VIOLATED)
clkbuf_leaf_155_clk/X                    10     13     -3 (VIOLATED)
clkbuf_leaf_156_clk/X                    10     13     -3 (VIOLATED)
clkbuf_leaf_160_clk/X                    10     13     -3 (VIOLATED)
clkbuf_leaf_166_clk/X                    10     13     -3 (VIOLATED)
clkbuf_leaf_179_clk/X                    10     13     -3 (VIOLATED)
clkbuf_leaf_20_clk/X                     10     13     -3 (VIOLATED)
clkbuf_leaf_219_clk/X                    10     13     -3 (VIOLATED)
clkbuf_leaf_249_clk/X                    10     13     -3 (VIOLATED)
clkbuf_leaf_264_clk/X                    10     13     -3 (VIOLATED)
clkbuf_leaf_265_clk/X                    10     13     -3 (VIOLATED)
clkbuf_leaf_271_clk/X                    10     13     -3 (VIOLATED)
clkbuf_leaf_272_clk/X                    10     13     -3 (VIOLATED)
clkbuf_leaf_280_clk/X                    10     13     -3 (VIOLATED)
clkbuf_leaf_286_clk/X                    10     13     -3 (VIOLATED)
clkbuf_leaf_299_clk/X                    10     13     -3 (VIOLATED)
clkbuf_leaf_301_clk/X                    10     13     -3 (VIOLATED)
clkbuf_leaf_324_clk/X                    10     13     -3 (VIOLATED)
clkbuf_leaf_338_clk/X                    10     13     -3 (VIOLATED)
clkbuf_leaf_348_clk/X                    10     13     -3 (VIOLATED)
clkbuf_leaf_361_clk/X                    10     13     -3 (VIOLATED)
clkbuf_leaf_366_clk/X                    10     13     -3 (VIOLATED)
clkbuf_leaf_367_clk/X                    10     13     -3 (VIOLATED)
clkbuf_leaf_3_clk/X                      10     13     -3 (VIOLATED)
clkbuf_leaf_4_clk/X                      10     13     -3 (VIOLATED)
clkbuf_leaf_91_clk/X                     10     13     -3 (VIOLATED)
clkbuf_5_1__f_clk/X                      10     12     -2 (VIOLATED)
clkbuf_5_20__f_clk/X                     10     12     -2 (VIOLATED)
clkbuf_leaf_100_clk/X                    10     12     -2 (VIOLATED)
clkbuf_leaf_103_clk/X                    10     12     -2 (VIOLATED)
clkbuf_leaf_112_clk/X                    10     12     -2 (VIOLATED)
clkbuf_leaf_125_clk/X                    10     12     -2 (VIOLATED)
clkbuf_leaf_12_clk/X                     10     12     -2 (VIOLATED)
clkbuf_leaf_13_clk/X                     10     12     -2 (VIOLATED)
clkbuf_leaf_164_clk/X                    10     12     -2 (VIOLATED)
clkbuf_leaf_167_clk/X                    10     12     -2 (VIOLATED)
clkbuf_leaf_168_clk/X                    10     12     -2 (VIOLATED)
clkbuf_leaf_176_clk/X                    10     12     -2 (VIOLATED)
clkbuf_leaf_177_clk/X                    10     12     -2 (VIOLATED)
clkbuf_leaf_178_clk/X                    10     12     -2 (VIOLATED)
clkbuf_leaf_187_clk/X                    10     12     -2 (VIOLATED)
clkbuf_leaf_191_clk/X                    10     12     -2 (VIOLATED)
clkbuf_leaf_198_clk/X                    10     12     -2 (VIOLATED)
clkbuf_leaf_205_clk/X                    10     12     -2 (VIOLATED)
clkbuf_leaf_210_clk/X                    10     12     -2 (VIOLATED)
clkbuf_leaf_211_clk/X                    10     12     -2 (VIOLATED)
clkbuf_leaf_250_clk/X                    10     12     -2 (VIOLATED)
clkbuf_leaf_329_clk/X                    10     12     -2 (VIOLATED)
clkbuf_leaf_337_clk/X                    10     12     -2 (VIOLATED)
clkbuf_leaf_344_clk/X                    10     12     -2 (VIOLATED)
clkbuf_leaf_351_clk/X                    10     12     -2 (VIOLATED)
clkbuf_leaf_352_clk/X                    10     12     -2 (VIOLATED)
clkbuf_leaf_53_clk/X                     10     12     -2 (VIOLATED)
clkbuf_leaf_57_clk/X                     10     12     -2 (VIOLATED)
clkbuf_leaf_5_clk/X                      10     12     -2 (VIOLATED)
clkbuf_leaf_67_clk/X                     10     12     -2 (VIOLATED)
clkbuf_leaf_68_clk/X                     10     12     -2 (VIOLATED)
clkbuf_leaf_6_clk/X                      10     12     -2 (VIOLATED)
clkbuf_leaf_82_clk/X                     10     12     -2 (VIOLATED)
clkbuf_leaf_88_clk/X                     10     12     -2 (VIOLATED)
clkbuf_leaf_93_clk/X                     10     12     -2 (VIOLATED)
clkbuf_leaf_96_clk/X                     10     12     -2 (VIOLATED)
clkbuf_5_28__f_clk/X                     10     11        (VIOLATED)
clkbuf_5_9__f_clk/X                      10     11        (VIOLATED)
clkbuf_leaf_0_clk/X                      10     11        (VIOLATED)
clkbuf_leaf_101_clk/X                    10     11        (VIOLATED)
clkbuf_leaf_102_clk/X                    10     11        (VIOLATED)
clkbuf_leaf_105_clk/X                    10     11        (VIOLATED)
clkbuf_leaf_117_clk/X                    10     11        (VIOLATED)
clkbuf_leaf_123_clk/X                    10     11        (VIOLATED)
clkbuf_leaf_212_clk/X                    10     11        (VIOLATED)
clkbuf_leaf_236_clk/X                    10     11        (VIOLATED)
clkbuf_leaf_245_clk/X                    10     11        (VIOLATED)
clkbuf_leaf_248_clk/X                    10     11        (VIOLATED)
clkbuf_leaf_256_clk/X                    10     11        (VIOLATED)
clkbuf_leaf_266_clk/X                    10     11        (VIOLATED)
clkbuf_leaf_278_clk/X                    10     11        (VIOLATED)
clkbuf_leaf_284_clk/X                    10     11        (VIOLATED)
clkbuf_leaf_285_clk/X                    10     11        (VIOLATED)
clkbuf_leaf_297_clk/X                    10     11        (VIOLATED)
clkbuf_leaf_2_clk/X                      10     11        (VIOLATED)
clkbuf_leaf_300_clk/X                    10     11        (VIOLATED)
clkbuf_leaf_308_clk/X                    10     11        (VIOLATED)
clkbuf_leaf_326_clk/X                    10     11        (VIOLATED)
clkbuf_leaf_341_clk/X                    10     11        (VIOLATED)
clkbuf_leaf_347_clk/X                    10     11        (VIOLATED)
clkbuf_leaf_349_clk/X                    10     11        (VIOLATED)
clkbuf_leaf_354_clk/X                    10     11        (VIOLATED)
clkbuf_leaf_355_clk/X                    10     11        (VIOLATED)
clkbuf_leaf_365_clk/X                    10     11        (VIOLATED)
clkbuf_leaf_43_clk/X                     10     11        (VIOLATED)
clkbuf_leaf_44_clk/X                     10     11        (VIOLATED)
clkbuf_leaf_47_clk/X                     10     11        (VIOLATED)
clkbuf_leaf_51_clk/X                     10     11        (VIOLATED)
clkbuf_leaf_52_clk/X                     10     11        (VIOLATED)
clkbuf_leaf_54_clk/X                     10     11        (VIOLATED)
clkbuf_leaf_58_clk/X                     10     11        (VIOLATED)
clkbuf_leaf_60_clk/X                     10     11        (VIOLATED)
clkbuf_leaf_62_clk/X                     10     11        (VIOLATED)
clkbuf_leaf_64_clk/X                     10     11        (VIOLATED)
clkbuf_leaf_7_clk/X                      10     11        (VIOLATED)
clkbuf_leaf_85_clk/X                     10     11        (VIOLATED)
clkbuf_leaf_95_clk/X                     10     11        (VIOLATED)



===========================================================================
report_parasitic_annotation -report_unannotated
============================================================================
Found 347 unannotated drivers.
 clkload0/Y
 clkload1/Y
 clkload10/Y
 clkload100/Y
 clkload101/X
 clkload102/Y
 clkload103/Y
 clkload104/Y
 clkload105/Y
 clkload106/Y
 clkload107/Y
 clkload108/Y
 clkload109/Y
 clkload11/Y
 clkload110/Y
 clkload111/Y
 clkload112/Y
 clkload113/X
 clkload114/Y
 clkload115/Y
 clkload116/Y
 clkload117/X
 clkload118/Y
 clkload119/Y
 clkload12/Y
 clkload120/Y
 clkload121/Y
 clkload122/Y
 clkload123/X
 clkload124/Y
 clkload125/Y
 clkload126/Y
 clkload127/Y
 clkload128/Y
 clkload129/Y
 clkload13/X
 clkload130/Y
 clkload131/Y
 clkload132/Y
 clkload133/X
 clkload134/X
 clkload135/X
 clkload136/X
 clkload137/Y
 clkload138/Y
 clkload139/Y
 clkload14/Y
 clkload140/Y
 clkload141/Y
 clkload142/Y
 clkload143/Y
 clkload144/Y
 clkload145/Y
 clkload146/Y
 clkload147/Y
 clkload148/Y
 clkload149/Y
 clkload15/X
 clkload150/Y
 clkload151/Y
 clkload152/Y
 clkload153/Y
 clkload154/Y
 clkload155/Y
 clkload156/Y
 clkload157/Y
 clkload158/Y
 clkload159/Y
 clkload16/Y
 clkload160/Y
 clkload161/X
 clkload162/Y
 clkload163/Y
 clkload164/Y
 clkload165/X
 clkload166/X
 clkload167/Y
 clkload168/Y
 clkload169/Y
 clkload17/Y
 clkload170/Y
 clkload171/Y
 clkload172/X
 clkload173/Y
 clkload174/Y
 clkload175/Y
 clkload176/Y
 clkload177/Y
 clkload178/X
 clkload179/Y
 clkload18/Y
 clkload180/Y
 clkload181/Y
 clkload182/Y
 clkload183/Y
 clkload184/Y
 clkload185/Y
 clkload186/Y
 clkload187/Y
 clkload188/Y
 clkload189/Y
 clkload19/Y
 clkload190/Y
 clkload191/Y
 clkload192/Y
 clkload193/Y
 clkload194/Y
 clkload195/Y
 clkload196/Y
 clkload197/Y
 clkload198/Y
 clkload199/Y
 clkload2/Y
 clkload20/Y
 clkload200/Y
 clkload201/Y
 clkload202/Y
 clkload203/Y
 clkload204/Y
 clkload205/Y
 clkload206/Y
 clkload207/Y
 clkload208/Y
 clkload209/X
 clkload21/Y
 clkload210/X
 clkload211/Y
 clkload212/Y
 clkload213/X
 clkload214/Y
 clkload215/Y
 clkload216/Y
 clkload217/Y
 clkload218/Y
 clkload219/Y
 clkload22/Y
 clkload220/Y
 clkload221/Y
 clkload222/X
 clkload223/X
 clkload224/Y
 clkload225/Y
 clkload226/Y
 clkload227/X
 clkload228/Y
 clkload229/Y
 clkload23/X
 clkload230/Y
 clkload231/Y
 clkload232/X
 clkload233/Y
 clkload234/X
 clkload235/Y
 clkload236/Y
 clkload237/Y
 clkload238/Y
 clkload239/Y
 clkload24/Y
 clkload240/Y
 clkload241/Y
 clkload242/Y
 clkload243/Y
 clkload244/X
 clkload245/X
 clkload246/Y
 clkload247/Y
 clkload248/Y
 clkload249/Y
 clkload25/Y
 clkload250/Y
 clkload251/Y
 clkload252/Y
 clkload253/Y
 clkload254/Y
 clkload255/Y
 clkload256/Y
 clkload257/X
 clkload258/Y
 clkload259/Y
 clkload26/Y
 clkload260/Y
 clkload261/Y
 clkload262/Y
 clkload263/Y
 clkload264/Y
 clkload265/Y
 clkload266/Y
 clkload267/Y
 clkload268/Y
 clkload269/Y
 clkload27/Y
 clkload270/X
 clkload271/Y
 clkload272/Y
 clkload273/Y
 clkload274/X
 clkload275/Y
 clkload276/Y
 clkload277/Y
 clkload278/X
 clkload279/Y
 clkload28/Y
 clkload280/Y
 clkload281/Y
 clkload282/X
 clkload283/Y
 clkload284/Y
 clkload285/Y
 clkload286/X
 clkload287/X
 clkload288/Y
 clkload289/Y
 clkload29/Y
 clkload290/Y
 clkload291/Y
 clkload292/Y
 clkload293/Y
 clkload294/Y
 clkload295/Y
 clkload296/Y
 clkload297/Y
 clkload298/Y
 clkload299/Y
 clkload3/Y
 clkload30/Y
 clkload300/Y
 clkload301/Y
 clkload302/Y
 clkload303/Y
 clkload304/Y
 clkload305/Y
 clkload306/Y
 clkload307/Y
 clkload308/Y
 clkload309/Y
 clkload31/Y
 clkload310/Y
 clkload311/Y
 clkload312/Y
 clkload313/Y
 clkload314/X
 clkload315/Y
 clkload316/Y
 clkload317/X
 clkload318/Y
 clkload319/X
 clkload32/X
 clkload320/X
 clkload321/X
 clkload322/Y
 clkload323/Y
 clkload324/Y
 clkload325/Y
 clkload326/Y
 clkload327/X
 clkload328/X
 clkload329/X
 clkload33/X
 clkload330/Y
 clkload331/Y
 clkload332/Y
 clkload333/Y
 clkload334/Y
 clkload335/Y
 clkload336/X
 clkload337/X
 clkload338/Y
 clkload339/Y
 clkload34/Y
 clkload340/Y
 clkload341/Y
 clkload342/Y
 clkload343/Y
 clkload344/Y
 clkload345/Y
 clkload346/Y
 clkload35/Y
 clkload36/Y
 clkload37/Y
 clkload38/Y
 clkload39/Y
 clkload4/Y
 clkload40/Y
 clkload41/Y
 clkload42/Y
 clkload43/Y
 clkload44/Y
 clkload45/Y
 clkload46/X
 clkload47/Y
 clkload48/X
 clkload49/Y
 clkload5/Y
 clkload50/Y
 clkload51/Y
 clkload52/Y
 clkload53/Y
 clkload54/Y
 clkload55/X
 clkload56/Y
 clkload57/Y
 clkload58/Y
 clkload59/Y
 clkload6/Y
 clkload60/X
 clkload61/Y
 clkload62/Y
 clkload63/Y
 clkload64/Y
 clkload65/Y
 clkload66/Y
 clkload67/Y
 clkload68/Y
 clkload69/Y
 clkload7/Y
 clkload70/Y
 clkload71/Y
 clkload72/Y
 clkload73/Y
 clkload74/Y
 clkload75/Y
 clkload76/Y
 clkload77/Y
 clkload78/X
 clkload79/X
 clkload8/Y
 clkload80/Y
 clkload81/Y
 clkload82/Y
 clkload83/Y
 clkload84/Y
 clkload85/Y
 clkload86/Y
 clkload87/Y
 clkload88/Y
 clkload89/Y
 clkload9/Y
 clkload90/Y
 clkload91/Y
 clkload92/Y
 clkload93/Y
 clkload94/X
 clkload95/Y
 clkload96/Y
 clkload97/Y
 clkload98/Y
 clkload99/Y
Found 0 partially unannotated drivers.

===========================================================================
max slew violation count 0
Writing metric design__max_slew_violation__count__corner:nom_tt_025C_1v80: 0
max fanout violation count 161
Writing metric design__max_fanout_violation__count__corner:nom_tt_025C_1v80: 161
max cap violation count 0
Writing metric design__max_cap_violation__count__corner:nom_tt_025C_1v80: 0
============================================================================

===========================================================================
check_setup -verbose -unconstrained_endpoints -multiple_clock -no_clock -no_input_delay -loops -generated_clocks
===========================================================================
