
===========================================================================
 report_power
============================================================================
======================= nom_tt_025C_1v80 Corner ===================================

Group                    Internal    Switching      Leakage        Total
                            Power        Power        Power        Power (Watts)
------------------------------------------------------------------------
Sequential           2.308275e-02 3.276390e-03 3.415910e-08 2.635917e-02   0.4%
Combinational        2.919898e+00 4.021040e+00 7.270557e-08 6.940938e+00  99.5%
Clock                2.866926e-03 2.456551e-03 6.949432e-09 5.323484e-03   0.1%
Macro                0.000000e+00 0.000000e+00 0.000000e+00 0.000000e+00   0.0%
Pad                  0.000000e+00 0.000000e+00 0.000000e+00 0.000000e+00   0.0%
------------------------------------------------------------------------
Total                2.945879e+00 4.026721e+00 1.138145e-07 6.972600e+00 100.0%
                            42.2%        57.8%         0.0%
Writing metric power__internal__total: 2.9458789825439453
Writing metric power__switching__total: 4.026721477508545
Writing metric power__leakage__total: 1.1381447251324062e-7
Writing metric power__total: 6.97260046005249

